2020-11-19 14:28:20,582:INFO:this is serial logger
2020-11-19 14:30:29,745:INFO:
U-Boot SPL 2017.09+gitAUTOINC+c0cfd0b4df-nokia-r153 (Sep 16 2020 - 02:12:22)
MPU         1200000 kHz
L3 main     400000 kHz
Main VCO    1200000 kHz
Per VCO     2000000 kHz
EOSC1       125000 kHz
HPS MMC     100 kHz
UART        100000 kHz

2020-11-19 14:30:32,747:INFO:DDR: emif_clear() failed
DDR: 2048 MiB
QSPI: Reference clock at 400000000 Hz
Stratix10 boot info:
	Last power-on reset triggered by SDM: true
	Last reset type: SDM power-on reset
	Debug reset triggered: false
	CS DAP reset triggered: false
Trying to boot from SPI
RSU current image:  0x03400000
RSU state:          0x00000000
RSU error location: 0x00000000
RSU error details:  0x00000000
RSU SSBL partition SSBL.PROD000001 at address 0x02200000.


U-Boot 2017.09+gitAUTOINC+c0cfd0b4df-nokia-r153 (Sep 16 2020 - 02:12:22 +0000)socfpga_stratix10_aeqb

CPU:   Intel FPGA SoCFPGA Platform
FPGA:  Intel FPGA Stratix 10
Model: Nokia AEQB
       Watchdog enabled
MTest: Memory test flags not setted
DRAM:  2 GiB
De-Assert EMAC0, EMAC1, EMAC2...OK
Stratix10 boot info:
	Last power-on reset triggered by SDM: true
	Last reset type: SDM power-on reset
	Debug reset triggered: false
	CS DAP reset triggered: false
	Clear reset status:0x0
MMC:   
Using default environment

In:    serial
Out:   serial
Err:   serial
Model: Nokia AEQB
Net:   
Warning: ethernet@ff800000 (eth0) using random MAC address - 1a:22:29:79:d7:5c
eth0: ethernet@ff800000
PowerOn or HW or L4WD0 reset, Reset the made
Taking peripheral out of reset ... OK
Configuring Marvell 88E1512 PHY ... OK
Configuring Ethernet Switch ... OK
SF: Detected mt25qu02g with page size 256 Bytes, erase size 64 KiB, total 256 MiB
Slot: selecting slot1
SPTs are GOOD!!!
CPBs are GOOD!!!
Autoboot in 3 seconds

2020-11-19 14:30:36,750:INFO:gpio: pin 0 (gpio 0) value is 1
SF: Detected mt25qu02g with page size 256 Bytes, erase size 64 KiB, total 256 MiB
ubi0: attaching mtd2
ubi0: scanning is finished
ubi0: attached mtd2 (name "mtd=0", size 256 MiB)
ubi0: PEB size: 65536 bytes (64 KiB), LEB size: 65408 bytes
ubi0: min./max. I/O unit sizes: 1/256, sub-page size 1
ubi0: VID header offset: 64 (aligned 64), data offset: 128
ubi0: good PEBs: 4096, bad PEBs: 0, corrupted PEBs: 0
ubi0: user volume: 2, internal volumes: 1, max. volumes count: 128
ubi0: max/mean erase counter: 3/1, WL threshold: 4096, image sequence number: 4194956838
ubi0: available PEBs: 546, total reserved PEBs: 3550, PEBs reserved for bad PEB handling: 0
Read 0 bytes from volume slot1_sw to 30000000
No size specified -> Using max size (66228788)

2020-11-19 14:31:01,761:INFO:## Copying 'fdt' subimage from FIT image at 30000000 ...
crc32+ sha1+    Loading part 253 ... OK
FDT fixup successful
## Loading kernel from FIT Image at 30000000 ...
   Using 'socfpga@0' configuration
   Trying 'kernel@0' kernel subimage
     Description:  Linux kernel
     Type:         Kernel Image
     Compression:  uncompressed
     Data Start:   0x300000e4
     Data Size:    14782976 Bytes = 14.1 MiB
     Architecture: AArch64
     OS:           Linux
     Load Address: 0x01080000
     Entry Point:  0x01080000
     Hash algo:    crc32
     Hash value:   fd5d11b7
     Hash algo:    sha1
     Hash value:   4c363572ec9584596497f151733cd901935d96d7
   Verifying Hash Integrity ... crc32+ sha1+ OK
## Loading ramdisk from FIT Image at 30000000 ...
   Using 'socfpga@0' configuration
   Trying 'rootfs@0' ramdisk subimage
     Description:  Root Filesystem CPIO archive Gzipped
     Type:         RAMDisk Image
     Compression:  uncompressed
     Data Start:   0x30e1daf8
     Data Size:    51425740 Bytes = 49 MiB
     Architecture: AArch64
     OS:           Linux
     Load Address: 0x20000000
     Entry Point:  unavailable
     Hash algo:    crc32
     Hash value:   2a5c7ca4
     Hash algo:    sha1
     Hash value:   1d102a20aaf0a0aa93c42bd48a30fa3789955f59
   Verifying Hash Integrity ... crc32+ sha1+ OK
   Loading ramdisk from 0x30e1daf8 to 0x20000000
## Flattened Device Tree blob at 08000000
   Booting using the fdt blob at 0x8000000
   Loading Kernel Image ... OK
   Loading Ramdisk to 15af4000, end 18bff1cc ... OK
   reserving fdt memory region: addr=8000000 size=9000
   Loading Device Tree to 0000000015ae8000, end 0000000015af3fff ... OK

Starting kernel ...

[    0.000000] Booting Linux on physical CPU 0x0
[    0.000000] Linux version 4.12.29-nokia-r91 (oe-user@oe-host) (gcc version 7.3.0 (GCC) ) #1 SMP PREEMPT Tue Jul 7 10:22:54 UTC 2020
[    0.000000] Boot CPU: AArch64 Processor [410fd034]
[    0.000000] Machine model: SoCFPGA Stratix 10 AEQB
[    0.000000] earlycon: uart0 at MMIO32 0x00000000ffc02000 (options '115200n8')
[    0.000000] bootconsole [uart0] enabled
[    0.000000] efi: Getting EFI parameters from FDT:
[    0.000000] efi: UEFI not found.
[    0.000000] Reserved memory: created DMA memory pool at 0x0000000000000000, size 16 MiB
[    0.000000] OF: reserved mem: initialized node svcbuffer@0, compatible id shared-dma-pool
[    0.000000] cma: Reserved 16 MiB at 0x0000000078800000
[    0.000000] psci: probing for conduit method from DT.
[    0.000000] psci: PSCIv65535.65535 detected in firmware.
[    0.000000] psci: Using standard PSCI v0.2 function IDs
[    0.000000] psci: MIGRATE_INFO_TYPE not supported.
[    0.000000] psci: SMC Calling Convention v1.0
[    0.000000] percpu: Embedded 22 pages/cpu @(____ptrval____) s52888 r8192 d29032 u90112
[    0.000000] Detected VIPT I-cache on CPU0
[    0.000000] CPU features: enabling workaround for ARM erratum 845719
[    0.000000] Built 1 zonelists in Zone order, mobility grouping on.  Total pages: 486612
[    0.000000] Kernel command line: earlyprintk earlycon syscon_enable=1 console=ttyS0,115200n8 rdinit=/sbin/init rw initrd=0x20000000,0x8000000 runningVolName=slot1_sw
[    0.000000] PID hash table entries: 4096 (order: 3, 32768 bytes)
[    0.000000] Dentry cache hash table entries: 262144 (order: 9, 2097152 bytes)
[    0.000000] Inode-cache hash table entries: 131072 (order: 8, 1048576 bytes)
[    0.000000] Memory: 1728016K/1977344K available (9724K kernel code, 1188K rwdata, 2528K rodata, 960K init, 738K bss, 232944K reserved, 16384K cma-reserved)
[    0.000000] Virtual kernel memory layout:
[    0.000000]     modules : 0xffff000000000000 - 0xffff000008000000   (   128 MB)
[    0.000000]     vmalloc : 0xffff000008000000 - 0xffff7dffbfff0000   (129022 GB)
[    0.000000]       .text : 0x(____ptrval____) - 0x(____ptrval____)   (  9728 KB)
[    0.000000]     .rodata : 0x(____ptrval____) - 0x(____ptrval____)   (  2560 KB)
[    0.000000]       .init : 0x(____ptrval____) - 0x(____ptrval____)   (   960 KB)
[    0.000000]       .data : 0x(____ptrval____) - 0x(____ptrval____)   (  1189 KB)
[    0.000000]        .bss : 0x(____ptrval____) - 0x(____ptrval____)   (   739 KB)
[    0.000000]     fixed   : 0xffff7dfffe7fb000 - 0xffff7dfffec00000   (  4116 KB)
[    0.000000]     PCI I/O : 0xffff7dfffee00000 - 0xffff7dffffe00000   (    16 MB)
[    0.000000]     vmemmap : 0xffff7e0000000000 - 0xffff800000000000   (  2048 GB maximum)
[    0.000000]               0xffff7e0000040000 - 0xffff7e0001e6c000   (    30 MB actual)
[    0.000000]     memory  : 0xffff800001000000 - 0xffff800079b00000   (  1931 MB)
[    0.000000] SLUB: HWalign=64, Order=0-3, MinObjects=0, CPUs=4, Nodes=1
[    0.000000] ftrace: allocating 32767 entries in 128 pages
[    0.000000] Preemptible hierarchical RCU implementation.
[    0.000000] NR_IRQS:64 nr_irqs:64 0
[    0.000000] GIC: Using split EOI/Deactivate mode
[    0.000000] arch_timer: cp15 timer(s) running at 400.00MHz (phys).
[    0.000000] clocksource: arch_sys_counter: mask: 0xffffffffffffff max_cycles: 0x5c4093a7d1, max_idle_ns: 440795210635 ns
[    0.000004] sched_clock: 56 bits at 400MHz, resolution 2ns, wraps every 4398046511103ns
[    0.008162] Console: colour dummy device 80x25
[    0.012615] Calibrating delay loop (skipped), value calculated using timer frequency.. 800.00 BogoMIPS (lpj=1600000)
[    0.023097] pid_max: default: 32768 minimum: 301
[    0.027768] Security Framework initialized
[    0.031983] Mount-cache hash table entries: 4096 (order: 3, 32768 bytes)
[    0.038661] Mountpoint-cache hash table entries: 4096 (order: 3, 32768 bytes)
[    0.061843] ASID allocator initialised with 32768 entries
[    0.076757] EFI services will not be available.
[    0.089299] smp: Bringing up secondary CPUs ...
[    0.121947] Detected VIPT I-cache on CPU1
[    0.122004] CPU1: Booted secondary processor [410fd034]
[    0.149979] Detected VIPT I-cache on CPU2
[    0.150000] CPU2: Booted secondary processor [410fd034]
[    0.178044] Detected VIPT I-cache on CPU3
[    0.178065] CPU3: Booted secondary processor [410fd034]
[    0.178117] smp: Brought up 1 node, 4 CPUs
[    0.209772] SMP: Total of 4 processors activated.
[    0.214463] CPU features: detected feature: 32-bit EL0 Support
[    0.220276] CPU features: detected feature: Kernel page table isolation (KPTI)
[    0.229804] CPU: All CPU(s) started at EL2
[    0.233902] alternatives: patching kernel code
[    0.239554] devtmpfs: initialized
[    0.246072] DMI not present or invalid.
[    0.250038] clocksource: jiffies: mask: 0xffffffff max_cycles: 0xffffffff, max_idle_ns: 7645041785100000 ns
[    0.259751] futex hash table entries: 1024 (order: 5, 131072 bytes)
[    0.266915] xor: measuring software checksum speed
[    0.311746]    8regs     :  2292.000 MB/sec
[    0.355968]    8regs_prefetch:  2041.000 MB/sec
[    0.400535]    32regs    :  2811.000 MB/sec
[    0.444755]    32regs_prefetch:  2370.000 MB/sec
[    0.449356] xor: using function: 32regs (2811.000 MB/sec)
[    0.455437] NET: Registered protocol family 16
[    0.460657] cpuidle: using governor ladder
[    0.464761] cpuidle: using governor menu
[    0.468805] vdso: 2 pages (1 code @ (____ptrval____), 1 data @ (____ptrval____))
[    0.476183] hw-breakpoint: found 6 breakpoint and 4 watchpoint registers.
[    0.491476] DMA: preallocated 256 KiB pool for atomic allocations
[    0.497595] dw_wdt: Synopsys DesignWare Watchdog Driver is registered at arch_initcall level
[    0.509873] dw_wdt: +++ skip updating timeout to wdd.
[    0.521195] HugeTLB registered 2 MB page size, pre-allocated 0 pages
[    0.595706] raid6: int64x1  gen()   407 MB/s
[    0.668068] raid6: int64x1  xor()   450 MB/s
[    0.740439] raid6: int64x2  gen()   704 MB/s
[    0.812847] raid6: int64x2  xor()   607 MB/s
[    0.885240] raid6: int64x4  gen()  1065 MB/s
[    0.957655] raid6: int64x4  xor()   747 MB/s
[    1.029702] raid6: int64x8  gen()   989 MB/s
[    1.101774] raid6: int64x8  xor()   750 MB/s
[    1.173877] raid6: neonx1   gen()   736 MB/s
[    1.245974] raid6: neonx1   xor()   766 MB/s
[    1.318054] raid6: neonx2   gen()  1192 MB/s
[    1.390135] raid6: neonx2   xor()  1042 MB/s
[    1.462210] raid6: neonx4   gen()  1552 MB/s
[    1.534278] raid6: neonx4   xor()  1194 MB/s
[    1.606394] raid6: neonx8   gen()  1573 MB/s
[    1.678451] raid6: neonx8   xor()  1205 MB/s
[    1.682708] raid6: using algorithm neonx8 gen() 1573 MB/s
[    1.688086] raid6: .... xor() 1205 MB/s, rmw enabled
[    1.693032] raid6: using intx1 recovery algorithm
[    1.698344] vgaarb: loaded
[    1.701529] Intel Service Layer Driver Initialized
[    1.706606] SCSI subsystem initialized
[    1.710546] usbcore: registered new interface driver usbfs
[    1.716048] usbcore: registered new interface driver hub
[    1.721392] usbcore: registered new device driver usb
[    1.726835] pps_core: LinuxPPS API ver. 1 registered
[    1.731787] pps_core: Software ver. 5.3.6 - Copyright 2005-2007 Rodolfo Giometti <giometti@linux.it>
[    1.740893] PTP clock support registered
[    1.744935] EDAC MC: Ver: 3.0.0
[    1.748289] dmi: Firmware registration failed.
[    1.752787] FPGA manager framework
[    1.756290] fpga-region soc:base_fpga_region: FPGA Region probed
[    1.763398] clocksource: Switched to clocksource arch_sys_counter
[    1.853595] NET: Registered protocol family 2
[    1.858601] TCP established hash table entries: 16384 (order: 5, 131072 bytes)
[    1.865916] TCP bind hash table entries: 16384 (order: 6, 262144 bytes)
[    1.873204] TCP: Hash tables configured (established 16384 bind 16384)
[    1.879855] UDP hash table entries: 1024 (order: 3, 32768 bytes)
[    1.885882] UDP-Lite hash table entries: 1024 (order: 3, 32768 bytes)
[    1.892532] NET: Registered protocol family 1
[    1.897484] RPC: Registered named UNIX socket transport module.
[    1.903401] RPC: Registered udp transport module.
[    1.908118] RPC: Registered tcp transport module.
[    1.912807] RPC: Registered tcp NFSv4.1 backchannel transport module.
[    1.919454] Trying to unpack rootfs image as initramfs...

2020-11-19 14:31:30,845:INFO:
--=---+---=--
       \___         NOKIA RFSW LINUX
 ---=---+-I-=---         TD-CPRI
        |\
  ---=----+----=---
        |
        ^
Wind River Linux LTS 10.17.41.17
TRM60.10.R03 jenkins-PROD_mMIMO_TRM6_release-742 2020-09-24_14-15-04 rev a9b8c29e
stratix10-aeqb login: 
2020-11-19 14:32:02,859:INFO:[   60.274534] fpga_manager fpga0: writing aeqb-td-bitstream.core.rbf to Stratix10 SOC FPGA Manager
[   60.417091] Stratix10 SoC FPGA manager soc:fpga-mgr@0: Requesting full reconfiguration.
[   61.737185] ccr_driver f9040000.ccr: CCR driver: Device 'ccr0' probed. ret:0!
[   61.753306] altera-i2c f9001800.i2c: Altera SoftIP I2C Probe Complete
[   61.763086] altera-i2c f90018c0.i2c: Altera SoftIP I2C Probe Complete
[   61.783950] Deasserting reset
[   61.785086] cco_driver 80300000.SM0_cpricore001_CPRICORE001: CPRICORE driver: Device 'conn_cgb0' probed and ready!
[   61.796226] socfpga-dwmac ff802000.ethernet: PTP uses main clock
[   61.796565] stmmac - user ID: 0x11, Synopsys ID: 0x37
[   61.796574] socfpga-dwmac ff802000.ethernet: Ring mode enabled
[   61.796580] socfpga-dwmac ff802000.ethernet: DMA HW capability register supported
[   61.796586] socfpga-dwmac ff802000.ethernet: Enhanced/Alternate descriptors
[   61.796590] socfpga-dwmac ff802000.ethernet: Enabled extended descriptors
[   61.796595] socfpga-dwmac ff802000.ethernet: RX Checksum Offload Engine supported
[   61.796600] socfpga-dwmac ff802000.ethernet: COE Type 2
[   61.796604] socfpga-dwmac ff802000.ethernet: TX Checksum insertion supported
[   61.796616] socfpga-dwmac ff802000.ethernet: Enable RX Mitigation via HW Watchdog Timer
[   61.810025] socfpga-dwmac ff804000.ethernet: PTP uses main clock
[   61.810460] stmmac - user ID: 0x11, Synopsys ID: 0x37
[   61.810468] socfpga-dwmac ff804000.ethernet: Ring mode enabled
[   61.810477] socfpga-dwmac ff804000.ethernet: DMA HW capability register supported
[   61.810482] socfpga-dwmac ff804000.ethernet: Enhanced/Alternate descriptors
[   61.810486] socfpga-dwmac ff804000.ethernet: Enabled extended descriptors
[   61.810491] socfpga-dwmac ff804000.ethernet: RX Checksum Offload Engine supported
[   61.810495] socfpga-dwmac ff804000.ethernet: COE Type 2
[   61.810499] socfpga-dwmac ff804000.ethernet: TX Checksum insertion supported
[   61.810509] socfpga-dwmac ff804000.ethernet: Enable RX Mitigation via HW Watchdog Timer
[   61.942043] Deasserting reset
[   61.942630] cco_driver 80310000.SM1_cpricore001_CPRICORE001: CPRICORE driver: Device 'conn_cgb1' probed and ready!
[   61.958882] Deasserting reset
[   61.959708] cco_driver 80320000.RF0_cpricore001_CPRICORE001: CPRICORE driver: Device 'conn_cgb2' probed and ready!
[   61.976586] Deasserting reset
[   61.977443] cco_driver 80330000.RF1_cpricore001_CPRICORE001: CPRICORE driver: Device 'conn_cgb3' probed and ready!
[   61.994849] Deasserting reset
[   61.995857] cco_driver 80340000.RF2_cpricore001_CPRICORE001: CPRICORE driver: Device 'conn_cgb4' probed and ready!
[   62.011880] Deasserting reset
[   62.012600] cco_driver 80350000.RF2B_cpricore001_CPRICORE001: CPRICORE driver: Device 'conn_cgb5' probed and ready!
[   62.029110] Deasserting reset
[   62.030331] cco_driver 80380000.RF3_cpricore001_CPRICORE001: CPRICORE driver: Device 'conn_cgb6' probed and ready!
[   62.045974] Deasserting reset
[   62.046608] cco_driver 80390000.RF3B_cpricore001_CPRICORE001: CPRICORE driver: Device 'conn_cgb7' probed and ready!
[   62.062499] Deasserting reset
[   62.063073] cco_driver 80400000.RF4_cpricore001_CPRICORE001: CPRICORE driver: Device 'conn_cgb8' probed and ready!
[   62.078781] Deasserting reset
[   62.079629] cco_driver 80410000.RF4B_cpricore001_CPRICORE001: CPRICORE driver: Device 'conn_cgb9' probed and ready!
[   62.095780] Deasserting reset
[   62.096699] cco_driver 80420000.RF5_cpricore001_CPRICORE001: CPRICORE driver: Device 'conn_cgb10' probed and ready!
[   62.113048] Deasserting reset
[   62.113911] cco_driver 80430000.RF5B_cpricore001_CPRICORE001: CPRICORE driver: Device 'conn_cgb11' probed and ready!
[   62.129680] Deasserting reset
[   62.130332] cco_driver 80440000.RF6_cpricore001_CPRICORE001: CPRICORE driver: Device 'conn_cgb12' probed and ready!
[   62.146134] Deasserting reset
[   62.146750] cco_driver 80450000.RF6B_cpricore001_CPRICORE001: CPRICORE driver: Device 'conn_cgb13' probed and ready!
[   62.162671] Deasserting reset
[   62.163229] cco_driver 80460000.RF7_cpricore001_CPRICORE001: CPRICORE driver: Device 'conn_cgb14' probed and ready!
[   62.179197] Deasserting reset
[   62.180308] cco_driver 80470000.RF7B_cpricore001_CPRICORE001: CPRICORE driver: Device 'conn_cgb15' probed and ready!
[   62.198325] Deasserting reset
[   62.199145] cco_driver 80480000.RF8_cpricore001_CPRICORE001: CPRICORE driver: Device 'conn_cgb16' probed and ready!
[   62.214895] Deasserting reset
[   62.215502] cco_driver 80490000.RF8B_cpricore001_CPRICORE001: CPRICORE driver: Device 'conn_cgb17' probed and ready!
[   62.348074] Not support switch PN:0xcd32!
[   62.352398] Marvell 88E1510 stmmac-0:01: attached PHY driver [Marvell 88E1510] (mii_bus:phy_addr=stmmac-0:01, irq=-1)
[   62.368628] socfpga-dwmac ff800000.ethernet eth0: IEEE 1588-2008 Advanced Timestamp supported
[   62.377441] socfpga-dwmac ff800000.ethernet eth0: registered PTP clock
[   62.384911] IPv6: ADDRCONF(NETDEV_UP): eth0: link is not ready
[   62.391788] IPv6: ADDRCONF(NETDEV_UP): eth0.257: link is not ready
[   62.398402] IPv6: ADDRCONF(NETDEV_UP): eth0.258: link is not ready
[   62.458363] Generic PHY fixed-0:00: attached PHY driver [Generic PHY] (mii_bus:phy_addr=fixed-0:00, irq=-1)
[   62.470689] socfpga-dwmac ff802000.ethernet eth1: IEEE 1588-2008 Advanced Timestamp supported
[   62.481013] socfpga-dwmac ff802000.ethernet eth1: registered PTP clock
[   62.489397] IPv6: ADDRCONF(NETDEV_UP): eth1: link is not ready
[   62.516224] Generic PHY fixed-0:01: attached PHY driver [Generic PHY] (mii_bus:phy_addr=fixed-0:01, irq=-1)
[   62.529296] socfpga-dwmac ff804000.ethernet eth2: IEEE 1588-2008 Advanced Timestamp supported
[   62.538656] socfpga-dwmac ff804000.ethernet eth2: registered PTP clock
[   62.545599] IPv6: ADDRCONF(NETDEV_UP): eth2: link is not ready
[   62.583927] br0: port 1(eth1) entered blocking state
[   62.588940] br0: port 1(eth1) entered disabled state
[   62.595874] device eth1 entered promiscuous mode
[   62.612916] br0: port 2(eth2) entered blocking state
[   62.618064] br0: port 2(eth2) entered disabled state
[   62.623668] device eth2 entered promiscuous mode
[   62.633672] br0: port 2(eth2) entered blocking state
[   62.638649] br0: port 2(eth2) entered forwarding state
[   62.643890] br0: port 1(eth1) entered blocking state
[   62.648852] br0: port 1(eth1) entered forwarding state
[   63.251501] br0: port 1(eth1) entered disabled state
[   63.261306] br0: port 2(eth2) entered disabled state
[   63.412223] socfpga-dwmac ff800000.ethernet eth0: Link is Up - 1Gbps/Full - flow control off
[   63.420721] IPv6: ADDRCONF(NETDEV_CHANGE): eth0: link becomes ready
[   63.427323] IPv6: ADDRCONF(NETDEV_CHANGE): eth0.257: link becomes ready
[   63.437061] IPv6: ADDRCONF(NETDEV_CHANGE): eth0.258: link becomes ready
[   63.507448] socfpga-dwmac ff802000.ethernet eth1: Link is Up - 1Gbps/Full - flow control off
[   63.516113] IPv6: ADDRCONF(NETDEV_CHANGE): eth1: link becomes ready
[   63.522709] br0: port 1(eth1) entered blocking state
[   63.527680] br0: port 1(eth1) entered forwarding state
[   63.571443] socfpga-dwmac ff804000.ethernet eth2: Link is Up - 1Gbps/Full - flow control off
[   63.580087] IPv6: ADDRCONF(NETDEV_CHANGE): eth2: link becomes ready
[   63.586633] br0: port 2(eth2) entered blocking state
[   63.591601] br0: port 2(eth2) entered forwarding state

2020-11-19 14:32:06,865:INFO:[   66.867695] ttyS1 - failed to request DMA

2020-11-22 06:51:15,440:INFO:
U-Boot SPL 2017.09+gitAUTOINC+c0cfd0b4df-nokia-r153 (Sep 16 2020 - 02:12:22)
MPU         1200000 kHz
L3 main     400000 kHz
Main VCO    1200000 kHz
Per VCO     2000000 kHz
EOSC1       125000 kHz
HPS MMC     100 kHz
UART        100000 kHz

2020-11-22 06:51:19,470:INFO:DDR: emif_clear() failed
DDR: 2048 MiB
QSPI: Reference clock at 400000000 Hz
Stratix10 boot info:
	Last power-on reset triggered by SDM: true
	Last reset type: SDM power-on reset
	Debug reset triggered: false
	CS DAP reset triggered: false
Trying to boot from SPI
RSU current image:  0x03400000
RSU state:          0x00000000
RSU error location: 0x00000000
RSU error details:  0x00000000
RSU SSBL partition SSBL.PROD000001 at address 0x02200000.


U-Boot 2017.09+gitAUTOINC+c0cfd0b4df-nokia-r153 (Sep 16 2020 - 02:12:22 +0000)socfpga_stratix10_aeqb

CPU:   Intel FPGA SoCFPGA Platform
FPGA:  Intel FPGA Stratix 10
Model: Nokia AEQB
       Watchdog enabled
MTest: Memory test flags not setted
DRAM:  2 GiB
De-Assert EMAC0, EMAC1, EMAC2...OK
Stratix10 boot info:
	Last power-on reset triggered by SDM: true
	Last reset type: SDM power-on reset
	Debug reset triggered: false
	CS DAP reset triggered: false
	Clear reset status:0x0
MMC:   
Using default environment

In:    serial
Out:   serial
Err:   serial
Model: Nokia AEQB
Net:   
Warning: ethernet@ff800000 (eth0) using random MAC address - 7a:21:6e:30:1c:af
eth0: ethernet@ff800000
PowerOn or HW or L4WD0 reset, Reset the made
Taking peripheral out of reset ... OK
Configuring Marvell 88E1512 PHY ... OK
Configuring Ethernet Switch ... OK
SF: Detected mt25qu02g with page size 256 Bytes, erase size 64 KiB, total 256 MiB
Slot: selecting slot1
SPTs are GOOD!!!
CPBs are GOOD!!!
Autoboot in 3 seconds

2020-11-22 06:51:22,474:INFO:gpio: pin 0 (gpio 0) value is 1
SF: Detected mt25qu02g with page size 256 Bytes, erase size 64 KiB, total 256 MiB
ubi0: attaching mtd2
ubi0: scanning is finished
ubi0: attached mtd2 (name "mtd=0", size 256 MiB)
ubi0: PEB size: 65536 bytes (64 KiB), LEB size: 65408 bytes
ubi0: min./max. I/O unit sizes: 1/256, sub-page size 1
ubi0: VID header offset: 64 (aligned 64), data offset: 128
ubi0: good PEBs: 4096, bad PEBs: 0, corrupted PEBs: 0
ubi0: user volume: 2, internal volumes: 1, max. volumes count: 128
ubi0: max/mean erase counter: 3/1, WL threshold: 4096, image sequence number: 4194956838
ubi0: available PEBs: 546, total reserved PEBs: 3550, PEBs reserved for bad PEB handling: 0
Read 0 bytes from volume slot1_sw to 30000000
No size specified -> Using max size (66228788)

2020-11-22 06:51:47,490:INFO:## Copying 'fdt' subimage from FIT image at 30000000 ...
crc32+ sha1+    Loading part 253 ... OK
FDT fixup successful
## Loading kernel from FIT Image at 30000000 ...
   Using 'socfpga@0' configuration
   Trying 'kernel@0' kernel subimage
     Description:  Linux kernel
     Type:         Kernel Image
     Compression:  uncompressed
     Data Start:   0x300000e4
     Data Size:    14782976 Bytes = 14.1 MiB
     Architecture: AArch64
     OS:           Linux
     Load Address: 0x01080000
     Entry Point:  0x01080000
     Hash algo:    crc32
     Hash value:   fd5d11b7
     Hash algo:    sha1
     Hash value:   4c363572ec9584596497f151733cd901935d96d7
   Verifying Hash Integrity ... crc32+ sha1+ OK
## Loading ramdisk from FIT Image at 30000000 ...
   Using 'socfpga@0' configuration
   Trying 'rootfs@0' ramdisk subimage
     Description:  Root Filesystem CPIO archive Gzipped
     Type:         RAMDisk Image
     Compression:  uncompressed
     Data Start:   0x30e1daf8
     Data Size:    51425740 Bytes = 49 MiB
     Architecture: AArch64
     OS:           Linux
     Load Address: 0x20000000
     Entry Point:  unavailable
     Hash algo:    crc32
     Hash value:   2a5c7ca4
     Hash algo:    sha1
     Hash value:   1d102a20aaf0a0aa93c42bd48a30fa3789955f59
   Verifying Hash Integrity ... crc32+ sha1+ OK
   Loading ramdisk from 0x30e1daf8 to 0x20000000
## Flattened Device Tree blob at 08000000
   Booting using the fdt blob at 0x8000000
   Loading Kernel Image ... OK
   Loading Ramdisk to 15af4000, end 18bff1cc ... OK
   reserving fdt memory region: addr=8000000 size=9000
   Loading Device Tree to 0000000015ae8000, end 0000000015af3fff ... OK

Starting kernel ...

[    0.000000] Booting Linux on physical CPU 0x0
[    0.000000] Linux version 4.12.29-nokia-r91 (oe-user@oe-host) (gcc version 7.3.0 (GCC) ) #1 SMP PREEMPT Tue Jul 7 10:22:54 UTC 2020
[    0.000000] Boot CPU: AArch64 Processor [410fd034]
[    0.000000] Machine model: SoCFPGA Stratix 10 AEQB
[    0.000000] earlycon: uart0 at MMIO32 0x00000000ffc02000 (options '115200n8')
[    0.000000] bootconsole [uart0] enabled
[    0.000000] efi: Getting EFI parameters from FDT:
[    0.000000] efi: UEFI not found.
[    0.000000] Reserved memory: created DMA memory pool at 0x0000000000000000, size 16 MiB
[    0.000000] OF: reserved mem: initialized node svcbuffer@0, compatible id shared-dma-pool
[    0.000000] cma: Reserved 16 MiB at 0x0000000078800000
[    0.000000] psci: probing for conduit method from DT.
[    0.000000] psci: PSCIv65535.65535 detected in firmware.
[    0.000000] psci: Using standard PSCI v0.2 function IDs
[    0.000000] psci: MIGRATE_INFO_TYPE not supported.
[    0.000000] psci: SMC Calling Convention v1.0
[    0.000000] percpu: Embedded 22 pages/cpu @(____ptrval____) s52888 r8192 d29032 u90112
[    0.000000] Detected VIPT I-cache on CPU0
[    0.000000] CPU features: enabling workaround for ARM erratum 845719
[    0.000000] Built 1 zonelists in Zone order, mobility grouping on.  Total pages: 486612
[    0.000000] Kernel command line: earlyprintk earlycon syscon_enable=1 console=ttyS0,115200n8 rdinit=/sbin/init rw initrd=0x20000000,0x8000000 runningVolName=slot1_sw
[    0.000000] PID hash table entries: 4096 (order: 3, 32768 bytes)
[    0.000000] Dentry cache hash table entries: 262144 (order: 9, 2097152 bytes)
[    0.000000] Inode-cache hash table entries: 131072 (order: 8, 1048576 bytes)
[    0.000000] Memory: 1728016K/1977344K available (9724K kernel code, 1188K rwdata, 2528K rodata, 960K init, 738K bss, 232944K reserved, 16384K cma-reserved)
[    0.000000] Virtual kernel memory layout:
[    0.000000]     modules : 0xffff000000000000 - 0xffff000008000000   (   128 MB)
[    0.000000]     vmalloc : 0xffff000008000000 - 0xffff7dffbfff0000   (129022 GB)
[    0.000000]       .text : 0x(____ptrval____) - 0x(____ptrval____)   (  9728 KB)
[    0.000000]     .rodata : 0x(____ptrval____) - 0x(____ptrval____)   (  2560 KB)
[    0.000000]       .init : 0x(____ptrval____) - 0x(____ptrval____)   (   960 KB)
[    0.000000]       .data : 0x(____ptrval____) - 0x(____ptrval____)   (  1189 KB)
[    0.000000]        .bss : 0x(____ptrval____) - 0x(____ptrval____)   (   739 KB)
[    0.000000]     fixed   : 0xffff7dfffe7fb000 - 0xffff7dfffec00000   (  4116 KB)
[    0.000000]     PCI I/O : 0xffff7dfffee00000 - 0xffff7dffffe00000   (    16 MB)
[    0.000000]     vmemmap : 0xffff7e0000000000 - 0xffff800000000000   (  2048 GB maximum)
[    0.000000]               0xffff7e0000040000 - 0xffff7e0001e6c000   (    30 MB actual)
[    0.000000]     memory  : 0xffff800001000000 - 0xffff800079b00000   (  1931 MB)
[    0.000000] SLUB: HWalign=64, Order=0-3, MinObjects=0, CPUs=4, Nodes=1
[    0.000000] ftrace: allocating 32767 entries in 128 pages
[    0.000000] Preemptible hierarchical RCU implementation.
[    0.000000] NR_IRQS:64 nr_irqs:64 0
[    0.000000] GIC: Using split EOI/Deactivate mode
[    0.000000] arch_timer: cp15 timer(s) running at 400.00MHz (phys).
[    0.000000] clocksource: arch_sys_counter: mask: 0xffffffffffffff max_cycles: 0x5c4093a7d1, max_idle_ns: 440795210635 ns
[    0.000004] sched_clock: 56 bits at 400MHz, resolution 2ns, wraps every 4398046511103ns
[    0.008164] Console: colour dummy device 80x25
[    0.012613] Calibrating delay loop (skipped), value calculated using timer frequency.. 800.00 BogoMIPS (lpj=1600000)
[    0.023095] pid_max: default: 32768 minimum: 301
[    0.027765] Security Framework initialized
[    0.031978] Mount-cache hash table entries: 4096 (order: 3, 32768 bytes)
[    0.038656] Mountpoint-cache hash table entries: 4096 (order: 3, 32768 bytes)
[    0.061837] ASID allocator initialised with 32768 entries
[    0.076780] EFI services will not be available.
[    0.089322] smp: Bringing up secondary CPUs ...
[    0.121969] Detected VIPT I-cache on CPU1
[    0.122027] CPU1: Booted secondary processor [410fd034]
[    0.150002] Detected VIPT I-cache on CPU2
[    0.150023] CPU2: Booted secondary processor [410fd034]
[    0.178067] Detected VIPT I-cache on CPU3
[    0.178089] CPU3: Booted secondary processor [410fd034]
[    0.178141] smp: Brought up 1 node, 4 CPUs
[    0.209795] SMP: Total of 4 processors activated.
[    0.214486] CPU features: detected feature: 32-bit EL0 Support
[    0.220298] CPU features: detected feature: Kernel page table isolation (KPTI)
[    0.229827] CPU: All CPU(s) started at EL2
[    0.233925] alternatives: patching kernel code
[    0.239582] devtmpfs: initialized
[    0.246106] DMI not present or invalid.
[    0.250069] clocksource: jiffies: mask: 0xffffffff max_cycles: 0xffffffff, max_idle_ns: 7645041785100000 ns
[    0.259783] futex hash table entries: 1024 (order: 5, 131072 bytes)
[    0.266947] xor: measuring software checksum speed
[    0.311779]    8regs     :  2292.000 MB/sec
[    0.356000]    8regs_prefetch:  2041.000 MB/sec
[    0.400566]    32regs    :  2811.000 MB/sec
[    0.444786]    32regs_prefetch:  2370.000 MB/sec
[    0.449388] xor: using function: 32regs (2811.000 MB/sec)
[    0.455461] NET: Registered protocol family 16
[    0.460678] cpuidle: using governor ladder
[    0.464782] cpuidle: using governor menu
[    0.468827] vdso: 2 pages (1 code @ (____ptrval____), 1 data @ (____ptrval____))
[    0.476205] hw-breakpoint: found 6 breakpoint and 4 watchpoint registers.
[    0.491510] DMA: preallocated 256 KiB pool for atomic allocations
[    0.497630] dw_wdt: Synopsys DesignWare Watchdog Driver is registered at arch_initcall level
[    0.509922] dw_wdt: +++ skip updating timeout to wdd.
[    0.521255] HugeTLB registered 2 MB page size, pre-allocated 0 pages
[    0.595757] raid6: int64x1  gen()   407 MB/s
[    0.668162] raid6: int64x1  xor()   450 MB/s
[    0.740611] raid6: int64x2  gen()   705 MB/s
[    0.813016] raid6: int64x2  xor()   607 MB/s
[    0.885411] raid6: int64x4  gen()  1065 MB/s
[    0.957814] raid6: int64x4  xor()   747 MB/s
[    1.029872] raid6: int64x8  gen()   989 MB/s
[    1.101946] raid6: int64x8  xor()   750 MB/s
[    1.174049] raid6: neonx1   gen()   736 MB/s
[    1.246148] raid6: neonx1   xor()   766 MB/s
[    1.318207] raid6: neonx2   gen()  1192 MB/s
[    1.390295] raid6: neonx2   xor()  1042 MB/s
[    1.462378] raid6: neonx4   gen()  1552 MB/s
[    1.534469] raid6: neonx4   xor()  1194 MB/s
[    1.606558] raid6: neonx8   gen()  1573 MB/s
[    1.678623] raid6: neonx8   xor()  1205 MB/s
[    1.682880] raid6: using algorithm neonx8 gen() 1573 MB/s
[    1.688258] raid6: .... xor() 1205 MB/s, rmw enabled
[    1.693204] raid6: using intx1 recovery algorithm
[    1.698482] vgaarb: loaded
[    1.701635] Intel Service Layer Driver Initialized
[    1.706711] SCSI subsystem initialized
[    1.710622] usbcore: registered new interface driver usbfs
[    1.716124] usbcore: registered new interface driver hub
[    1.721471] usbcore: registered new device driver usb
[    1.726909] pps_core: LinuxPPS API ver. 1 registered
[    1.731861] pps_core: Software ver. 5.3.6 - Copyright 2005-2007 Rodolfo Giometti <giometti@linux.it>
[    1.740971] PTP clock support registered
[    1.745007] EDAC MC: Ver: 3.0.0
[    1.748356] dmi: Firmware registration failed.
[    1.752861] FPGA manager framework
[    1.756373] fpga-region soc:base_fpga_region: FPGA Region probed
[    1.763470] clocksource: Switched to clocksource arch_sys_counter
[    1.853607] NET: Registered protocol family 2
[    1.858613] TCP established hash table entries: 16384 (order: 5, 131072 bytes)
[    1.865927] TCP bind hash table entries: 16384 (order: 6, 262144 bytes)
[    1.873217] TCP: Hash tables configured (established 16384 bind 16384)
[    1.879860] UDP hash table entries: 1024 (order: 3, 32768 bytes)
[    1.885887] UDP-Lite hash table entries: 1024 (order: 3, 32768 bytes)
[    1.892530] NET: Registered protocol family 1
[    1.897531] RPC: Registered named UNIX socket transport module.
[    1.903439] RPC: Registered udp transport module.
[    1.908155] RPC: Registered tcp transport module.
[    1.912845] RPC: Registered tcp NFSv4.1 backchannel transport module.
[    1.919514] Trying to unpack rootfs image as initramfs...

2020-11-22 06:52:14,525:INFO:[   23.556995] EXT4-fs (mtdblock19): mounting ext2 file system using the ext4 subsystem
[   23.568891] EXT4-fs (mtdblock19): mounted filesystem without journal. Opts: errors=continue,user_xattr
[[0;32m  OK  [0m] Started mount reserved memory service.
         Starting Flush Journal to Persistent Storage...
[   23.661846] systemd-journald[155]: Received request to flush runtime journal from PID 1
[[0;32m  OK  [0m] Started Flush Journal to Persistent Storage.
         Starting Create Volatile Files and Directories...
[[0;32m  OK  [0m] Started Create Volatile Files and Directories.
         Starting Network Time Synchronization...
         Starting Update UTMP about System Boot/Shutdown...
[[0;32m  OK  [0m] Started Update UTMP about System Boot/Shutdown.
[[0;32m  OK  [0m] Started Network Time Synchronization.
[[0;32m  OK  [0m] Reached target System Initialization.
[[0;32m  OK  [0m] Started Daily Cleanup of Temporary Directories.
[[0;32m  OK  [0m] Reached target Timers.
         Starting sshd.socket.
[[0;32m  OK  [0m] Listening on D-Bus System Message Bus Socket.
[[0;32m  OK  [0m] Reached target System Time Synchronized.
[[0;32m  OK  [0m] Listening on sshd.socket.
[[0;32m  OK  [0m] Reached target Sockets.
[[0;32m  OK  [0m] Reached target Basic System.
[[0;32m  OK  [0m] Started Hardware RNG Entropy Gatherer Daemon.[   24.779839] random: crng init done

[[0;32m  OK  [0m] Started System Logging Service.
[[0;32m  OK  [0m] Started D-Bus System Message Bus.
         Starting TPM2 Access Broker and Resource Management Daemon...
[[0;32m  OK  [0m] Started Kernel Logging Service.
         Starting Login Service...
         Starting postmortem files backup creator...
[[0;32m  OK  [0m] Reached target Containers.
         Starting RFSW service setting ip addresses for vlans...
[[0;32m  OK  [0m] Started postmortem files backup creator.
[[0;32m  OK  [0m] Started TPM2 Access Broker and Resource Management Daemon.
         Starting TPM2 Certificates service...
[[0;32m  OK  [0m] Started Login Service.
[[0;32m  OK  [0m] Started RFSW service setting ip addresses for vlans.
         Starting Network Service...
[[0;32m  OK  [0m] Started Network Service.
[[0;32m  OK  [0m] Reached target Network.
         Starting /etc/rc.local Compatibility...
         Starting Permit User Sessions...
[[0;32m  OK  [0m] Started INETD daemon.
         Starting aeqb base scripts startup...
[   25.187919] Not support switch PN:0x0ec2!
[   25.193311] Marvell 88E1510 stmmac-0:01: attached PHY driver [Marvell 88E1510] (mii_bus:phy_addr=stmmac-0:01, irq=-1)
[   25.214456] socfpga-dwmac ff800000.ethernet eth0: IEEE 1588-2008 Advanced Timestamp supported
         [   25.225593] socfpga-dwmac ff800000.ethernet eth0: registered PTP clock
Starting RFSW aeqb boot service...
[   25.237267] IPv6: ADDRCONF(NETDEV_UP): eth0: link is not ready
         Starting Network Name Resolution...
[[0;32m  OK  [0m] Started /etc/rc.local Compatibility.
[[0;32m  OK  [0m] Started Permit User Sessions.
[[0;32m  OK  [0m] Started Serial Getty on ttyS0.
[[0;32m  OK  [0m] Started Getty on tty1.
[[0;32m  OK  [0m] Reached target Login Prompts.
[[0;32m  OK  [0m] Started Network Name Resolution.
[[0;32m  OK  [0m] Reached target Host and Network Name Lookups.
[   25.616319] phy 88E1512 init config switch 88E6185!
[   25.622524] Marvell 88E1510 stmmac-0:01: attached PHY driver [Marvell 88E1510] (mii_bus:phy_addr=stmmac-0:01, irq=-1)
[   25.647944] socfpga-dwmac ff800000.ethernet eth0: IEEE 1588-2008 Advanced Timestamp supported
[   25.656946] socfpga-dwmac ff800000.ethernet eth0: registered PTP clock
[   25.664487] IPv6: ADDRCONF(NETDEV_UP): eth0: link is not ready
[   25.670878] IPv6: ADDRCONF(NETDEV_UP): eth0.257: link is not ready
[   25.677898] IPv6: ADDRCONF(NETDEV_UP): eth0.258: link is not ready
[   25.700899] IPv6: ADDRCONF(NETDEV_UP): eth0.257: link is not ready
[   25.721141] IPv6: ADDRCONF(NETDEV_UP): eth0.258: link is not ready
[[0;32m  OK  [0m] Started aeqb base scripts startup.
[   26.108522] ubi0: attaching mtd12
[   26.385604] ubi0: scanning is finished
[   26.420598] ubi0: attached mtd12 (name "slot0_ubi", size 256 MiB)
[   26.426712] ubi0: PEB size: 65536 bytes (64 KiB), LEB size: 65408 bytes
[   26.434209] ubi0: min./max. I/O unit sizes: 1/256, sub-page size 1
[   26.441335] ubi0: VID header offset: 64 (aligned 64), data offset: 128
[   26.447926] ubi0: good PEBs: 4096, bad PEBs: 0, corrupted PEBs: 0
[   26.454008] ubi0: user volume: 2, internal volumes: 1, max. volumes count: 128
[   26.461247] ubi0: max/mean erase counter: 3/1, WL threshold: 4096, image sequence number: 2007802804
[   26.470355] ubi0: available PEBs: 547, total reserved PEBs: 3549, PEBs reserved for bad PEB handling: 0
[   26.479742] ubi0: background thread "ubi_bgt0d" started, PID 824
[   26.488762] ubi1: attaching mtd14
[   26.708288] socfpga-dwmac ff800000.ethernet eth0: Link is Up - 1Gbps/Full - flow control off
[   26.716774] IPv6: ADDRCONF(NETDEV_CHANGE): eth0: link becomes ready
[   26.723567] IPv6: ADDRCONF(NETDEV_CHANGE): eth0.257: link becomes ready
[   26.730426] IPv6: ADDRCONF(NETDEV_CHANGE): eth0.258: link becomes ready
[   26.772298] ubi1: scanning is finished
[   26.788766] ubi1: attached mtd14 (name "slot1_ubi", size 256 MiB)
[   26.794938] ubi1: PEB size: 65536 bytes (64 KiB), LEB size: 65408 bytes
[   26.802621] ubi1: min./max. I/O unit sizes: 1/256, sub-page size 1
[   26.809243] ubi1: VID header offset: 64 (aligned 64), data offset: 128
[   26.815790] ubi1: good PEBs: 4096, bad PEBs: 0, corrupted PEBs: 0
[   26.821871] ubi1: user volume: 2, internal volumes: 1, max. volumes count: 128
[   26.829092] ubi1: max/mean erase counter: 3/1, WL threshold: 4096, image sequence number: 4194956838
[   26.838210] ubi1: available PEBs: 546, total reserved PEBs: 3550, PEBs reserved for bad PEB handling: 0
[   26.848092] ubi1: background thread "ubi_bgt1d" started, PID 828
[   26.930732] UBIFS (ubi1:1): UBIFS: mounted UBI device 1, volume 1, name "slot1_slave", R/O mode
[   26.939484] UBIFS (ubi1:1): LEB size: 65408 bytes (63 KiB), min./max. I/O unit sizes: 8 bytes/256 bytes
[   26.948859] UBIFS (ubi1:1): FS size: 165024384 bytes (157 MiB, 2523 LEBs), journal size 8241408 bytes (7 MiB, 126 LEBs)
[   26.959609] UBIFS (ubi1:1): reserved for root: 4952683 bytes (4836 KiB)
[   26.966213] UBIFS (ubi1:1): media format: w5/r0 (latest is w5/r0), UUID 3CB44803-9BF3-4960-AD40-3A9BE7EA4C04, small LPT model
[   26.983999] ubi2: attaching mtd16
[   27.011331] ubi2: scanning is finished
[   27.024123] ubi2: attached mtd16 (name "factory", size 22 MiB)
[   27.032242] ubi2: PEB size: 65536 bytes (64 KiB), LEB size: 65408 bytes
[   27.038867] ubi2: min./max. I/O unit sizes: 1/256, sub-page size 1
[   27.045078] ubi2: VID header offset: 64 (aligned 64), data offset: 128
[   27.051704] ubi2: good PEBs: 352, bad PEBs: 0, corrupted PEBs: 0
[   27.057718] ubi2: user volume: 1, internal volumes: 1, max. volumes count: 128
[   27.064934] ubi2: max/mean erase counter: 60/35, WL threshold: 4096, image sequence number: 3334904068
[   27.074225] ubi2: available PEBs: 81, total reserved PEBs: 271, PEBs reserved for bad PEB handling: 0
[   27.083451] ubi2: background thread "ubi_bgt2d" started, PID 852
[   27.101516] UBIFS (ubi2:0): background thread "ubifs_bgt2_0" started, PID 856
[   27.119378] UBIFS (ubi2:0): recovery needed
[   27.512507] UBIFS (ubi2:0): recovery completed
[   27.517041] UBIFS (ubi2:0): UBIFS: mounted UBI device 2, volume 0, name "factory"
[   27.524510] UBIFS (ubi2:0): LEB size: 65408 bytes (63 KiB), min./max. I/O unit sizes: 8 bytes/256 bytes
[   27.533881] UBIFS (ubi2:0): FS size: 16809856 bytes (16 MiB, 257 LEBs), journal size 850304 bytes (0 MiB, 13 LEBs)
[   27.544197] UBIFS (ubi2:0): reserved for root: 793970 bytes (775 KiB)
[   27.550627] UBIFS (ubi2:0): media format: w5/r0 (latest is w5/r0), UUID AF921A60-260F-44BD-B5E3-94C6B5502445, small LPT model
[   27.638700] ubi3: attaching mtd18
[   27.869689] ubi3: scanning is finished
[   27.884726] ubi3: attached mtd18 (name "runtime", size 212 MiB)
[   27.895144] ubi3: PEB size: 65536 bytes (64 KiB), LEB size: 65408 bytes
[   27.901782] ubi3: min./max. I/O unit sizes: 1/256, sub-page size 1
[   27.908598] ubi3: VID header offset: 64 (aligned 64), data offset: 128
[   27.915128] ubi3: good PEBs: 3392, bad PEBs: 0, corrupted PEBs: 0
[   27.921440] ubi3: user volume: 1, internal volumes: 1, max. volumes count: 128
[   27.929042] ubi3: max/mean erase counter: 22/10, WL threshold: 4096, image sequence number: 3117780399
[   27.938324] ubi3: available PEBs: 2923, total reserved PEBs: 469, PEBs reserved for bad PEB handling: 0
[   27.948316] ubi3: background thread "ubi_bgt3d" started, PID 859
[   27.963932] UBIFS (ubi3:0): background thread "ubifs_bgt3_0" started, PID 864
[   27.988341] UBIFS (ubi3:0): recovery needed
[   28.520895] UBIFS (ubi3:0): recovery completed
[   28.525456] UBIFS (ubi3:0): UBIFS: mounted UBI device 3, volume 0, name "runtime"
[   28.534152] UBIFS (ubi3:0): LEB size: 65408 bytes (63 KiB), min./max. I/O unit sizes: 8 bytes/256 bytes
[   28.543534] UBIFS (ubi3:0): FS size: 29760640 bytes (28 MiB, 455 LEBs), journal size 1504384 bytes (1 MiB, 23 LEBs)
[   28.553940] UBIFS (ubi3:0): reserved for root: 1405668 bytes (1372 KiB)
[   28.560547] UBIFS (ubi3:0): media format: w5/r0 (latest is w5/r0), UUID 172915A1-03DF-4A82-9371-AB2F69AFCA29, small LPT model
[[0;32m  OK  [0m] Started RFSW aeqb boot service.
         Starting BBTA service...
         Starting Config Beamer clock and jitter chip...
         Starting Config Beamer boot config...
         Starting Copy slave image...
[[0;32m  OK  [0m] Started made netconsole service.
[[0;32m  OK  [0m] Started BBTA service.
[[0;32m  OK  [0m] Started Config Beamer boot config.
         Starting CCSDaemon...

2020-11-22 06:52:16,532:INFO:
--=---+---=--
       \___         NOKIA RFSW LINUX
 ---=---+-I-=---         TD-CPRI
        |\
  ---=----+----=---
        |
        ^
Wind River Linux LTS 10.17.41.17
TRM60.10.R03 jenkins-PROD_mMIMO_TRM6_release-742 2020-09-24_14-15-04 rev a9b8c29e
stratix10-aeqb login: 
2020-11-22 06:52:50,551:INFO:[   61.593628] fpga_manager fpga0: writing aeqb-td-bitstream.core.rbf to Stratix10 SOC FPGA Manager
[   61.758726] Stratix10 SoC FPGA manager soc:fpga-mgr@0: Requesting full reconfiguration.
[   63.112256] ccr_driver f9040000.ccr: CCR driver: Device 'ccr0' probed. ret:0!
[   63.130124] altera-i2c f9001800.i2c: Altera SoftIP I2C Probe Complete
[   63.141491] altera-i2c f90018c0.i2c: Altera SoftIP I2C Probe Complete
[   63.169229] Deasserting reset
[   63.170564] cco_driver 80490000.RF8B_cpricore001_CPRICORE001: CPRICORE driver: Device 'conn_cgb17' probed and ready!
[   63.173802] Deasserting reset
[   63.186268] cco_driver 80300000.SM0_cpricore001_CPRICORE001: CPRICORE driver: Device 'conn_cgb0' probed and ready!
[   63.216932] socfpga-dwmac ff802000.ethernet: PTP uses main clock
[   63.223354] stmmac - user ID: 0x11, Synopsys ID: 0x37
[   63.228646] socfpga-dwmac ff802000.ethernet: Ring mode enabled
[   63.234519] socfpga-dwmac ff802000.ethernet: DMA HW capability register supported
[   63.242064] socfpga-dwmac ff802000.ethernet: Enhanced/Alternate descriptors
[   63.249088] socfpga-dwmac ff802000.ethernet: Enabled extended descriptors
[   63.250853] Deasserting reset
[   63.251436] cco_driver 80310000.SM1_cpricore001_CPRICORE001: CPRICORE driver: Device 'conn_cgb1' probed and ready!
[   63.255785] Deasserting reset
[   63.256747] cco_driver 80320000.RF0_cpricore001_CPRICORE001: CPRICORE driver: Device 'conn_cgb2' probed and ready!
[   63.259812] Deasserting reset
[   63.260512] cco_driver 80330000.RF1_cpricore001_CPRICORE001: CPRICORE driver: Device 'conn_cgb3' probed and ready!
[   63.262937] Deasserting reset
[   63.263578] cco_driver 80340000.RF2_cpricore001_CPRICORE001: CPRICORE driver: Device 'conn_cgb4' probed and ready!
[   63.265887] Deasserting reset
[   63.266407] cco_driver 80350000.RF2B_cpricore001_CPRICORE001: CPRICORE driver: Device 'conn_cgb5' probed and ready!
[   63.268757] Deasserting reset
[   63.269280] cco_driver 80380000.RF3_cpricore001_CPRICORE001: CPRICORE driver: Device 'conn_cgb6' probed and ready!
[   63.271700] Deasserting reset
[   63.272262] cco_driver 80390000.RF3B_cpricore001_CPRICORE001: CPRICORE driver: Device 'conn_cgb7' probed and ready!
[   63.274497] Deasserting reset
[   63.275037] cco_driver 80400000.RF4_cpricore001_CPRICORE001: CPRICORE driver: Device 'conn_cgb8' probed and ready!
[   63.277295] Deasserting reset
[   63.277824] cco_driver 80410000.RF4B_cpricore001_CPRICORE001: CPRICORE driver: Device 'conn_cgb9' probed and ready!
[   63.280045] Deasserting reset
[   63.280584] cco_driver 80420000.RF5_cpricore001_CPRICORE001: CPRICORE driver: Device 'conn_cgb10' probed and ready!
[   63.282765] Deasserting reset
[   63.283408] cco_driver 80430000.RF5B_cpricore001_CPRICORE001: CPRICORE driver: Device 'conn_cgb11' probed and ready!
[   63.285666] Deasserting reset
[   63.286186] cco_driver 80440000.RF6_cpricore001_CPRICORE001: CPRICORE driver: Device 'conn_cgb12' probed and ready!
[   63.288395] Deasserting reset
[   63.288937] cco_driver 80450000.RF6B_cpricore001_CPRICORE001: CPRICORE driver: Device 'conn_cgb13' probed and ready!
[   63.291325] Deasserting reset
[   63.291908] cco_driver 80460000.RF7_cpricore001_CPRICORE001: CPRICORE driver: Device 'conn_cgb14' probed and ready!
[   63.294070] Deasserting reset
[   63.294601] cco_driver 80470000.RF7B_cpricore001_CPRICORE001: CPRICORE driver: Device 'conn_cgb15' probed and ready!
[   63.296861] Deasserting reset
[   63.297440] cco_driver 80480000.RF8_cpricore001_CPRICORE001: CPRICORE driver: Device 'conn_cgb16' probed and ready!
[   63.476780] socfpga-dwmac ff802000.ethernet: RX Checksum Offload Engine supported
[   63.484252] socfpga-dwmac ff802000.ethernet: COE Type 2
[   63.489487] socfpga-dwmac ff802000.ethernet: TX Checksum insertion supported
[   63.496529] socfpga-dwmac ff802000.ethernet: Enable RX Mitigation via HW Watchdog Timer
[   63.523088] socfpga-dwmac ff804000.ethernet: PTP uses main clock
[   63.529561] stmmac - user ID: 0x11, Synopsys ID: 0x37
[   63.535680] socfpga-dwmac ff804000.ethernet: Ring mode enabled
[   63.541799] socfpga-dwmac ff804000.ethernet: DMA HW capability register supported
[   63.549307] socfpga-dwmac ff804000.ethernet: Enhanced/Alternate descriptors
[   63.556386] socfpga-dwmac ff804000.ethernet: Enabled extended descriptors
[   63.563163] socfpga-dwmac ff804000.ethernet: RX Checksum Offload Engine supported
[   63.570648] socfpga-dwmac ff804000.ethernet: COE Type 2
[   63.575867] socfpga-dwmac ff804000.ethernet: TX Checksum insertion supported
[   63.582920] socfpga-dwmac ff804000.ethernet: Enable RX Mitigation via HW Watchdog Timer
[   64.008139] Not support switch PN:0xcd32!
[   64.012410] Marvell 88E1510 stmmac-0:01: attached PHY driver [Marvell 88E1510] (mii_bus:phy_addr=stmmac-0:01, irq=-1)
[   64.027348] socfpga-dwmac ff800000.ethernet eth0: IEEE 1588-2008 Advanced Timestamp supported
[   64.038486] socfpga-dwmac ff800000.ethernet eth0: registered PTP clock
[   64.046750] IPv6: ADDRCONF(NETDEV_UP): eth0: link is not ready
[   64.053332] IPv6: ADDRCONF(NETDEV_UP): eth0.257: link is not ready
[   64.059777] IPv6: ADDRCONF(NETDEV_UP): eth0.258: link is not ready
[   64.116879] Generic PHY fixed-0:00: attached PHY driver [Generic PHY] (mii_bus:phy_addr=fixed-0:00, irq=-1)
[   64.130752] socfpga-dwmac ff802000.ethernet eth1: IEEE 1588-2008 Advanced Timestamp supported
[   64.141377] socfpga-dwmac ff802000.ethernet eth1: registered PTP clock
[   64.148986] IPv6: ADDRCONF(NETDEV_UP): eth1: link is not ready
[   64.177406] Generic PHY fixed-0:01: attached PHY driver [Generic PHY] (mii_bus:phy_addr=fixed-0:01, irq=-1)
[   64.190210] socfpga-dwmac ff804000.ethernet eth2: IEEE 1588-2008 Advanced Timestamp supported
[   64.199241] socfpga-dwmac ff804000.ethernet eth2: registered PTP clock
[   64.207032] IPv6: ADDRCONF(NETDEV_UP): eth2: link is not ready
[   64.248631] br0: port 1(eth1) entered blocking state
[   64.253839] br0: port 1(eth1) entered disabled state
[   64.263897] device eth1 entered promiscuous mode
[   64.280915] br0: port 2(eth2) entered blocking state
[   64.285946] br0: port 2(eth2) entered disabled state
[   64.291515] device eth2 entered promiscuous mode
[   64.301740] br0: port 2(eth2) entered blocking state
[   64.306718] br0: port 2(eth2) entered forwarding state
[   64.311947] br0: port 1(eth1) entered blocking state
[   64.316911] br0: port 1(eth1) entered forwarding state
[   64.947619] br0: port 1(eth1) entered disabled state
[   64.953529] br0: port 2(eth2) entered disabled state
[   65.076265] socfpga-dwmac ff800000.ethernet eth0: Link is Up - 1Gbps/Full - flow control off
[   65.084794] IPv6: ADDRCONF(NETDEV_CHANGE): eth0: link becomes ready
[   65.091511] IPv6: ADDRCONF(NETDEV_CHANGE): eth0.257: link becomes ready
[   65.098388] IPv6: ADDRCONF(NETDEV_CHANGE): eth0.258: link becomes ready
[   65.171524] socfpga-dwmac ff802000.ethernet eth1: Link is Up - 1Gbps/Full - flow control off
[   65.180008] IPv6: ADDRCONF(NETDEV_CHANGE): eth1: link becomes ready
[   65.186452] br0: port 1(eth1) entered blocking state
[   65.191416] br0: port 1(eth1) entered forwarding state
[   65.235529] socfpga-dwmac ff804000.ethernet eth2: Link is Up - 1Gbps/Full - flow control off
[   65.244047] IPv6: ADDRCONF(NETDEV_CHANGE): eth2: link becomes ready
[   65.250481] br0: port 2(eth2) entered blocking state
[   65.255462] br0: port 2(eth2) entered forwarding state

2020-11-22 06:52:54,557:INFO:[   68.839889] ttyS1 - failed to request DMA

2020-11-22 06:59:22,748:INFO:
U-Boot SPL 2017.09+gitAUTOINC+c0cfd0b4df-nokia-r153 (Sep 16 2020 - 02:12:22)
MPU         1200000 kHz
L3 main     400000 kHz
Main VCO    1200000 kHz
Per VCO     2000000 kHz
EOSC1       125000 kHz
HPS MMC     100 kHz
UART        100000 kHz

2020-11-22 06:59:26,752:INFO:DDR: emif_clear() failed
DDR: 2048 MiB
QSPI: Reference clock at 400000000 Hz
Stratix10 boot info:
	Last power-on reset triggered by SDM: true
	Last reset type: SDM power-on reset
	Debug reset triggered: false
	CS DAP reset triggered: false
Trying to boot from SPI
RSU current image:  0x03400000
RSU state:          0x00000000
RSU error location: 0x00000000
RSU error details:  0x00000000
RSU SSBL partition SSBL.PROD000001 at address 0x02200000.


U-Boot 2017.09+gitAUTOINC+c0cfd0b4df-nokia-r153 (Sep 16 2020 - 02:12:22 +0000)socfpga_stratix10_aeqb

CPU:   Intel FPGA SoCFPGA Platform
FPGA:  Intel FPGA Stratix 10
Model: Nokia AEQB
       Watchdog enabled
MTest: Memory test flags not setted
DRAM:  2 GiB
De-Assert EMAC0, EMAC1, EMAC2...OK
Stratix10 boot info:
	Last power-on reset triggered by SDM: true
	Last reset type: SDM power-on reset
	Debug reset triggered: false
	CS DAP reset triggered: false
	Clear reset status:0x0
MMC:   
Using default environment

In:    serial
Out:   serial
Err:   serial
Model: Nokia AEQB
Net:   
Warning: ethernet@ff800000 (eth0) using random MAC address - 1a:22:29:79:d7:5c
eth0: ethernet@ff800000
PowerOn or HW or L4WD0 reset, Reset the made
Taking peripheral out of reset ... OK
Configuring Marvell 88E1512 PHY ... OK
Configuring Ethernet Switch ... OK
SF: Detected mt25qu02g with page size 256 Bytes, erase size 64 KiB, total 256 MiB
Slot: selecting slot1
SPTs are GOOD!!!
CPBs are GOOD!!!
Autoboot in 3 seconds

2020-11-22 06:59:29,756:INFO:gpio: pin 0 (gpio 0) value is 1
SF: Detected mt25qu02g with page size 256 Bytes, erase size 64 KiB, total 256 MiB
ubi0: attaching mtd2
ubi0: scanning is finished
ubi0: attached mtd2 (name "mtd=0", size 256 MiB)
ubi0: PEB size: 65536 bytes (64 KiB), LEB size: 65408 bytes
ubi0: min./max. I/O unit sizes: 1/256, sub-page size 1
ubi0: VID header offset: 64 (aligned 64), data offset: 128
ubi0: good PEBs: 4096, bad PEBs: 0, corrupted PEBs: 0
ubi0: user volume: 2, internal volumes: 1, max. volumes count: 128
ubi0: max/mean erase counter: 3/1, WL threshold: 4096, image sequence number: 4194956838
ubi0: available PEBs: 546, total reserved PEBs: 3550, PEBs reserved for bad PEB handling: 0
Read 0 bytes from volume slot1_sw to 30000000
No size specified -> Using max size (66228788)

2020-11-22 06:59:54,773:INFO:## Copying 'fdt' subimage from FIT image at 30000000 ...
crc32+ sha1+    Loading part 253 ... OK
FDT fixup successful
## Loading kernel from FIT Image at 30000000 ...
   Using 'socfpga@0' configuration
   Trying 'kernel@0' kernel subimage
     Description:  Linux kernel
     Type:         Kernel Image
     Compression:  uncompressed
     Data Start:   0x300000e4
     Data Size:    14782976 Bytes = 14.1 MiB
     Architecture: AArch64
     OS:           Linux
     Load Address: 0x01080000
     Entry Point:  0x01080000
     Hash algo:    crc32
     Hash value:   fd5d11b7
     Hash algo:    sha1
     Hash value:   4c363572ec9584596497f151733cd901935d96d7
   Verifying Hash Integrity ... crc32+ sha1+ OK
## Loading ramdisk from FIT Image at 30000000 ...
   Using 'socfpga@0' configuration
   Trying 'rootfs@0' ramdisk subimage
     Description:  Root Filesystem CPIO archive Gzipped
     Type:         RAMDisk Image
     Compression:  uncompressed
     Data Start:   0x30e1daf8
     Data Size:    51425740 Bytes = 49 MiB
     Architecture: AArch64
     OS:           Linux
     Load Address: 0x20000000
     Entry Point:  unavailable
     Hash algo:    crc32
     Hash value:   2a5c7ca4
     Hash algo:    sha1
     Hash value:   1d102a20aaf0a0aa93c42bd48a30fa3789955f59
   Verifying Hash Integrity ... crc32+ sha1+ OK
   Loading ramdisk from 0x30e1daf8 to 0x20000000
## Flattened Device Tree blob at 08000000
   Booting using the fdt blob at 0x8000000
   Loading Kernel Image ... OK
   Loading Ramdisk to 15af4000, end 18bff1cc ... OK
   reserving fdt memory region: addr=8000000 size=9000
   Loading Device Tree to 0000000015ae8000, end 0000000015af3fff ... OK

Starting kernel ...

[    0.000000] Booting Linux on physical CPU 0x0
[    0.000000] Linux version 4.12.29-nokia-r91 (oe-user@oe-host) (gcc version 7.3.0 (GCC) ) #1 SMP PREEMPT Tue Jul 7 10:22:54 UTC 2020
[    0.000000] Boot CPU: AArch64 Processor [410fd034]
[    0.000000] Machine model: SoCFPGA Stratix 10 AEQB
[    0.000000] earlycon: uart0 at MMIO32 0x00000000ffc02000 (options '115200n8')
[    0.000000] bootconsole [uart0] enabled
[    0.000000] efi: Getting EFI parameters from FDT:
[    0.000000] efi: UEFI not found.
[    0.000000] Reserved memory: created DMA memory pool at 0x0000000000000000, size 16 MiB
[    0.000000] OF: reserved mem: initialized node svcbuffer@0, compatible id shared-dma-pool
[    0.000000] cma: Reserved 16 MiB at 0x0000000078800000
[    0.000000] psci: probing for conduit method from DT.
[    0.000000] psci: PSCIv65535.65535 detected in firmware.
[    0.000000] psci: Using standard PSCI v0.2 function IDs
[    0.000000] psci: MIGRATE_INFO_TYPE not supported.
[    0.000000] psci: SMC Calling Convention v1.0
[    0.000000] percpu: Embedded 22 pages/cpu @(____ptrval____) s52888 r8192 d29032 u90112
[    0.000000] Detected VIPT I-cache on CPU0
[    0.000000] CPU features: enabling workaround for ARM erratum 845719
[    0.000000] Built 1 zonelists in Zone order, mobility grouping on.  Total pages: 486612
[    0.000000] Kernel command line: earlyprintk earlycon syscon_enable=1 console=ttyS0,115200n8 rdinit=/sbin/init rw initrd=0x20000000,0x8000000 runningVolName=slot1_sw
[    0.000000] PID hash table entries: 4096 (order: 3, 32768 bytes)
[    0.000000] Dentry cache hash table entries: 262144 (order: 9, 2097152 bytes)
[    0.000000] Inode-cache hash table entries: 131072 (order: 8, 1048576 bytes)
[    0.000000] Memory: 1728016K/1977344K available (9724K kernel code, 1188K rwdata, 2528K rodata, 960K init, 738K bss, 232944K reserved, 16384K cma-reserved)
[    0.000000] Virtual kernel memory layout:
[    0.000000]     modules : 0xffff000000000000 - 0xffff000008000000   (   128 MB)
[    0.000000]     vmalloc : 0xffff000008000000 - 0xffff7dffbfff0000   (129022 GB)
[    0.000000]       .text : 0x(____ptrval____) - 0x(____ptrval____)   (  9728 KB)
[    0.000000]     .rodata : 0x(____ptrval____) - 0x(____ptrval____)   (  2560 KB)
[    0.000000]       .init : 0x(____ptrval____) - 0x(____ptrval____)   (   960 KB)
[    0.000000]       .data : 0x(____ptrval____) - 0x(____ptrval____)   (  1189 KB)
[    0.000000]        .bss : 0x(____ptrval____) - 0x(____ptrval____)   (   739 KB)
[    0.000000]     fixed   : 0xffff7dfffe7fb000 - 0xffff7dfffec00000   (  4116 KB)
[    0.000000]     PCI I/O : 0xffff7dfffee00000 - 0xffff7dffffe00000   (    16 MB)
[    0.000000]     vmemmap : 0xffff7e0000000000 - 0xffff800000000000   (  2048 GB maximum)
[    0.000000]               0xffff7e0000040000 - 0xffff7e0001e6c000   (    30 MB actual)
[    0.000000]     memory  : 0xffff800001000000 - 0xffff800079b00000   (  1931 MB)
[    0.000000] SLUB: HWalign=64, Order=0-3, MinObjects=0, CPUs=4, Nodes=1
[    0.000000] ftrace: allocating 32767 entries in 128 pages
[    0.000000] Preemptible hierarchical RCU implementation.
[    0.000000] NR_IRQS:64 nr_irqs:64 0
[    0.000000] GIC: Using split EOI/Deactivate mode
[    0.000000] arch_timer: cp15 timer(s) running at 400.00MHz (phys).
[    0.000000] clocksource: arch_sys_counter: mask: 0xffffffffffffff max_cycles: 0x5c4093a7d1, max_idle_ns: 440795210635 ns
[    0.000004] sched_clock: 56 bits at 400MHz, resolution 2ns, wraps every 4398046511103ns
[    0.008164] Console: colour dummy device 80x25
[    0.012615] Calibrating delay loop (skipped), value calculated using timer frequency.. 800.00 BogoMIPS (lpj=1600000)
[    0.023097] pid_max: default: 32768 minimum: 301
[    0.027764] Security Framework initialized
[    0.031980] Mount-cache hash table entries: 4096 (order: 3, 32768 bytes)
[    0.038658] Mountpoint-cache hash table entries: 4096 (order: 3, 32768 bytes)
[    0.061841] ASID allocator initialised with 32768 entries
[    0.076778] EFI services will not be available.
[    0.089320] smp: Bringing up secondary CPUs ...
[    0.121971] Detected VIPT I-cache on CPU1
[    0.122032] CPU1: Booted secondary processor [410fd034]
[    0.150001] Detected VIPT I-cache on CPU2
[    0.150023] CPU2: Booted secondary processor [410fd034]
[    0.178067] Detected VIPT I-cache on CPU3
[    0.178088] CPU3: Booted secondary processor [410fd034]
[    0.178140] smp: Brought up 1 node, 4 CPUs
[    0.209794] SMP: Total of 4 processors activated.
[    0.214485] CPU features: detected feature: 32-bit EL0 Support
[    0.220297] CPU features: detected feature: Kernel page table isolation (KPTI)
[    0.229825] CPU: All CPU(s) started at EL2
[    0.233924] alternatives: patching kernel code
[    0.239585] devtmpfs: initialized
[    0.246115] DMI not present or invalid.
[    0.250081] clocksource: jiffies: mask: 0xffffffff max_cycles: 0xffffffff, max_idle_ns: 7645041785100000 ns
[    0.259795] futex hash table entries: 1024 (order: 5, 131072 bytes)
[    0.266961] xor: measuring software checksum speed
[    0.311792]    8regs     :  2292.000 MB/sec
[    0.356013]    8regs_prefetch:  2041.000 MB/sec
[    0.400580]    32regs    :  2811.000 MB/sec
[    0.444799]    32regs_prefetch:  2370.000 MB/sec
[    0.449402] xor: using function: 32regs (2811.000 MB/sec)
[    0.455484] NET: Registered protocol family 16
[    0.460699] cpuidle: using governor ladder
[    0.464804] cpuidle: using governor menu
[    0.468848] vdso: 2 pages (1 code @ (____ptrval____), 1 data @ (____ptrval____))
[    0.476226] hw-breakpoint: found 6 breakpoint and 4 watchpoint registers.
[    0.491499] DMA: preallocated 256 KiB pool for atomic allocations
[    0.497619] dw_wdt: Synopsys DesignWare Watchdog Driver is registered at arch_initcall level
[    0.509897] dw_wdt: +++ skip updating timeout to wdd.
[    0.521242] HugeTLB registered 2 MB page size, pre-allocated 0 pages
[    0.595789] raid6: int64x1  gen()   407 MB/s
[    0.668174] raid6: int64x1  xor()   450 MB/s
[    0.740620] raid6: int64x2  gen()   705 MB/s
[    0.813006] raid6: int64x2  xor()   607 MB/s
[    0.885421] raid6: int64x4  gen()  1065 MB/s
[    0.957815] raid6: int64x4  xor()   747 MB/s
[    1.029886] raid6: int64x8  gen()   989 MB/s
[    1.101965] raid6: int64x8  xor()   750 MB/s
[    1.174054] raid6: neonx1   gen()   736 MB/s
[    1.246130] raid6: neonx1   xor()   765 MB/s
[    1.318217] raid6: neonx2   gen()  1192 MB/s
[    1.390310] raid6: neonx2   xor()  1042 MB/s
[    1.462385] raid6: neonx4   gen()  1552 MB/s
[    1.534475] raid6: neonx4   xor()  1195 MB/s
[    1.606565] raid6: neonx8   gen()  1567 MB/s
[    1.678639] raid6: neonx8   xor()  1205 MB/s
[    1.682895] raid6: using algorithm neonx8 gen() 1567 MB/s
[    1.688273] raid6: .... xor() 1205 MB/s, rmw enabled
[    1.693219] raid6: using intx1 recovery algorithm
[    1.698523] vgaarb: loaded
[    1.701716] Intel Service Layer Driver Initialized
[    1.706798] SCSI subsystem initialized
[    1.710737] usbcore: registered new interface driver usbfs
[    1.716238] usbcore: registered new interface driver hub
[    1.721582] usbcore: registered new device driver usb
[    1.727026] pps_core: LinuxPPS API ver. 1 registered
[    1.731978] pps_core: Software ver. 5.3.6 - Copyright 2005-2007 Rodolfo Giometti <giometti@linux.it>
[    1.741085] PTP clock support registered
[    1.745132] EDAC MC: Ver: 3.0.0
[    1.748479] dmi: Firmware registration failed.
[    1.752978] FPGA manager framework
[    1.756479] fpga-region soc:base_fpga_region: FPGA Region probed
[    1.763582] clocksource: Switched to clocksource arch_sys_counter
[    1.853761] NET: Registered protocol family 2
[    1.858764] TCP established hash table entries: 16384 (order: 5, 131072 bytes)
[    1.866077] TCP bind hash table entries: 16384 (order: 6, 262144 bytes)
[    1.873367] TCP: Hash tables configured (established 16384 bind 16384)
[    1.880013] UDP hash table entries: 1024 (order: 3, 32768 bytes)
[    1.886039] UDP-Lite hash table entries: 1024 (order: 3, 32768 bytes)
[    1.892686] NET: Registered protocol family 1
[    1.897620] RPC: Registered named UNIX socket transport module.
[    1.903529] RPC: Registered udp transport module.
[    1.908247] RPC: Registered tcp transport module.
[    1.912936] RPC: Registered tcp NFSv4.1 backchannel transport module.
[    1.919545] Trying to unpack rootfs image as initramfs...

2020-11-22 07:00:24,804:INFO:
--=---+---=--
       \___         NOKIA RFSW LINUX
 ---=---+-I-=---         TD-CPRI
        |\
  ---=----+----=---
        |
        ^
Wind River Linux LTS 10.17.41.17
TRM60.10.R03 jenkins-PROD_mMIMO_TRM6_release-742 2020-09-24_14-15-04 rev a9b8c29e
stratix10-aeqb login: 
2020-11-22 07:00:56,821:INFO:[   60.753876] fpga_manager fpga0: writing aeqb-td-bitstream.core.rbf to Stratix10 SOC FPGA Manager
[   60.896866] Stratix10 SoC FPGA manager soc:fpga-mgr@0: Requesting full reconfiguration.
[   62.215943] ccr_driver f9040000.ccr: CCR driver: Device 'ccr0' probed. ret:0!
[   62.233985] altera-i2c f9001800.i2c: Altera SoftIP I2C Probe Complete
[   62.244509] altera-i2c f90018c0.i2c: Altera SoftIP I2C Probe Complete
[   62.267390] Deasserting reset
[   62.269142] cco_driver 80300000.SM0_cpricore001_CPRICORE001: CPRICORE driver: Device 'conn_cgb0' probed and ready!
[   62.310615] socfpga-dwmac ff802000.ethernet: PTP uses main clock
[   62.311036] Deasserting reset
[   62.311965] cco_driver 80310000.SM1_cpricore001_CPRICORE001: CPRICORE driver: Device 'conn_cgb1' probed and ready!
[   62.316146] Deasserting reset
[   62.316939] cco_driver 80320000.RF0_cpricore001_CPRICORE001: CPRICORE driver: Device 'conn_cgb2' probed and ready!
[   62.320476] Deasserting reset
[   62.321266] cco_driver 80330000.RF1_cpricore001_CPRICORE001: CPRICORE driver: Device 'conn_cgb3' probed and ready!
[   62.326037] Deasserting reset
[   62.326621] cco_driver 80340000.RF2_cpricore001_CPRICORE001: CPRICORE driver: Device 'conn_cgb4' probed and ready!
[   62.329703] Deasserting reset
[   62.330074] cco_driver 80350000.RF2B_cpricore001_CPRICORE001: CPRICORE driver: Device 'conn_cgb5' probed and ready!
[   62.331381] Deasserting reset
[   62.331877] cco_driver 80380000.RF3_cpricore001_CPRICORE001: CPRICORE driver: Device 'conn_cgb6' probed and ready!
[   62.333281] Deasserting reset
[   62.333583] cco_driver 80390000.RF3B_cpricore001_CPRICORE001: CPRICORE driver: Device 'conn_cgb7' probed and ready!
[   62.335006] Deasserting reset
[   62.335303] cco_driver 80400000.RF4_cpricore001_CPRICORE001: CPRICORE driver: Device 'conn_cgb8' probed and ready!
[   62.336709] Deasserting reset
[   62.337006] cco_driver 80410000.RF4B_cpricore001_CPRICORE001: CPRICORE driver: Device 'conn_cgb9' probed and ready!
[   62.338345] Deasserting reset
[   62.338643] cco_driver 80420000.RF5_cpricore001_CPRICORE001: CPRICORE driver: Device 'conn_cgb10' probed and ready!
[   62.340203] Deasserting reset
[   62.340506] cco_driver 80430000.RF5B_cpricore001_CPRICORE001: CPRICORE driver: Device 'conn_cgb11' probed and ready!
[   62.341757] Deasserting reset
[   62.342072] cco_driver 80440000.RF6_cpricore001_CPRICORE001: CPRICORE driver: Device 'conn_cgb12' probed and ready!
[   62.343402] Deasserting reset
[   62.343755] cco_driver 80450000.RF6B_cpricore001_CPRICORE001: CPRICORE driver: Device 'conn_cgb13' probed and ready!
[   62.344982] Deasserting reset
[   62.345265] cco_driver 80460000.RF7_cpricore001_CPRICORE001: CPRICORE driver: Device 'conn_cgb14' probed and ready!
[   62.346536] Deasserting reset
[   62.346836] cco_driver 80470000.RF7B_cpricore001_CPRICORE001: CPRICORE driver: Device 'conn_cgb15' probed and ready!
[   62.348142] Deasserting reset
[   62.348496] cco_driver 80480000.RF8_cpricore001_CPRICORE001: CPRICORE driver: Device 'conn_cgb16' probed and ready!
[   62.349845] Deasserting reset
[   62.350195] cco_driver 80490000.RF8B_cpricore001_CPRICORE001: CPRICORE driver: Device 'conn_cgb17' probed and ready!
[   62.567212] stmmac - user ID: 0x11, Synopsys ID: 0x37
[   62.573204] socfpga-dwmac ff802000.ethernet: Ring mode enabled
[   62.579069] socfpga-dwmac ff802000.ethernet: DMA HW capability register supported
[   62.586540] socfpga-dwmac ff802000.ethernet: Enhanced/Alternate descriptors
[   62.593524] socfpga-dwmac ff802000.ethernet: Enabled extended descriptors
[   62.600306] socfpga-dwmac ff802000.ethernet: RX Checksum Offload Engine supported
[   62.607804] socfpga-dwmac ff802000.ethernet: COE Type 2
[   62.613026] socfpga-dwmac ff802000.ethernet: TX Checksum insertion supported
[   62.620090] socfpga-dwmac ff802000.ethernet: Enable RX Mitigation via HW Watchdog Timer
[   62.638527] socfpga-dwmac ff804000.ethernet: PTP uses main clock
[   62.645015] stmmac - user ID: 0x11, Synopsys ID: 0x37
[   62.650305] socfpga-dwmac ff804000.ethernet: Ring mode enabled
[   62.657028] socfpga-dwmac ff804000.ethernet: DMA HW capability register supported
[   62.664911] socfpga-dwmac ff804000.ethernet: Enhanced/Alternate descriptors
[   62.672203] socfpga-dwmac ff804000.ethernet: Enabled extended descriptors
[   62.679006] socfpga-dwmac ff804000.ethernet: RX Checksum Offload Engine supported
[   62.686476] socfpga-dwmac ff804000.ethernet: COE Type 2
[   62.691699] socfpga-dwmac ff804000.ethernet: TX Checksum insertion supported
[   62.698740] socfpga-dwmac ff804000.ethernet: Enable RX Mitigation via HW Watchdog Timer
[   63.108254] Not support switch PN:0xcd32!
[   63.112529] Marvell 88E1510 stmmac-0:01: attached PHY driver [Marvell 88E1510] (mii_bus:phy_addr=stmmac-0:01, irq=-1)
[   63.126900] socfpga-dwmac ff800000.ethernet eth0: IEEE 1588-2008 Advanced Timestamp supported
[   63.135897] socfpga-dwmac ff800000.ethernet eth0: registered PTP clock
[   63.143705] IPv6: ADDRCONF(NETDEV_UP): eth0: link is not ready
[   63.150460] IPv6: ADDRCONF(NETDEV_UP): eth0.257: link is not ready
[   63.157372] IPv6: ADDRCONF(NETDEV_UP): eth0.258: link is not ready
[   63.215130] Generic PHY fixed-0:00: attached PHY driver [Generic PHY] (mii_bus:phy_addr=fixed-0:00, irq=-1)
[   63.227441] socfpga-dwmac ff802000.ethernet eth1: IEEE 1588-2008 Advanced Timestamp supported
[   63.236769] socfpga-dwmac ff802000.ethernet eth1: registered PTP clock
[   63.244487] IPv6: ADDRCONF(NETDEV_UP): eth1: link is not ready
[   63.276614] Generic PHY fixed-0:01: attached PHY driver [Generic PHY] (mii_bus:phy_addr=fixed-0:01, irq=-1)
[   63.289992] socfpga-dwmac ff804000.ethernet eth2: IEEE 1588-2008 Advanced Timestamp supported
[   63.301224] socfpga-dwmac ff804000.ethernet eth2: registered PTP clock
[   63.308816] IPv6: ADDRCONF(NETDEV_UP): eth2: link is not ready
[   63.351231] br0: port 1(eth1) entered blocking state
[   63.357667] br0: port 1(eth1) entered disabled state
[   63.365467] device eth1 entered promiscuous mode
[   63.379365] br0: port 2(eth2) entered blocking state
[   63.384500] br0: port 2(eth2) entered disabled state
[   63.389815] device eth2 entered promiscuous mode
[   63.399235] br0: port 2(eth2) entered blocking state
[   63.404215] br0: port 2(eth2) entered forwarding state
[   63.409428] br0: port 1(eth1) entered blocking state
[   63.414396] br0: port 1(eth1) entered forwarding state
[   64.051681] br0: port 1(eth1) entered disabled state
[   64.057625] br0: port 2(eth2) entered disabled state
[   64.180390] socfpga-dwmac ff800000.ethernet eth0: Link is Up - 1Gbps/Full - flow control off
[   64.189023] IPv6: ADDRCONF(NETDEV_CHANGE): eth0: link becomes ready
[   64.195756] IPv6: ADDRCONF(NETDEV_CHANGE): eth0.257: link becomes ready
[   64.202642] IPv6: ADDRCONF(NETDEV_CHANGE): eth0.258: link becomes ready
[   64.243639] socfpga-dwmac ff802000.ethernet eth1: Link is Up - 1Gbps/Full - flow control off
[   64.252269] IPv6: ADDRCONF(NETDEV_CHANGE): eth1: link becomes ready
[   64.258751] br0: port 1(eth1) entered blocking state
[   64.263717] br0: port 1(eth1) entered forwarding state
[   64.339642] socfpga-dwmac ff804000.ethernet eth2: Link is Up - 1Gbps/Full - flow control off
[   64.348154] IPv6: ADDRCONF(NETDEV_CHANGE): eth2: link becomes ready
[   64.354584] br0: port 2(eth2) entered blocking state
[   64.359554] br0: port 2(eth2) entered forwarding state

2020-11-22 07:01:00,827:INFO:[   67.662811] ttyS1 - failed to request DMA

2020-11-22 07:07:32,024:INFO:
U-Boot SPL 2017.09+gitAUTOINC+c0cfd0b4df-nokia-r153 (Sep 16 2020 - 02:12:22)
MPU         1200000 kHz
L3 main     400000 kHz
Main VCO    1200000 kHz
Per VCO     2000000 kHz
EOSC1       125000 kHz
HPS MMC     100 kHz
UART        100000 kHz

2020-11-22 07:07:36,028:INFO:DDR: emif_clear() failed
DDR: 2048 MiB
QSPI: Reference clock at 400000000 Hz
Stratix10 boot info:
	Last power-on reset triggered by SDM: true
	Last reset type: SDM power-on reset
	Debug reset triggered: false
	CS DAP reset triggered: false
Trying to boot from SPI
RSU current image:  0x03400000
RSU state:          0x00000000
RSU error location: 0x00000000
RSU error details:  0x00000000
RSU SSBL partition SSBL.PROD000001 at address 0x02200000.


U-Boot 2017.09+gitAUTOINC+c0cfd0b4df-nokia-r153 (Sep 16 2020 - 02:12:22 +0000)socfpga_stratix10_aeqb

CPU:   Intel FPGA SoCFPGA Platform
FPGA:  Intel FPGA Stratix 10
Model: Nokia AEQB
       Watchdog enabled
MTest: Memory test flags not setted
DRAM:  2 GiB
De-Assert EMAC0, EMAC1, EMAC2...OK
Stratix10 boot info:
	Last power-on reset triggered by SDM: true
	Last reset type: SDM power-on reset
	Debug reset triggered: false
	CS DAP reset triggered: false
	Clear reset status:0x0
MMC:   
Using default environment

In:    serial
Out:   serial
Err:   serial
Model: Nokia AEQB
Net:   
Warning: ethernet@ff800000 (eth0) using random MAC address - 1a:22:29:79:d7:5c
eth0: ethernet@ff800000
PowerOn or HW or L4WD0 reset, Reset the made
Taking peripheral out of reset ... OK
Configuring Marvell 88E1512 PHY ... OK
Configuring Ethernet Switch ... OK
SF: Detected mt25qu02g with page size 256 Bytes, erase size 64 KiB, total 256 MiB
Slot: selecting slot1
SPTs are GOOD!!!
CPBs are GOOD!!!
Autoboot in 3 seconds

2020-11-22 07:07:39,030:INFO:gpio: pin 0 (gpio 0) value is 1
SF: Detected mt25qu02g with page size 256 Bytes, erase size 64 KiB, total 256 MiB
ubi0: attaching mtd2
ubi0: scanning is finished
ubi0: attached mtd2 (name "mtd=0", size 256 MiB)
ubi0: PEB size: 65536 bytes (64 KiB), LEB size: 65408 bytes
ubi0: min./max. I/O unit sizes: 1/256, sub-page size 1
ubi0: VID header offset: 64 (aligned 64), data offset: 128
ubi0: good PEBs: 4096, bad PEBs: 0, corrupted PEBs: 0
ubi0: user volume: 2, internal volumes: 1, max. volumes count: 128
ubi0: max/mean erase counter: 3/1, WL threshold: 4096, image sequence number: 4194956838
ubi0: available PEBs: 546, total reserved PEBs: 3550, PEBs reserved for bad PEB handling: 0
Read 0 bytes from volume slot1_sw to 30000000
No size specified -> Using max size (66228788)

2020-11-22 07:08:04,041:INFO:## Copying 'fdt' subimage from FIT image at 30000000 ...
crc32+ sha1+    Loading part 253 ... OK
FDT fixup successful
## Loading kernel from FIT Image at 30000000 ...
   Using 'socfpga@0' configuration
   Trying 'kernel@0' kernel subimage
     Description:  Linux kernel
     Type:         Kernel Image
     Compression:  uncompressed
     Data Start:   0x300000e4
     Data Size:    14782976 Bytes = 14.1 MiB
     Architecture: AArch64
     OS:           Linux
     Load Address: 0x01080000
     Entry Point:  0x01080000
     Hash algo:    crc32
     Hash value:   fd5d11b7
     Hash algo:    sha1
     Hash value:   4c363572ec9584596497f151733cd901935d96d7
   Verifying Hash Integrity ... crc32+ sha1+ OK
## Loading ramdisk from FIT Image at 30000000 ...
   Using 'socfpga@0' configuration
   Trying 'rootfs@0' ramdisk subimage
     Description:  Root Filesystem CPIO archive Gzipped
     Type:         RAMDisk Image
     Compression:  uncompressed
     Data Start:   0x30e1daf8
     Data Size:    51425740 Bytes = 49 MiB
     Architecture: AArch64
     OS:           Linux
     Load Address: 0x20000000
     Entry Point:  unavailable
     Hash algo:    crc32
     Hash value:   2a5c7ca4
     Hash algo:    sha1
     Hash value:   1d102a20aaf0a0aa93c42bd48a30fa3789955f59
   Verifying Hash Integrity ... crc32+ sha1+ OK
   Loading ramdisk from 0x30e1daf8 to 0x20000000
## Flattened Device Tree blob at 08000000
   Booting using the fdt blob at 0x8000000
   Loading Kernel Image ... OK
   Loading Ramdisk to 15af4000, end 18bff1cc ... OK
   reserving fdt memory region: addr=8000000 size=9000
   Loading Device Tree to 0000000015ae8000, end 0000000015af3fff ... OK

Starting kernel ...

[    0.000000] Booting Linux on physical CPU 0x0
[    0.000000] Linux version 4.12.29-nokia-r91 (oe-user@oe-host) (gcc version 7.3.0 (GCC) ) #1 SMP PREEMPT Tue Jul 7 10:22:54 UTC 2020
[    0.000000] Boot CPU: AArch64 Processor [410fd034]
[    0.000000] Machine model: SoCFPGA Stratix 10 AEQB
[    0.000000] earlycon: uart0 at MMIO32 0x00000000ffc02000 (options '115200n8')
[    0.000000] bootconsole [uart0] enabled
[    0.000000] efi: Getting EFI parameters from FDT:
[    0.000000] efi: UEFI not found.
[    0.000000] Reserved memory: created DMA memory pool at 0x0000000000000000, size 16 MiB
[    0.000000] OF: reserved mem: initialized node svcbuffer@0, compatible id shared-dma-pool
[    0.000000] cma: Reserved 16 MiB at 0x0000000078800000
[    0.000000] psci: probing for conduit method from DT.
[    0.000000] psci: PSCIv65535.65535 detected in firmware.
[    0.000000] psci: Using standard PSCI v0.2 function IDs
[    0.000000] psci: MIGRATE_INFO_TYPE not supported.
[    0.000000] psci: SMC Calling Convention v1.0
[    0.000000] percpu: Embedded 22 pages/cpu @(____ptrval____) s52888 r8192 d29032 u90112
[    0.000000] Detected VIPT I-cache on CPU0
[    0.000000] CPU features: enabling workaround for ARM erratum 845719
[    0.000000] Built 1 zonelists in Zone order, mobility grouping on.  Total pages: 486612
[    0.000000] Kernel command line: earlyprintk earlycon syscon_enable=1 console=ttyS0,115200n8 rdinit=/sbin/init rw initrd=0x20000000,0x8000000 runningVolName=slot1_sw
[    0.000000] PID hash table entries: 4096 (order: 3, 32768 bytes)
[    0.000000] Dentry cache hash table entries: 262144 (order: 9, 2097152 bytes)
[    0.000000] Inode-cache hash table entries: 131072 (order: 8, 1048576 bytes)
[    0.000000] Memory: 1728016K/1977344K available (9724K kernel code, 1188K rwdata, 2528K rodata, 960K init, 738K bss, 232944K reserved, 16384K cma-reserved)
[    0.000000] Virtual kernel memory layout:
[    0.000000]     modules : 0xffff000000000000 - 0xffff000008000000   (   128 MB)
[    0.000000]     vmalloc : 0xffff000008000000 - 0xffff7dffbfff0000   (129022 GB)
[    0.000000]       .text : 0x(____ptrval____) - 0x(____ptrval____)   (  9728 KB)
[    0.000000]     .rodata : 0x(____ptrval____) - 0x(____ptrval____)   (  2560 KB)
[    0.000000]       .init : 0x(____ptrval____) - 0x(____ptrval____)   (   960 KB)
[    0.000000]       .data : 0x(____ptrval____) - 0x(____ptrval____)   (  1189 KB)
[    0.000000]        .bss : 0x(____ptrval____) - 0x(____ptrval____)   (   739 KB)
[    0.000000]     fixed   : 0xffff7dfffe7fb000 - 0xffff7dfffec00000   (  4116 KB)
[    0.000000]     PCI I/O : 0xffff7dfffee00000 - 0xffff7dffffe00000   (    16 MB)
[    0.000000]     vmemmap : 0xffff7e0000000000 - 0xffff800000000000   (  2048 GB maximum)
[    0.000000]               0xffff7e0000040000 - 0xffff7e0001e6c000   (    30 MB actual)
[    0.000000]     memory  : 0xffff800001000000 - 0xffff800079b00000   (  1931 MB)
[    0.000000] SLUB: HWalign=64, Order=0-3, MinObjects=0, CPUs=4, Nodes=1
[    0.000000] ftrace: allocating 32767 entries in 128 pages
[    0.000000] Preemptible hierarchical RCU implementation.
[    0.000000] NR_IRQS:64 nr_irqs:64 0
[    0.000000] GIC: Using split EOI/Deactivate mode
[    0.000000] arch_timer: cp15 timer(s) running at 400.00MHz (phys).
[    0.000000] clocksource: arch_sys_counter: mask: 0xffffffffffffff max_cycles: 0x5c4093a7d1, max_idle_ns: 440795210635 ns
[    0.000004] sched_clock: 56 bits at 400MHz, resolution 2ns, wraps every 4398046511103ns
[    0.008164] Console: colour dummy device 80x25
[    0.012616] Calibrating delay loop (skipped), value calculated using timer frequency.. 800.00 BogoMIPS (lpj=1600000)
[    0.023098] pid_max: default: 32768 minimum: 301
[    0.027767] Security Framework initialized
[    0.031982] Mount-cache hash table entries: 4096 (order: 3, 32768 bytes)
[    0.038660] Mountpoint-cache hash table entries: 4096 (order: 3, 32768 bytes)
[    0.061841] ASID allocator initialised with 32768 entries
[    0.076768] EFI services will not be available.
[    0.089311] smp: Bringing up secondary CPUs ...
[    0.121959] Detected VIPT I-cache on CPU1
[    0.122016] CPU1: Booted secondary processor [410fd034]
[    0.149990] Detected VIPT I-cache on CPU2
[    0.150011] CPU2: Booted secondary processor [410fd034]
[    0.178054] Detected VIPT I-cache on CPU3
[    0.178075] CPU3: Booted secondary processor [410fd034]
[    0.178127] smp: Brought up 1 node, 4 CPUs
[    0.209781] SMP: Total of 4 processors activated.
[    0.214472] CPU features: detected feature: 32-bit EL0 Support
[    0.220285] CPU features: detected feature: Kernel page table isolation (KPTI)
[    0.229815] CPU: All CPU(s) started at EL2
[    0.233914] alternatives: patching kernel code
[    0.239575] devtmpfs: initialized
[    0.246104] DMI not present or invalid.
[    0.250070] clocksource: jiffies: mask: 0xffffffff max_cycles: 0xffffffff, max_idle_ns: 7645041785100000 ns
[    0.259783] futex hash table entries: 1024 (order: 5, 131072 bytes)
[    0.266951] xor: measuring software checksum speed
[    0.311782]    8regs     :  2292.000 MB/sec
[    0.356004]    8regs_prefetch:  2041.000 MB/sec
[    0.400571]    32regs    :  2811.000 MB/sec
[    0.444790]    32regs_prefetch:  2370.000 MB/sec
[    0.449392] xor: using function: 32regs (2811.000 MB/sec)
[    0.455465] NET: Registered protocol family 16
[    0.460668] cpuidle: using governor ladder
[    0.464773] cpuidle: using governor menu
[    0.468816] vdso: 2 pages (1 code @ (____ptrval____), 1 data @ (____ptrval____))
[    0.476194] hw-breakpoint: found 6 breakpoint and 4 watchpoint registers.
[    0.484055] DMA: preallocated 256 KiB pool for atomic allocations
[    0.490175] dw_wdt: Synopsys DesignWare Watchdog Driver is registered at arch_initcall level
[    0.502463] dw_wdt: +++ skip updating timeout to wdd.
[    0.513747] HugeTLB registered 2 MB page size, pre-allocated 0 pages
[    0.588295] raid6: int64x1  gen()   407 MB/s
[    0.660709] raid6: int64x1  xor()   451 MB/s
[    0.733078] raid6: int64x2  gen()   704 MB/s
[    0.805441] raid6: int64x2  xor()   606 MB/s
[    0.877833] raid6: int64x4  gen()  1065 MB/s
[    0.950243] raid6: int64x4  xor()   747 MB/s
[    1.022296] raid6: int64x8  gen()   989 MB/s
[    1.094378] raid6: int64x8  xor()   750 MB/s
[    1.166516] raid6: neonx1   gen()   737 MB/s
[    1.238536] raid6: neonx1   xor()   765 MB/s
[    1.310639] raid6: neonx2   gen()  1192 MB/s
[    1.382707] raid6: neonx2   xor()  1041 MB/s
[    1.454822] raid6: neonx4   gen()  1553 MB/s
[    1.526877] raid6: neonx4   xor()  1194 MB/s
[    1.598988] raid6: neonx8   gen()  1568 MB/s
[    1.671044] raid6: neonx8   xor()  1205 MB/s
[    1.675300] raid6: using algorithm neonx8 gen() 1568 MB/s
[    1.680678] raid6: .... xor() 1205 MB/s, rmw enabled
[    1.685624] raid6: using intx1 recovery algorithm
[    1.690930] vgaarb: loaded
[    1.694124] Intel Service Layer Driver Initialized
[    1.699208] SCSI subsystem initialized
[    1.703144] usbcore: registered new interface driver usbfs
[    1.708646] usbcore: registered new interface driver hub
[    1.713989] usbcore: registered new device driver usb
[    1.719433] pps_core: LinuxPPS API ver. 1 registered
[    1.724386] pps_core: Software ver. 5.3.6 - Copyright 2005-2007 Rodolfo Giometti <giometti@linux.it>
[    1.733492] PTP clock support registered
[    1.737534] EDAC MC: Ver: 3.0.0
[    1.740885] dmi: Firmware registration failed.
[    1.745384] FPGA manager framework
[    1.748885] fpga-region soc:base_fpga_region: FPGA Region probed
[    1.755994] clocksource: Switched to clocksource arch_sys_counter
[    1.846181] NET: Registered protocol family 2
[    1.851189] TCP established hash table entries: 16384 (order: 5, 131072 bytes)
[    1.858504] TCP bind hash table entries: 16384 (order: 6, 262144 bytes)
[    1.865784] TCP: Hash tables configured (established 16384 bind 16384)
[    1.872434] UDP hash table entries: 1024 (order: 3, 32768 bytes)
[    1.878463] UDP-Lite hash table entries: 1024 (order: 3, 32768 bytes)
[    1.885105] NET: Registered protocol family 1
[    1.890056] RPC: Registered named UNIX socket transport module.
[    1.895967] RPC: Registered udp transport module.
[    1.900657] RPC: Registered tcp transport module.
[    1.905345] RPC: Registered tcp NFSv4.1 backchannel transport module.
[    1.912013] Trying to unpack rootfs image as initramfs...

2020-11-22 07:08:33,065:INFO:
--=---+---=--
       \___         NOKIA RFSW LINUX
 ---=---+-I-=---         TD-CPRI
        |\
  ---=----+----=---
        |
        ^
Wind River Linux LTS 10.17.41.17
TRM60.10.R03 jenkins-PROD_mMIMO_TRM6_release-742 2020-09-24_14-15-04 rev a9b8c29e
stratix10-aeqb login: 
2020-11-22 07:09:03,078:INFO:[   58.016503] fpga_manager fpga0: writing aeqb-td-bitstream.core.rbf to Stratix10 SOC FPGA Manager
[   58.157357] Stratix10 SoC FPGA manager soc:fpga-mgr@0: Requesting full reconfiguration.
[   59.496636] ccr_driver f9040000.ccr: CCR driver: Device 'ccr0' probed. ret:0!
[   59.516990] altera-i2c f9001800.i2c: Altera SoftIP I2C Probe Complete
[   59.533073] altera-i2c f90018c0.i2c: Altera SoftIP I2C Probe Complete
[   59.556844] Deasserting reset
[   59.558193] cco_driver 80300000.SM0_cpricore001_CPRICORE001: CPRICORE driver: Device 'conn_cgb0' probed and ready!
[   59.582197] socfpga-dwmac ff802000.ethernet: PTP uses main clock
[   59.589206] stmmac - user ID: 0x11, Synopsys ID: 0x37
[   59.594979] socfpga-dwmac ff802000.ethernet: Ring mode enabled
[   59.601220] socfpga-dwmac ff802000.ethernet: DMA HW capability register supported
[   59.611358] Deasserting reset
[   59.614220] cco_driver 80310000.SM1_cpricore001_CPRICORE001: CPRICORE driver: Device 'conn_cgb1' probed and ready!
[   59.631393] socfpga-dwmac ff802000.ethernet: Enhanced/Alternate descriptors
[   59.638419] socfpga-dwmac ff802000.ethernet: Enabled extended descriptors
[   59.645361] socfpga-dwmac ff802000.ethernet: RX Checksum Offload Engine supported
[   59.645904] Deasserting reset
[   59.646268] cco_driver 80320000.RF0_cpricore001_CPRICORE001: CPRICORE driver: Device 'conn_cgb2' probed and ready!
[   59.647659] Deasserting reset
[   59.647955] cco_driver 80330000.RF1_cpricore001_CPRICORE001: CPRICORE driver: Device 'conn_cgb3' probed and ready!
[   59.649507] Deasserting reset
[   59.649815] cco_driver 80340000.RF2_cpricore001_CPRICORE001: CPRICORE driver: Device 'conn_cgb4' probed and ready!
[   59.651088] Deasserting reset
[   59.651382] cco_driver 80350000.RF2B_cpricore001_CPRICORE001: CPRICORE driver: Device 'conn_cgb5' probed and ready!
[   59.652770] Deasserting reset
[   59.653266] cco_driver 80380000.RF3_cpricore001_CPRICORE001: CPRICORE driver: Device 'conn_cgb6' probed and ready!
[   59.655131] Deasserting reset
[   59.655658] cco_driver 80390000.RF3B_cpricore001_CPRICORE001: CPRICORE driver: Device 'conn_cgb7' probed and ready!
[   59.657239] Deasserting reset
[   59.657551] cco_driver 80400000.RF4_cpricore001_CPRICORE001: CPRICORE driver: Device 'conn_cgb8' probed and ready!
[   59.658904] Deasserting reset
[   59.659210] cco_driver 80410000.RF4B_cpricore001_CPRICORE001: CPRICORE driver: Device 'conn_cgb9' probed and ready!
[   59.662148] Deasserting reset
[   59.662860] cco_driver 80420000.RF5_cpricore001_CPRICORE001: CPRICORE driver: Device 'conn_cgb10' probed and ready!
[   59.665481] Deasserting reset
[   59.666279] cco_driver 80430000.RF5B_cpricore001_CPRICORE001: CPRICORE driver: Device 'conn_cgb11' probed and ready!
[   59.667907] Deasserting reset
[   59.668312] cco_driver 80440000.RF6_cpricore001_CPRICORE001: CPRICORE driver: Device 'conn_cgb12' probed and ready!
[   59.669729] Deasserting reset
[   59.670022] cco_driver 80450000.RF6B_cpricore001_CPRICORE001: CPRICORE driver: Device 'conn_cgb13' probed and ready!
[   59.671409] Deasserting reset
[   59.671710] cco_driver 80460000.RF7_cpricore001_CPRICORE001: CPRICORE driver: Device 'conn_cgb14' probed and ready!
[   59.673096] Deasserting reset
[   59.673385] cco_driver 80470000.RF7B_cpricore001_CPRICORE001: CPRICORE driver: Device 'conn_cgb15' probed and ready!
[   59.674667] Deasserting reset
[   59.674959] cco_driver 80480000.RF8_cpricore001_CPRICORE001: CPRICORE driver: Device 'conn_cgb16' probed and ready!
[   59.676414] Deasserting reset
[   59.676723] cco_driver 80490000.RF8B_cpricore001_CPRICORE001: CPRICORE driver: Device 'conn_cgb17' probed and ready!
[   59.873623] socfpga-dwmac ff802000.ethernet: COE Type 2
[   59.878851] socfpga-dwmac ff802000.ethernet: TX Checksum insertion supported
[   59.885944] socfpga-dwmac ff802000.ethernet: Enable RX Mitigation via HW Watchdog Timer
[   59.903701] socfpga-dwmac ff804000.ethernet: PTP uses main clock
[   59.910298] stmmac - user ID: 0x11, Synopsys ID: 0x37
[   59.915560] socfpga-dwmac ff804000.ethernet: Ring mode enabled
[   59.921525] socfpga-dwmac ff804000.ethernet: DMA HW capability register supported
[   59.929051] socfpga-dwmac ff804000.ethernet: Enhanced/Alternate descriptors
[   59.936128] socfpga-dwmac ff804000.ethernet: Enabled extended descriptors
[   59.942914] socfpga-dwmac ff804000.ethernet: RX Checksum Offload Engine supported
[   59.950412] socfpga-dwmac ff804000.ethernet: COE Type 2
[   59.955634] socfpga-dwmac ff804000.ethernet: TX Checksum insertion supported
[   59.962694] socfpga-dwmac ff804000.ethernet: Enable RX Mitigation via HW Watchdog Timer
[   60.372653] Not support switch PN:0xcd32!
[   60.376889] Marvell 88E1510 stmmac-0:01: attached PHY driver [Marvell 88E1510] (mii_bus:phy_addr=stmmac-0:01, irq=-1)
[   60.391729] socfpga-dwmac ff800000.ethernet eth0: IEEE 1588-2008 Advanced Timestamp supported
[   60.400603] socfpga-dwmac ff800000.ethernet eth0: registered PTP clock
[   60.408173] IPv6: ADDRCONF(NETDEV_UP): eth0: link is not ready
[   60.414338] IPv6: ADDRCONF(NETDEV_UP): eth0.257: link is not ready
[   60.420718] IPv6: ADDRCONF(NETDEV_UP): eth0.258: link is not ready
[   60.482832] Generic PHY fixed-0:00: attached PHY driver [Generic PHY] (mii_bus:phy_addr=fixed-0:00, irq=-1)
[   60.495097] socfpga-dwmac ff802000.ethernet eth1: IEEE 1588-2008 Advanced Timestamp supported
[   60.507712] socfpga-dwmac ff802000.ethernet eth1: registered PTP clock
[   60.514781] IPv6: ADDRCONF(NETDEV_UP): eth1: link is not ready
[   60.545050] Generic PHY fixed-0:01: attached PHY driver [Generic PHY] (mii_bus:phy_addr=fixed-0:01, irq=-1)
[   60.560704] socfpga-dwmac ff804000.ethernet eth2: IEEE 1588-2008 Advanced Timestamp supported
[   60.569496] socfpga-dwmac ff804000.ethernet eth2: registered PTP clock
[   60.577334] IPv6: ADDRCONF(NETDEV_UP): eth2: link is not ready
[   60.617651] br0: port 1(eth1) entered blocking state
[   60.622765] br0: port 1(eth1) entered disabled state
[   60.628415] device eth1 entered promiscuous mode
[   60.644924] br0: port 2(eth2) entered blocking state
[   60.649921] br0: port 2(eth2) entered disabled state
[   60.655489] device eth2 entered promiscuous mode
[   60.664982] br0: port 2(eth2) entered blocking state
[   60.669955] br0: port 2(eth2) entered forwarding state
[   60.675182] br0: port 1(eth1) entered blocking state
[   60.680149] br0: port 1(eth1) entered forwarding state
[   61.300105] br0: port 1(eth1) entered disabled state
[   61.305758] br0: port 2(eth2) entered disabled state
[   61.460805] socfpga-dwmac ff800000.ethernet eth0: Link is Up - 1Gbps/Full - flow control off
[   61.469315] IPv6: ADDRCONF(NETDEV_CHANGE): eth0: link becomes ready
[   61.476043] IPv6: ADDRCONF(NETDEV_CHANGE): eth0.257: link becomes ready
[   61.482989] IPv6: ADDRCONF(NETDEV_CHANGE): eth0.258: link becomes ready
[   61.524047] socfpga-dwmac ff802000.ethernet eth1: Link is Up - 1Gbps/Full - flow control off
[   61.532549] IPv6: ADDRCONF(NETDEV_CHANGE): eth1: link becomes ready
[   61.539012] br0: port 1(eth1) entered blocking state
[   61.543990] br0: port 1(eth1) entered forwarding state
[   61.588044] socfpga-dwmac ff804000.ethernet eth2: Link is Up - 1Gbps/Full - flow control off
[   61.596520] IPv6: ADDRCONF(NETDEV_CHANGE): eth2: link becomes ready
[   61.602972] br0: port 2(eth2) entered blocking state
[   61.607944] br0: port 2(eth2) entered forwarding state

2020-11-22 07:09:07,085:INFO:[   64.774004] ttyS1 - failed to request DMA

2020-11-22 07:15:36,282:INFO:
U-Boot SPL 2017.09+gitAUTOINC+c0cfd0b4df-nokia-r153 (Sep 16 2020 - 02:12:22)
MPU         1200000 kHz
L3 main     400000 kHz
Main VCO    1200000 kHz
Per VCO     2000000 kHz
EOSC1       125000 kHz
HPS MMC     100 kHz
UART        100000 kHz

2020-11-22 07:15:39,284:INFO:DDR: emif_clear() failed
DDR: 2048 MiB
QSPI: Reference clock at 400000000 Hz
Stratix10 boot info:
	Last power-on reset triggered by SDM: true
	Last reset type: SDM power-on reset
	Debug reset triggered: false
	CS DAP reset triggered: false
Trying to boot from SPI
RSU current image:  0x03400000
RSU state:          0x00000000
RSU error location: 0x00000000
RSU error details:  0x00000000
RSU SSBL partition SSBL.PROD000001 at address 0x02200000.


U-Boot 2017.09+gitAUTOINC+c0cfd0b4df-nokia-r153 (Sep 16 2020 - 02:12:22 +0000)socfpga_stratix10_aeqb

CPU:   Intel FPGA SoCFPGA Platform
FPGA:  Intel FPGA Stratix 10
Model: Nokia AEQB
       Watchdog enabled
MTest: Memory test flags not setted
DRAM:  2 GiB
De-Assert EMAC0, EMAC1, EMAC2...OK
Stratix10 boot info:
	Last power-on reset triggered by SDM: true
	Last reset type: SDM power-on reset
	Debug reset triggered: false
	CS DAP reset triggered: false
	Clear reset status:0x0
MMC:   
Using default environment

In:    serial
Out:   serial
Err:   serial
Model: Nokia AEQB
Net:   
Warning: ethernet@ff800000 (eth0) using random MAC address - 1a:22:29:79:d7:5c
eth0: ethernet@ff800000
PowerOn or HW or L4WD0 reset, Reset the made
Taking peripheral out of reset ... OK
Configuring Marvell 88E1512 PHY ... OK
Configuring Ethernet Switch ... OK
SF: Detected mt25qu02g with page size 256 Bytes, erase size 64 KiB, total 256 MiB
Slot: selecting slot1
SPTs are GOOD!!!
CPBs are GOOD!!!
Autoboot in 3 seconds

2020-11-22 07:15:43,288:INFO:gpio: pin 0 (gpio 0) value is 1
SF: Detected mt25qu02g with page size 256 Bytes, erase size 64 KiB, total 256 MiB
ubi0: attaching mtd2
ubi0: scanning is finished
ubi0: attached mtd2 (name "mtd=0", size 256 MiB)
ubi0: PEB size: 65536 bytes (64 KiB), LEB size: 65408 bytes
ubi0: min./max. I/O unit sizes: 1/256, sub-page size 1
ubi0: VID header offset: 64 (aligned 64), data offset: 128
ubi0: good PEBs: 4096, bad PEBs: 0, corrupted PEBs: 0
ubi0: user volume: 2, internal volumes: 1, max. volumes count: 128
ubi0: max/mean erase counter: 3/1, WL threshold: 4096, image sequence number: 4194956838
ubi0: available PEBs: 546, total reserved PEBs: 3550, PEBs reserved for bad PEB handling: 0
Read 0 bytes from volume slot1_sw to 30000000
No size specified -> Using max size (66228788)

2020-11-22 07:16:07,302:INFO:## Copying 'fdt' subimage from FIT image at 30000000 ...
crc32+ sha1+    Loading part 253 ... OK
FDT fixup successful
## Loading kernel from FIT Image at 30000000 ...
   Using 'socfpga@0' configuration
   Trying 'kernel@0' kernel subimage
     Description:  Linux kernel
     Type:         Kernel Image
     Compression:  uncompressed
     Data Start:   0x300000e4
     Data Size:    14782976 Bytes = 14.1 MiB
     Architecture: AArch64
     OS:           Linux
     Load Address: 0x01080000
     Entry Point:  0x01080000
     Hash algo:    crc32
     Hash value:   fd5d11b7
     Hash algo:    sha1
     Hash value:   4c363572ec9584596497f151733cd901935d96d7
   Verifying Hash Integrity ... crc32+ sha1+ OK
## Loading ramdisk from FIT Image at 30000000 ...
   Using 'socfpga@0' configuration
   Trying 'rootfs@0' ramdisk subimage
     Description:  Root Filesystem CPIO archive Gzipped
     Type:         RAMDisk Image
     Compression:  uncompressed
     Data Start:   0x30e1daf8
     Data Size:    51425740 Bytes = 49 MiB
     Architecture: AArch64
     OS:           Linux
     Load Address: 0x20000000
     Entry Point:  unavailable
     Hash algo:    crc32
     Hash value:   2a5c7ca4
     Hash algo:    sha1
     Hash value:   1d102a20aaf0a0aa93c42bd48a30fa3789955f59
   Verifying Hash Integrity ... crc32+ sha1+ OK
   Loading ramdisk from 0x30e1daf8 to 0x20000000
## Flattened Device Tree blob at 08000000
   Booting using the fdt blob at 0x8000000
   Loading Kernel Image ... OK
   Loading Ramdisk to 15af4000, end 18bff1cc ... OK
   reserving fdt memory region: addr=8000000 size=9000
   Loading Device Tree to 0000000015ae8000, end 0000000015af3fff ... OK

Starting kernel ...

[    0.000000] Booting Linux on physical CPU 0x0
[    0.000000] Linux version 4.12.29-nokia-r91 (oe-user@oe-host) (gcc version 7.3.0 (GCC) ) #1 SMP PREEMPT Tue Jul 7 10:22:54 UTC 2020
