2020-12-04 11:01:14,615:INFO:this is serial logger
2020-12-04 11:03:20,098:INFO:
U-Boot SPL 2017.09+gitAUTOINC+c0cfd0b4df-nokia-r153 (Sep 16 2020 - 02:12:22)
MPU         1200000 kHz
L3 main     400000 kHz
Main VCO    1200000 kHz
Per VCO     2000000 kHz
EOSC1       125000 kHz
HPS MMC     100 kHz
UART        100000 kHz

2020-12-04 11:03:23,128:INFO:DDR: emif_clear() failed
DDR: 2048 MiB
QSPI: Reference clock at 400000000 Hz
Stratix10 boot info:
	Last power-on reset triggered by SDM: true
	Last reset type: SDM power-on reset
	Debug reset triggered: false
	CS DAP reset triggered: false
Trying to boot from SPI
RSU current image:  0x03400000
RSU state:          0x00000000
RSU error location: 0x00000000
RSU error details:  0x00000000
RSU SSBL partition SSBL.PROD000001 at address 0x02200000.


U-Boot 2017.09+gitAUTOINC+c0cfd0b4df-nokia-r153 (Sep 16 2020 - 02:12:22 +0000)socfpga_stratix10_aeqb

CPU:   Intel FPGA SoCFPGA Platform
FPGA:  Intel FPGA Stratix 10
Model: Nokia AEQB
       Watchdog enabled
MTest: Memory test flags not setted
DRAM:  2 GiB
De-Assert EMAC0, EMAC1, EMAC2...OK
Stratix10 boot info:
	Last power-on reset triggered by SDM: true
	Last reset type: SDM power-on reset
	Debug reset triggered: false
	CS DAP reset triggered: false
	Clear reset status:0x0
MMC:   
Using default environment

In:    serial
Out:   serial
Err:   serial
Model: Nokia AEQB
Net:   
Warning: ethernet@ff800000 (eth0) using random MAC address - 1a:22:29:79:d7:5c
eth0: ethernet@ff800000
PowerOn or HW or L4WD0 reset, Reset the made
Taking peripheral out of reset ... OK
Configuring Marvell 88E1512 PHY ... OK
Configuring Ethernet Switch ... OK
SF: Detected mt25qu02g with page size 256 Bytes, erase size 64 KiB, total 256 MiB
Slot: selecting slot1
SPTs are GOOD!!!
CPBs are GOOD!!!
Autoboot in 3 seconds

2020-12-04 11:03:27,168:INFO:gpio: pin 0 (gpio 0) value is 1
SF: Detected mt25qu02g with page size 256 Bytes, erase size 64 KiB, total 256 MiB
ubi0: attaching mtd2
ubi0: scanning is finished
ubi0: attached mtd2 (name "mtd=0", size 256 MiB)
ubi0: PEB size: 65536 bytes (64 KiB), LEB size: 65408 bytes
ubi0: min./max. I/O unit sizes: 1/256, sub-page size 1
ubi0: VID header offset: 64 (aligned 64), data offset: 128
ubi0: good PEBs: 4096, bad PEBs: 0, corrupted PEBs: 0
ubi0: user volume: 2, internal volumes: 1, max. volumes count: 128
ubi0: max/mean erase counter: 3/1, WL threshold: 4096, image sequence number: 4194956838
ubi0: available PEBs: 546, total reserved PEBs: 3550, PEBs reserved for bad PEB handling: 0
Read 0 bytes from volume slot1_sw to 30000000
No size specified -> Using max size (66228788)

2020-12-04 11:03:51,401:INFO:## Copying 'fdt' subimage from FIT image at 30000000 ...
crc32+ sha1+    Loading part 253 ... OK
FDT fixup successful
## Loading kernel from FIT Image at 30000000 ...
   Using 'socfpga@0' configuration
   Trying 'kernel@0' kernel subimage
     Description:  Linux kernel
     Type:         Kernel Image
     Compression:  uncompressed
     Data Start:   0x300000e4
     Data Size:    14782976 Bytes = 14.1 MiB
     Architecture: AArch64
     OS:           Linux
     Load Address: 0x01080000
     Entry Point:  0x01080000
     Hash algo:    crc32
     Hash value:   fd5d11b7
     Hash algo:    sha1
     Hash value:   4c363572ec9584596497f151733cd901935d96d7
   Verifying Hash Integrity ... crc32+ sha1+ OK
## Loading ramdisk from FIT Image at 30000000 ...
   Using 'socfpga@0' configuration
   Trying 'rootfs@0' ramdisk subimage
     Description:  Root Filesystem CPIO archive Gzipped
     Type:         RAMDisk Image
     Compression:  uncompressed
     Data Start:   0x30e1daf8
     Data Size:    51425740 Bytes = 49 MiB
     Architecture: AArch64
     OS:           Linux
     Load Address: 0x20000000
     Entry Point:  unavailable
     Hash algo:    crc32
     Hash value:   2a5c7ca4
     Hash algo:    sha1
     Hash value:   1d102a20aaf0a0aa93c42bd48a30fa3789955f59
   Verifying Hash Integrity ... crc32+ sha1+ OK
   Loading ramdisk from 0x30e1daf8 to 0x20000000
## Flattened Device Tree blob at 08000000
   Booting using the fdt blob at 0x8000000
   Loading Kernel Image ... OK
   Loading Ramdisk to 15af4000, end 18bff1cc ... OK
   reserving fdt memory region: addr=8000000 size=9000
   Loading Device Tree to 0000000015ae8000, end 0000000015af3fff ... OK

Starting kernel ...

[    0.000000] Booting Linux on physical CPU 0x0
[    0.000000] Linux version 4.12.29-nokia-r91 (oe-user@oe-host) (gcc version 7.3.0 (GCC) ) #1 SMP PREEMPT Tue Jul 7 10:22:54 UTC 2020
[    0.000000] Boot CPU: AArch64 Processor [410fd034]
[    0.000000] Machine model: SoCFPGA Stratix 10 AEQB
[    0.000000] earlycon: uart0 at MMIO32 0x00000000ffc02000 (options '115200n8')
[    0.000000] bootconsole [uart0] enabled
[    0.000000] efi: Getting EFI parameters from FDT:
[    0.000000] efi: UEFI not found.
[    0.000000] Reserved memory: created DMA memory pool at 0x0000000000000000, size 16 MiB
[    0.000000] OF: reserved mem: initialized node svcbuffer@0, compatible id shared-dma-pool
[    0.000000] cma: Reserved 16 MiB at 0x0000000078800000
[    0.000000] psci: probing for conduit method from DT.
[    0.000000] psci: PSCIv65535.65535 detected in firmware.
[    0.000000] psci: Using standard PSCI v0.2 function IDs
[    0.000000] psci: MIGRATE_INFO_TYPE not supported.
[    0.000000] psci: SMC Calling Convention v1.0
[    0.000000] percpu: Embedded 22 pages/cpu @(____ptrval____) s52888 r8192 d29032 u90112
[    0.000000] Detected VIPT I-cache on CPU0
[    0.000000] CPU features: enabling workaround for ARM erratum 845719
[    0.000000] Built 1 zonelists in Zone order, mobility grouping on.  Total pages: 486612
[    0.000000] Kernel command line: earlyprintk earlycon syscon_enable=1 console=ttyS0,115200n8 rdinit=/sbin/init rw initrd=0x20000000,0x8000000 runningVolName=slot1_sw
[    0.000000] PID hash table entries: 4096 (order: 3, 32768 bytes)
[    0.000000] Dentry cache hash table entries: 262144 (order: 9, 2097152 bytes)
[    0.000000] Inode-cache hash table entries: 131072 (order: 8, 1048576 bytes)
[    0.000000] Memory: 1728016K/1977344K available (9724K kernel code, 1188K rwdata, 2528K rodata, 960K init, 738K bss, 232944K reserved, 16384K cma-reserved)
[    0.000000] Virtual kernel memory layout:
[    0.000000]     modules : 0xffff000000000000 - 0xffff000008000000   (   128 MB)
[    0.000000]     vmalloc : 0xffff000008000000 - 0xffff7dffbfff0000   (129022 GB)
[    0.000000]       .text : 0x(____ptrval____) - 0x(____ptrval____)   (  9728 KB)
[    0.000000]     .rodata : 0x(____ptrval____) - 0x(____ptrval____)   (  2560 KB)
[    0.000000]       .init : 0x(____ptrval____) - 0x(____ptrval____)   (   960 KB)
[    0.000000]       .data : 0x(____ptrval____) - 0x(____ptrval____)   (  1189 KB)
[    0.000000]        .bss : 0x(____ptrval____) - 0x(____ptrval____)   (   739 KB)
[    0.000000]     fixed   : 0xffff7dfffe7fb000 - 0xffff7dfffec00000   (  4116 KB)
[    0.000000]     PCI I/O : 0xffff7dfffee00000 - 0xffff7dffffe00000   (    16 MB)
[    0.000000]     vmemmap : 0xffff7e0000000000 - 0xffff800000000000   (  2048 GB maximum)
[    0.000000]               0xffff7e0000040000 - 0xffff7e0001e6c000   (    30 MB actual)
[    0.000000]     memory  : 0xffff800001000000 - 0xffff800079b00000   (  1931 MB)
[    0.000000] SLUB: HWalign=64, Order=0-3, MinObjects=0, CPUs=4, Nodes=1
[    0.000000] ftrace: allocating 32767 entries in 128 pages
[    0.000000] Preemptible hierarchical RCU implementation.
[    0.000000] NR_IRQS:64 nr_irqs:64 0
[    0.000000] GIC: Using split EOI/Deactivate mode
[    0.000000] arch_timer: cp15 timer(s) running at 400.00MHz (phys).
[    0.000000] clocksource: arch_sys_counter: mask: 0xffffffffffffff max_cycles: 0x5c4093a7d1, max_idle_ns: 440795210635 ns
[    0.000004] sched_clock: 56 bits at 400MHz, resolution 2ns, wraps every 4398046511103ns
[    0.008163] Console: colour dummy device 80x25
[    0.012614] Calibrating delay loop (skipped), value calculated using timer frequency.. 800.00 BogoMIPS (lpj=1600000)
[    0.023096] pid_max: default: 32768 minimum: 301
[    0.027765] Security Framework initialized
[    0.031977] Mount-cache hash table entries: 4096 (order: 3, 32768 bytes)
[    0.038655] Mountpoint-cache hash table entries: 4096 (order: 3, 32768 bytes)
[    0.061837] ASID allocator initialised with 32768 entries
[    0.076780] EFI services will not be available.
[    0.089322] smp: Bringing up secondary CPUs ...
[    0.121973] Detected VIPT I-cache on CPU1
[    0.122031] CPU1: Booted secondary processor [410fd034]
[    0.150001] Detected VIPT I-cache on CPU2
[    0.150023] CPU2: Booted secondary processor [410fd034]
[    0.178067] Detected VIPT I-cache on CPU3
[    0.178089] CPU3: Booted secondary processor [410fd034]
[    0.178141] smp: Brought up 1 node, 4 CPUs
[    0.209794] SMP: Total of 4 processors activated.
[    0.214485] CPU features: detected feature: 32-bit EL0 Support
[    0.220298] CPU features: detected feature: Kernel page table isolation (KPTI)
[    0.229827] CPU: All CPU(s) started at EL2
[    0.233926] alternatives: patching kernel code
[    0.239583] devtmpfs: initialized
[    0.246100] DMI not present or invalid.
[    0.250066] clocksource: jiffies: mask: 0xffffffff max_cycles: 0xffffffff, max_idle_ns: 7645041785100000 ns
[    0.259780] futex hash table entries: 1024 (order: 5, 131072 bytes)
[    0.266946] xor: measuring software checksum speed
[    0.311777]    8regs     :  2292.000 MB/sec
[    0.355999]    8regs_prefetch:  2041.000 MB/sec
[    0.400565]    32regs    :  2811.000 MB/sec
[    0.444785]    32regs_prefetch:  2370.000 MB/sec
[    0.449386] xor: using function: 32regs (2811.000 MB/sec)
[    0.455468] NET: Registered protocol family 16
[    0.460678] cpuidle: using governor ladder
[    0.464782] cpuidle: using governor menu
[    0.468826] vdso: 2 pages (1 code @ (____ptrval____), 1 data @ (____ptrval____))
[    0.476204] hw-breakpoint: found 6 breakpoint and 4 watchpoint registers.
[    0.491499] DMA: preallocated 256 KiB pool for atomic allocations
[    0.497618] dw_wdt: Synopsys DesignWare Watchdog Driver is registered at arch_initcall level
[    0.509895] dw_wdt: +++ skip updating timeout to wdd.
[    0.521223] HugeTLB registered 2 MB page size, pre-allocated 0 pages
[    0.595679] raid6: int64x1  gen()   407 MB/s
[    0.668112] raid6: int64x1  xor()   450 MB/s
[    0.740490] raid6: int64x2  gen()   704 MB/s
[    0.812874] raid6: int64x2  xor()   607 MB/s
[    0.885285] raid6: int64x4  gen()  1065 MB/s
[    0.957681] raid6: int64x4  xor()   747 MB/s
[    1.029739] raid6: int64x8  gen()   989 MB/s
[    1.101833] raid6: int64x8  xor()   750 MB/s
[    1.173924] raid6: neonx1   gen()   736 MB/s
[    1.246010] raid6: neonx1   xor()   766 MB/s
[    1.318075] raid6: neonx2   gen()  1192 MB/s
[    1.390171] raid6: neonx2   xor()  1042 MB/s
[    1.462247] raid6: neonx4   gen()  1552 MB/s
[    1.534332] raid6: neonx4   xor()  1194 MB/s
[    1.606408] raid6: neonx8   gen()  1573 MB/s
[    1.678500] raid6: neonx8   xor()  1205 MB/s
[    1.682756] raid6: using algorithm neonx8 gen() 1573 MB/s
[    1.688134] raid6: .... xor() 1205 MB/s, rmw enabled
[    1.693080] raid6: using intx1 recovery algorithm
[    1.698383] vgaarb: loaded
[    1.701578] Intel Service Layer Driver Initialized
[    1.706660] SCSI subsystem initialized
[    1.710600] usbcore: registered new interface driver usbfs
[    1.716103] usbcore: registered new interface driver hub
[    1.721447] usbcore: registered new device driver usb
[    1.726892] pps_core: LinuxPPS API ver. 1 registered
[    1.731845] pps_core: Software ver. 5.3.6 - Copyright 2005-2007 Rodolfo Giometti <giometti@linux.it>
[    1.740952] PTP clock support registered
[    1.744997] EDAC MC: Ver: 3.0.0
[    1.748343] dmi: Firmware registration failed.
[    1.752841] FPGA manager framework
[    1.756343] fpga-region soc:base_fpga_region: FPGA Region probed
[    1.763451] clocksource: Switched to clocksource arch_sys_counter
[    1.853646] NET: Registered protocol family 2
[    1.858650] TCP established hash table entries: 16384 (order: 5, 131072 bytes)
[    1.865967] TCP bind hash table entries: 16384 (order: 6, 262144 bytes)
[    1.873252] TCP: Hash tables configured (established 16384 bind 16384)
[    1.879901] UDP hash table entries: 1024 (order: 3, 32768 bytes)
[    1.885929] UDP-Lite hash table entries: 1024 (order: 3, 32768 bytes)
[    1.892574] NET: Registered protocol family 1
[    1.897528] RPC: Registered named UNIX socket transport module.
[    1.903463] RPC: Registered udp transport module.
[    1.908179] RPC: Registered tcp transport module.
[    1.912868] RPC: Registered tcp NFSv4.1 backchannel transport module.
[    1.919521] Trying to unpack rootfs image as initramfs...

2020-12-04 11:04:20,699:INFO:
--=---+---=--
       \___         NOKIA RFSW LINUX
 ---=---+-I-=---         TD-CPRI
        |\
  ---=----+----=---
        |
        ^
Wind River Linux LTS 10.17.41.17
TRM60.10.R03 jenkins-PROD_mMIMO_TRM6_release-742 2020-09-24_14-15-04 rev a9b8c29e
stratix10-aeqb login: 
2020-12-04 11:05:08,158:INFO:[   74.599125] fpga_manager fpga0: writing aeqb-td-bitstream.core.rbf to Stratix10 SOC FPGA Manager
[   74.744546] Stratix10 SoC FPGA manager soc:fpga-mgr@0: Requesting full reconfiguration.
[   76.072540] ccr_driver f9040000.ccr: CCR driver: Device 'ccr0' probed. ret:0!
[   76.093343] altera-i2c f9001800.i2c: Altera SoftIP I2C Probe Complete
[   76.103315] altera-i2c f90018c0.i2c: Altera SoftIP I2C Probe Complete
[   76.129593] Deasserting reset
[   76.130517] cco_driver 80300000.SM0_cpricore001_CPRICORE001: CPRICORE driver: Device 'conn_cgb0' probed and ready!
[   76.149710] socfpga-dwmac ff802000.ethernet: PTP uses main clock
[   76.157720] stmmac - user ID: 0x11, Synopsys ID: 0x37
[   76.163692] socfpga-dwmac ff802000.ethernet: Ring mode enabled
[   76.170344] socfpga-dwmac ff802000.ethernet: DMA HW capability register supported
[   76.173387] Deasserting reset
[   76.174446] cco_driver 80310000.SM1_cpricore001_CPRICORE001: CPRICORE driver: Device 'conn_cgb1' probed and ready!
[   76.197913] socfpga-dwmac ff802000.ethernet: Enhanced/Alternate descriptors
[   76.205404] socfpga-dwmac ff802000.ethernet: Enabled extended descriptors
[   76.212361] socfpga-dwmac ff802000.ethernet: RX Checksum Offload Engine supported
[   76.213669] Deasserting reset
[   76.214065] cco_driver 80320000.RF0_cpricore001_CPRICORE001: CPRICORE driver: Device 'conn_cgb2' probed and ready!
[   76.215622] Deasserting reset
[   76.215972] cco_driver 80330000.RF1_cpricore001_CPRICORE001: CPRICORE driver: Device 'conn_cgb3' probed and ready!
[   76.217304] Deasserting reset
[   76.217597] cco_driver 80340000.RF2_cpricore001_CPRICORE001: CPRICORE driver: Device 'conn_cgb4' probed and ready!
[   76.218904] Deasserting reset
[   76.219205] cco_driver 80350000.RF2B_cpricore001_CPRICORE001: CPRICORE driver: Device 'conn_cgb5' probed and ready!
[   76.221496] Deasserting reset
[   76.221971] cco_driver 80380000.RF3_cpricore001_CPRICORE001: CPRICORE driver: Device 'conn_cgb6' probed and ready!
[   76.223861] Deasserting reset
[   76.224236] cco_driver 80390000.RF3B_cpricore001_CPRICORE001: CPRICORE driver: Device 'conn_cgb7' probed and ready!
[   76.225775] Deasserting reset
[   76.227074] cco_driver 80400000.RF4_cpricore001_CPRICORE001: CPRICORE driver: Device 'conn_cgb8' probed and ready!
[   76.229825] Deasserting reset
[   76.230197] cco_driver 80410000.RF4B_cpricore001_CPRICORE001: CPRICORE driver: Device 'conn_cgb9' probed and ready!
[   76.231729] Deasserting reset
[   76.232043] cco_driver 80420000.RF5_cpricore001_CPRICORE001: CPRICORE driver: Device 'conn_cgb10' probed and ready!
[   76.233498] Deasserting reset
[   76.233783] cco_driver 80430000.RF5B_cpricore001_CPRICORE001: CPRICORE driver: Device 'conn_cgb11' probed and ready!
[   76.235080] Deasserting reset
[   76.235380] cco_driver 80440000.RF6_cpricore001_CPRICORE001: CPRICORE driver: Device 'conn_cgb12' probed and ready!
[   76.236792] Deasserting reset
[   76.237078] cco_driver 80450000.RF6B_cpricore001_CPRICORE001: CPRICORE driver: Device 'conn_cgb13' probed and ready!
[   76.238350] Deasserting reset
[   76.238649] cco_driver 80460000.RF7_cpricore001_CPRICORE001: CPRICORE driver: Device 'conn_cgb14' probed and ready!
[   76.240060] Deasserting reset
[   76.240359] cco_driver 80470000.RF7B_cpricore001_CPRICORE001: CPRICORE driver: Device 'conn_cgb15' probed and ready!
[   76.241625] Deasserting reset
[   76.241922] cco_driver 80480000.RF8_cpricore001_CPRICORE001: CPRICORE driver: Device 'conn_cgb16' probed and ready!
[   76.243318] Deasserting reset
[   76.243730] cco_driver 80490000.RF8B_cpricore001_CPRICORE001: CPRICORE driver: Device 'conn_cgb17' probed and ready!
[   76.443824] socfpga-dwmac ff802000.ethernet: COE Type 2
[   76.449047] socfpga-dwmac ff802000.ethernet: TX Checksum insertion supported
[   76.456149] socfpga-dwmac ff802000.ethernet: Enable RX Mitigation via HW Watchdog Timer
[   76.470410] socfpga-dwmac ff804000.ethernet: PTP uses main clock
[   76.477212] stmmac - user ID: 0x11, Synopsys ID: 0x37
[   76.482420] socfpga-dwmac ff804000.ethernet: Ring mode enabled
[   76.488357] socfpga-dwmac ff804000.ethernet: DMA HW capability register supported
[   76.496766] socfpga-dwmac ff804000.ethernet: Enhanced/Alternate descriptors
[   76.503883] socfpga-dwmac ff804000.ethernet: Enabled extended descriptors
[   76.510679] socfpga-dwmac ff804000.ethernet: RX Checksum Offload Engine supported
[   76.518180] socfpga-dwmac ff804000.ethernet: COE Type 2
[   76.523400] socfpga-dwmac ff804000.ethernet: TX Checksum insertion supported
[   76.530476] socfpga-dwmac ff804000.ethernet: Enable RX Mitigation via HW Watchdog Timer
[   76.952121] Not support switch PN:0xcd32!
[   76.956392] Marvell 88E1510 stmmac-0:01: attached PHY driver [Marvell 88E1510] (mii_bus:phy_addr=stmmac-0:01, irq=-1)
[   76.971639] socfpga-dwmac ff800000.ethernet eth0: IEEE 1588-2008 Advanced Timestamp supported
[   76.981846] socfpga-dwmac ff800000.ethernet eth0: registered PTP clock
[   76.989857] IPv6: ADDRCONF(NETDEV_UP): eth0: link is not ready
[   76.996150] IPv6: ADDRCONF(NETDEV_UP): eth0.257: link is not ready
[   77.002486] IPv6: ADDRCONF(NETDEV_UP): eth0.258: link is not ready
[   77.057583] Generic PHY fixed-0:00: attached PHY driver [Generic PHY] (mii_bus:phy_addr=fixed-0:00, irq=-1)
[   77.074419] socfpga-dwmac ff802000.ethernet eth1: IEEE 1588-2008 Advanced Timestamp supported
[   77.083371] socfpga-dwmac ff802000.ethernet eth1: registered PTP clock
[   77.090584] IPv6: ADDRCONF(NETDEV_UP): eth1: link is not ready
[   77.116463] Generic PHY fixed-0:01: attached PHY driver [Generic PHY] (mii_bus:phy_addr=fixed-0:01, irq=-1)
[   77.129278] socfpga-dwmac ff804000.ethernet eth2: IEEE 1588-2008 Advanced Timestamp supported
[   77.139566] socfpga-dwmac ff804000.ethernet eth2: registered PTP clock
[   77.146543] IPv6: ADDRCONF(NETDEV_UP): eth2: link is not ready
[   77.190006] br0: port 1(eth1) entered blocking state
[   77.196007] br0: port 1(eth1) entered disabled state
[   77.201531] device eth1 entered promiscuous mode
[   77.214846] br0: port 2(eth2) entered blocking state
[   77.219926] br0: port 2(eth2) entered disabled state
[   77.225490] device eth2 entered promiscuous mode
[   77.234837] br0: port 2(eth2) entered blocking state
[   77.239819] br0: port 2(eth2) entered forwarding state
[   77.245060] br0: port 1(eth1) entered blocking state
[   77.250027] br0: port 1(eth1) entered forwarding state
[   77.875613] br0: port 1(eth1) entered disabled state
[   77.881037] br0: port 2(eth2) entered disabled state
[   78.036268] socfpga-dwmac ff800000.ethernet eth0: Link is Up - 1Gbps/Full - flow control off
[   78.044791] IPv6: ADDRCONF(NETDEV_CHANGE): eth0: link becomes ready
[   78.051506] IPv6: ADDRCONF(NETDEV_CHANGE): eth0.257: link becomes ready
[   78.058320] IPv6: ADDRCONF(NETDEV_CHANGE): eth0.258: link becomes ready
[   78.099510] socfpga-dwmac ff802000.ethernet eth1: Link is Up - 1Gbps/Full - flow control off
[   78.108020] IPv6: ADDRCONF(NETDEV_CHANGE): eth1: link becomes ready
[   78.114612] br0: port 1(eth1) entered blocking state
[   78.119588] br0: port 1(eth1) entered forwarding state
[   78.163506] socfpga-dwmac ff804000.ethernet eth2: Link is Up - 1Gbps/Full - flow control off
[   78.172010] IPv6: ADDRCONF(NETDEV_CHANGE): eth2: link becomes ready
[   78.178609] br0: port 2(eth2) entered blocking state
[   78.183584] br0: port 2(eth2) entered forwarding state

2020-12-04 11:05:10,188:INFO:[   80.299141] ttyS1 - failed to request DMA

2020-12-07 03:18:18,671:INFO:
U-Boot SPL 2017.09+gitAUTOINC+c0cfd0b4df-nokia-r153 (Sep 16 2020 - 02:12:22)
MPU         1200000 kHz
L3 main     400000 kHz
Main VCO    1200000 kHz
Per VCO     2000000 kHz
EOSC1       125000 kHz
HPS MMC     100 kHz
UART        100000 kHz

2020-12-07 03:18:21,710:INFO:DDR: emif_clear() failed
DDR: 2048 MiB
QSPI: Reference clock at 400000000 Hz
Stratix10 boot info:
	Last power-on reset triggered by SDM: true
	Last reset type: SDM power-on reset
	Debug reset triggered: false
	CS DAP reset triggered: false
Trying to boot from SPI
RSU current image:  0x03400000
RSU state:          0x00000000
RSU error location: 0x00000000
RSU error details:  0x00000000
RSU SSBL partition SSBL.PROD000001 at address 0x02200000.


U-Boot 2017.09+gitAUTOINC+c0cfd0b4df-nokia-r153 (Sep 16 2020 - 02:12:22 +0000)socfpga_stratix10_aeqb

CPU:   Intel FPGA SoCFPGA Platform
FPGA:  Intel FPGA Stratix 10
Model: Nokia AEQB
       Watchdog enabled
MTest: Memory test flags not setted
DRAM:  2 GiB
De-Assert EMAC0, EMAC1, EMAC2...OK
Stratix10 boot info:
	Last power-on reset triggered by SDM: true
	Last reset type: SDM power-on reset
	Debug reset triggered: false
	CS DAP reset triggered: false
	Clear reset status:0x0
MMC:   
Using default environment

In:    serial
Out:   serial
Err:   serial
Model: Nokia AEQB
Net:   
Warning: ethernet@ff800000 (eth0) using random MAC address - 1a:22:29:79:d7:5c
eth0: ethernet@ff800000
PowerOn or HW or L4WD0 reset, Reset the made
Taking peripheral out of reset ... OK
Configuring Marvell 88E1512 PHY ... OK
Configuring Ethernet Switch ... OK
SF: Detected mt25qu02g with page size 256 Bytes, erase size 64 KiB, total 256 MiB
Slot: selecting slot1
SPTs are GOOD!!!
CPBs are GOOD!!!
Autoboot in 3 seconds

2020-12-07 03:18:25,750:INFO:gpio: pin 0 (gpio 0) value is 1
SF: Detected mt25qu02g with page size 256 Bytes, erase size 64 KiB, total 256 MiB
ubi0: attaching mtd2
ubi0: scanning is finished
ubi0: attached mtd2 (name "mtd=0", size 256 MiB)
ubi0: PEB size: 65536 bytes (64 KiB), LEB size: 65408 bytes
ubi0: min./max. I/O unit sizes: 1/256, sub-page size 1
ubi0: VID header offset: 64 (aligned 64), data offset: 128
ubi0: good PEBs: 4096, bad PEBs: 0, corrupted PEBs: 0
ubi0: user volume: 2, internal volumes: 1, max. volumes count: 128
ubi0: max/mean erase counter: 3/1, WL threshold: 4096, image sequence number: 4194956838
ubi0: available PEBs: 546, total reserved PEBs: 3550, PEBs reserved for bad PEB handling: 0
Read 0 bytes from volume slot1_sw to 30000000
No size specified -> Using max size (66228788)

2020-12-07 03:18:49,988:INFO:## Copying 'fdt' subimage from FIT image at 30000000 ...
crc32+ sha1+    Loading part 253 ... OK
FDT fixup successful
## Loading kernel from FIT Image at 30000000 ...
   Using 'socfpga@0' configuration
   Trying 'kernel@0' kernel subimage
     Description:  Linux kernel
     Type:         Kernel Image
     Compression:  uncompressed
     Data Start:   0x300000e4
     Data Size:    14782976 Bytes = 14.1 MiB
     Architecture: AArch64
     OS:           Linux
     Load Address: 0x01080000
     Entry Point:  0x01080000
     Hash algo:    crc32
     Hash value:   fd5d11b7
     Hash algo:    sha1
     Hash value:   4c363572ec9584596497f151733cd901935d96d7
   Verifying Hash Integrity ... crc32+ sha1+ OK
## Loading ramdisk from FIT Image at 30000000 ...
   Using 'socfpga@0' configuration
   Trying 'rootfs@0' ramdisk subimage
     Description:  Root Filesystem CPIO archive Gzipped
     Type:         RAMDisk Image
     Compression:  uncompressed
     Data Start:   0x30e1daf8
     Data Size:    51425740 Bytes = 49 MiB
     Architecture: AArch64
     OS:           Linux
     Load Address: 0x20000000
     Entry Point:  unavailable
     Hash algo:    crc32
     Hash value:   2a5c7ca4
     Hash algo:    sha1
     Hash value:   1d102a20aaf0a0aa93c42bd48a30fa3789955f59
   Verifying Hash Integrity ... crc32+ sha1+ OK
   Loading ramdisk from 0x30e1daf8 to 0x20000000
## Flattened Device Tree blob at 08000000
   Booting using the fdt blob at 0x8000000
   Loading Kernel Image ... OK
   Loading Ramdisk to 15af4000, end 18bff1cc ... OK
   reserving fdt memory region: addr=8000000 size=9000
   Loading Device Tree to 0000000015ae8000, end 0000000015af3fff ... OK

Starting kernel ...

[    0.000000] Booting Linux on physical CPU 0x0
[    0.000000] Linux version 4.12.29-nokia-r91 (oe-user@oe-host) (gcc version 7.3.0 (GCC) ) #1 SMP PREEMPT Tue Jul 7 10:22:54 UTC 2020
[    0.000000] Boot CPU: AArch64 Processor [410fd034]
[    0.000000] Machine model: SoCFPGA Stratix 10 AEQB
[    0.000000] earlycon: uart0 at MMIO32 0x00000000ffc02000 (options '115200n8')
[    0.000000] bootconsole [uart0] enabled
[    0.000000] efi: Getting EFI parameters from FDT:
[    0.000000] efi: UEFI not found.
[    0.000000] Reserved memory: created DMA memory pool at 0x0000000000000000, size 16 MiB
[    0.000000] OF: reserved mem: initialized node svcbuffer@0, compatible id shared-dma-pool
[    0.000000] cma: Reserved 16 MiB at 0x0000000078800000
[    0.000000] psci: probing for conduit method from DT.
[    0.000000] psci: PSCIv65535.65535 detected in firmware.
[    0.000000] psci: Using standard PSCI v0.2 function IDs
[    0.000000] psci: MIGRATE_INFO_TYPE not supported.
[    0.000000] psci: SMC Calling Convention v1.0
[    0.000000] percpu: Embedded 22 pages/cpu @(____ptrval____) s52888 r8192 d29032 u90112
[    0.000000] Detected VIPT I-cache on CPU0
[    0.000000] CPU features: enabling workaround for ARM erratum 845719
[    0.000000] Built 1 zonelists in Zone order, mobility grouping on.  Total pages: 486612
[    0.000000] Kernel command line: earlyprintk earlycon syscon_enable=1 console=ttyS0,115200n8 rdinit=/sbin/init rw initrd=0x20000000,0x8000000 runningVolName=slot1_sw
[    0.000000] PID hash table entries: 4096 (order: 3, 32768 bytes)
[    0.000000] Dentry cache hash table entries: 262144 (order: 9, 2097152 bytes)
[    0.000000] Inode-cache hash table entries: 131072 (order: 8, 1048576 bytes)
[    0.000000] Memory: 1728016K/1977344K available (9724K kernel code, 1188K rwdata, 2528K rodata, 960K init, 738K bss, 232944K reserved, 16384K cma-reserved)
[    0.000000] Virtual kernel memory layout:
[    0.000000]     modules : 0xffff000000000000 - 0xffff000008000000   (   128 MB)
[    0.000000]     vmalloc : 0xffff000008000000 - 0xffff7dffbfff0000   (129022 GB)
[    0.000000]       .text : 0x(____ptrval____) - 0x(____ptrval____)   (  9728 KB)
[    0.000000]     .rodata : 0x(____ptrval____) - 0x(____ptrval____)   (  2560 KB)
[    0.000000]       .init : 0x(____ptrval____) - 0x(____ptrval____)   (   960 KB)
[    0.000000]       .data : 0x(____ptrval____) - 0x(____ptrval____)   (  1189 KB)
[    0.000000]        .bss : 0x(____ptrval____) - 0x(____ptrval____)   (   739 KB)
[    0.000000]     fixed   : 0xffff7dfffe7fb000 - 0xffff7dfffec00000   (  4116 KB)
[    0.000000]     PCI I/O : 0xffff7dfffee00000 - 0xffff7dffffe00000   (    16 MB)
[    0.000000]     vmemmap : 0xffff7e0000000000 - 0xffff800000000000   (  2048 GB maximum)
[    0.000000]               0xffff7e0000040000 - 0xffff7e0001e6c000   (    30 MB actual)
[    0.000000]     memory  : 0xffff800001000000 - 0xffff800079b00000   (  1931 MB)
[    0.000000] SLUB: HWalign=64, Order=0-3, MinObjects=0, CPUs=4, Nodes=1
[    0.000000] ftrace: allocating 32767 entries in 128 pages
[    0.000000] Preemptible hierarchical RCU implementation.
[    0.000000] NR_IRQS:64 nr_irqs:64 0
[    0.000000] GIC: Using split EOI/Deactivate mode
[    0.000000] arch_timer: cp15 timer(s) running at 400.00MHz (phys).
[    0.000000] clocksource: arch_sys_counter: mask: 0xffffffffffffff max_cycles: 0x5c4093a7d1, max_idle_ns: 440795210635 ns
[    0.000004] sched_clock: 56 bits at 400MHz, resolution 2ns, wraps every 4398046511103ns
[    0.008166] Console: colour dummy device 80x25
[    0.012619] Calibrating delay loop (skipped), value calculated using timer frequency.. 800.00 BogoMIPS (lpj=1600000)
[    0.023102] pid_max: default: 32768 minimum: 301
[    0.027772] Security Framework initialized
[    0.031986] Mount-cache hash table entries: 4096 (order: 3, 32768 bytes)
[    0.038664] Mountpoint-cache hash table entries: 4096 (order: 3, 32768 bytes)
[    0.061846] ASID allocator initialised with 32768 entries
[    0.076772] EFI services will not be available.
[    0.089314] smp: Bringing up secondary CPUs ...
[    0.121964] Detected VIPT I-cache on CPU1
[    0.122021] CPU1: Booted secondary processor [410fd034]
[    0.149995] Detected VIPT I-cache on CPU2
[    0.150016] CPU2: Booted secondary processor [410fd034]
[    0.178058] Detected VIPT I-cache on CPU3
[    0.178080] CPU3: Booted secondary processor [410fd034]
[    0.178132] smp: Brought up 1 node, 4 CPUs
[    0.209786] SMP: Total of 4 processors activated.
[    0.214477] CPU features: detected feature: 32-bit EL0 Support
[    0.220289] CPU features: detected feature: Kernel page table isolation (KPTI)
[    0.229816] CPU: All CPU(s) started at EL2
[    0.233914] alternatives: patching kernel code
[    0.239573] devtmpfs: initialized
[    0.246098] DMI not present or invalid.
[    0.250068] clocksource: jiffies: mask: 0xffffffff max_cycles: 0xffffffff, max_idle_ns: 7645041785100000 ns
[    0.259783] futex hash table entries: 1024 (order: 5, 131072 bytes)
[    0.266949] xor: measuring software checksum speed
[    0.311781]    8regs     :  2292.000 MB/sec
[    0.356003]    8regs_prefetch:  2041.000 MB/sec
[    0.400570]    32regs    :  2811.000 MB/sec
[    0.444790]    32regs_prefetch:  2370.000 MB/sec
[    0.449392] xor: using function: 32regs (2811.000 MB/sec)
[    0.455475] NET: Registered protocol family 16
[    0.460690] cpuidle: using governor ladder
[    0.464794] cpuidle: using governor menu
[    0.468836] vdso: 2 pages (1 code @ (____ptrval____), 1 data @ (____ptrval____))
[    0.476214] hw-breakpoint: found 6 breakpoint and 4 watchpoint registers.
[    0.491487] DMA: preallocated 256 KiB pool for atomic allocations
[    0.497608] dw_wdt: Synopsys DesignWare Watchdog Driver is registered at arch_initcall level
[    0.509897] dw_wdt: +++ skip updating timeout to wdd.
[    0.521239] HugeTLB registered 2 MB page size, pre-allocated 0 pages
[    0.595831] raid6: int64x1  gen()   408 MB/s
[    0.668258] raid6: int64x1  xor()   450 MB/s
[    0.740624] raid6: int64x2  gen()   704 MB/s
[    0.812986] raid6: int64x2  xor()   606 MB/s
[    0.885396] raid6: int64x4  gen()  1065 MB/s
[    0.957780] raid6: int64x4  xor()   747 MB/s
[    1.029872] raid6: int64x8  gen()   989 MB/s
[    1.101940] raid6: int64x8  xor()   750 MB/s
[    1.174038] raid6: neonx1   gen()   736 MB/s
[    1.246129] raid6: neonx1   xor()   766 MB/s
[    1.318181] raid6: neonx2   gen()  1192 MB/s
[    1.390282] raid6: neonx2   xor()  1041 MB/s
[    1.462362] raid6: neonx4   gen()  1552 MB/s
[    1.534439] raid6: neonx4   xor()  1194 MB/s
[    1.606521] raid6: neonx8   gen()  1567 MB/s
[    1.678603] raid6: neonx8   xor()  1205 MB/s
[    1.682859] raid6: using algorithm neonx8 gen() 1567 MB/s
[    1.688237] raid6: .... xor() 1205 MB/s, rmw enabled
[    1.693183] raid6: using intx1 recovery algorithm
[    1.698494] vgaarb: loaded
[    1.701687] Intel Service Layer Driver Initialized
[    1.706768] SCSI subsystem initialized
[    1.710709] usbcore: registered new interface driver usbfs
[    1.716211] usbcore: registered new interface driver hub
[    1.721556] usbcore: registered new device driver usb
[    1.727003] pps_core: LinuxPPS API ver. 1 registered
[    1.731955] pps_core: Software ver. 5.3.6 - Copyright 2005-2007 Rodolfo Giometti <giometti@linux.it>
[    1.741061] PTP clock support registered
[    1.745101] EDAC MC: Ver: 3.0.0
[    1.748453] dmi: Firmware registration failed.
[    1.752951] FPGA manager framework
[    1.756454] fpga-region soc:base_fpga_region: FPGA Region probed
[    1.763554] clocksource: Switched to clocksource arch_sys_counter
[    1.853751] NET: Registered protocol family 2
[    1.858755] TCP established hash table entries: 16384 (order: 5, 131072 bytes)
[    1.866070] TCP bind hash table entries: 16384 (order: 6, 262144 bytes)
[    1.873321] TCP: Hash tables configured (established 16384 bind 16384)
[    1.879971] UDP hash table entries: 1024 (order: 3, 32768 bytes)
[    1.885999] UDP-Lite hash table entries: 1024 (order: 3, 32768 bytes)
[    1.892639] NET: Registered protocol family 1
[    1.897592] RPC: Registered named UNIX socket transport module.
[    1.903502] RPC: Registered udp transport module.
[    1.908219] RPC: Registered tcp transport module.
[    1.912908] RPC: Registered tcp NFSv4.1 backchannel transport module.
[    1.919520] Trying to unpack rootfs image as initramfs...

2020-12-07 03:19:19,316:INFO:
--=---+---=--
       \___         NOKIA RFSW LINUX
 ---=---+-I-=---         TD-CPRI
        |\
  ---=----+----=---
        |
        ^
Wind River Linux LTS 10.17.41.17
TRM60.10.R03 jenkins-PROD_mMIMO_TRM6_release-742 2020-09-24_14-15-04 rev a9b8c29e
stratix10-aeqb login: 
2020-12-07 03:19:44,564:INFO:[   52.276305] fpga_manager fpga0: writing aeqb-td-bitstream.core.rbf to Stratix10 SOC FPGA Manager
[   52.552852] Stratix10 SoC FPGA manager soc:fpga-mgr@0: Requesting full reconfiguration.
[   53.980500] ccr_driver f9040000.ccr: CCR driver: Device 'ccr0' probed. ret:0!
[   54.000308] altera-i2c f9001800.i2c: Altera SoftIP I2C Probe Complete
[   54.013405] altera-i2c f90018c0.i2c: Altera SoftIP I2C Probe Complete
[   54.045402] Deasserting reset
[   54.051104] Deasserting reset
[   54.052552] cco_driver 80300000.SM0_cpricore001_CPRICORE001: CPRICORE driver: Device 'conn_cgb0' probed and ready!
[   54.071687] cco_driver 80340000.RF2_cpricore001_CPRICORE001: CPRICORE driver: Device 'conn_cgb4' probed and ready!
[   54.072027] Deasserting reset
[   54.083382] cco_driver 80310000.SM1_cpricore001_CPRICORE001: CPRICORE driver: Device 'conn_cgb1' probed and ready!
[   54.086391] Deasserting reset
[   54.086693] cco_driver 80320000.RF0_cpricore001_CPRICORE001: CPRICORE driver: Device 'conn_cgb2' probed and ready!
[   54.092367] Deasserting reset
[   54.093566] cco_driver 80330000.RF1_cpricore001_CPRICORE001: CPRICORE driver: Device 'conn_cgb3' probed and ready!
[   54.135217] Deasserting reset
[   54.138111] cco_driver 80350000.RF2B_cpricore001_CPRICORE001: CPRICORE driver: Device 'conn_cgb5' probed and ready!
[   54.158741] Deasserting reset
[   54.160025] cco_driver 80380000.RF3_cpricore001_CPRICORE001: CPRICORE driver: Device 'conn_cgb6' probed and ready!
[   54.185676] Deasserting reset
[   54.186390] cco_driver 80390000.RF3B_cpricore001_CPRICORE001: CPRICORE driver: Device 'conn_cgb7' probed and ready!
[   54.208260] Deasserting reset
[   54.209084] cco_driver 80400000.RF4_cpricore001_CPRICORE001: CPRICORE driver: Device 'conn_cgb8' probed and ready!
[   54.235883] Deasserting reset
[   54.237508] cco_driver 80410000.RF4B_cpricore001_CPRICORE001: CPRICORE driver: Device 'conn_cgb9' probed and ready!
[   54.258357] Deasserting reset
[   54.265836] cco_driver 80420000.RF5_cpricore001_CPRICORE001: CPRICORE driver: Device 'conn_cgb10' probed and ready!
[   54.293637] Deasserting reset
[   54.295272] cco_driver 80430000.RF5B_cpricore001_CPRICORE001: CPRICORE driver: Device 'conn_cgb11' probed and ready!
[   54.315380] Deasserting reset
[   54.316640] cco_driver 80440000.RF6_cpricore001_CPRICORE001: CPRICORE driver: Device 'conn_cgb12' probed and ready!
[   54.339082] Deasserting reset
[   54.340917] cco_driver 80450000.RF6B_cpricore001_CPRICORE001: CPRICORE driver: Device 'conn_cgb13' probed and ready!
[   54.361385] Deasserting reset
[   54.362425] cco_driver 80460000.RF7_cpricore001_CPRICORE001: CPRICORE driver: Device 'conn_cgb14' probed and ready!
[   54.381607] Deasserting reset
[   54.383128] cco_driver 80470000.RF7B_cpricore001_CPRICORE001: CPRICORE driver: Device 'conn_cgb15' probed and ready!
[   54.406892] Deasserting reset
[   54.408249] cco_driver 80480000.RF8_cpricore001_CPRICORE001: CPRICORE driver: Device 'conn_cgb16' probed and ready!
[   54.432439] Deasserting reset
[   54.433981] cco_driver 80490000.RF8B_cpricore001_CPRICORE001: CPRICORE driver: Device 'conn_cgb17' probed and ready!
[   54.490299] socfpga-dwmac ff802000.ethernet: PTP uses main clock
[   54.497225] stmmac - user ID: 0x11, Synopsys ID: 0x37
[   54.503156] socfpga-dwmac ff802000.ethernet: Ring mode enabled
[   54.509260] socfpga-dwmac ff802000.ethernet: DMA HW capability register supported
[   54.518237] socfpga-dwmac ff802000.ethernet: Enhanced/Alternate descriptors
[   54.526639] socfpga-dwmac ff802000.ethernet: Enabled extended descriptors
[   54.535524] socfpga-dwmac ff802000.ethernet: RX Checksum Offload Engine supported
[   54.543612] socfpga-dwmac ff802000.ethernet: COE Type 2
[   54.549115] socfpga-dwmac ff802000.ethernet: TX Checksum insertion supported
[   54.556366] socfpga-dwmac ff802000.ethernet: Enable RX Mitigation via HW Watchdog Timer
[   54.585912] socfpga-dwmac ff804000.ethernet: PTP uses main clock
[   54.593002] stmmac - user ID: 0x11, Synopsys ID: 0x37
[   54.598295] socfpga-dwmac ff804000.ethernet: Ring mode enabled
[   54.610552] socfpga-dwmac ff804000.ethernet: DMA HW capability register supported
[   54.618302] socfpga-dwmac ff804000.ethernet: Enhanced/Alternate descriptors
[   54.625345] socfpga-dwmac ff804000.ethernet: Enabled extended descriptors
[   54.632255] socfpga-dwmac ff804000.ethernet: RX Checksum Offload Engine supported
[   54.640054] socfpga-dwmac ff804000.ethernet: COE Type 2
[   54.645354] socfpga-dwmac ff804000.ethernet: TX Checksum insertion supported
[   54.652466] socfpga-dwmac ff804000.ethernet: Enable RX Mitigation via HW Watchdog Timer
[   55.264274] Not support switch PN:0xcd32!
[   55.268583] Marvell 88E1510 stmmac-0:01: attached PHY driver [Marvell 88E1510] (mii_bus:phy_addr=stmmac-0:01, irq=-1)
[   55.289669] socfpga-dwmac ff800000.ethernet eth0: IEEE 1588-2008 Advanced Timestamp supported
[   55.298937] socfpga-dwmac ff800000.ethernet eth0: registered PTP clock
[   55.306799] IPv6: ADDRCONF(NETDEV_UP): eth0: link is not ready
[   55.313613] IPv6: ADDRCONF(NETDEV_UP): eth0.257: link is not ready
[   55.321200] IPv6: ADDRCONF(NETDEV_UP): eth0.258: link is not ready
[   55.412374] Generic PHY fixed-0:00: attached PHY driver [Generic PHY] (mii_bus:phy_addr=fixed-0:00, irq=-1)
[   55.430926] socfpga-dwmac ff802000.ethernet eth1: IEEE 1588-2008 Advanced Timestamp supported
[   55.440274] socfpga-dwmac ff802000.ethernet eth1: registered PTP clock
[   55.448138] IPv6: ADDRCONF(NETDEV_UP): eth1: link is not ready
[   55.489263] Generic PHY fixed-0:01: attached PHY driver [Generic PHY] (mii_bus:phy_addr=fixed-0:01, irq=-1)
[   55.506951] socfpga-dwmac ff804000.ethernet eth2: IEEE 1588-2008 Advanced Timestamp supported
[   55.516348] socfpga-dwmac ff804000.ethernet eth2: registered PTP clock
[   55.524192] IPv6: ADDRCONF(NETDEV_UP): eth2: link is not ready
[   55.589371] br0: port 1(eth1) entered blocking state
[   55.594656] br0: port 1(eth1) entered disabled state
[   55.600229] device eth1 entered promiscuous mode
[   55.617074] br0: port 2(eth2) entered blocking state
[   55.622336] br0: port 2(eth2) entered disabled state
[   55.628204] device eth2 entered promiscuous mode
[   55.641693] br0: port 2(eth2) entered blocking state
[   55.646725] br0: port 2(eth2) entered forwarding state
[   55.652263] br0: port 1(eth1) entered blocking state
[   55.657306] br0: port 1(eth1) entered forwarding state
[   56.179841] br0: port 1(eth1) entered disabled state
[   56.185903] br0: port 2(eth2) entered disabled state
[   56.340549] socfpga-dwmac ff800000.ethernet eth0: Link is Up - 1Gbps/Full - flow control off
[   56.350977] IPv6: ADDRCONF(NETDEV_CHANGE): eth0: link becomes ready
[   56.365482] IPv6: ADDRCONF(NETDEV_CHANGE): eth0.257: link becomes ready
[   56.372866] IPv6: ADDRCONF(NETDEV_CHANGE): eth0.258: link becomes ready
[   56.467731] socfpga-dwmac ff802000.ethernet eth1: Link is Up - 1Gbps/Full - flow control off
[   56.476596] IPv6: ADDRCONF(NETDEV_CHANGE): eth1: link becomes ready
[   56.484423] br0: port 1(eth1) entered blocking state
[   56.489448] br0: port 1(eth1) entered forwarding state
[   56.531721] socfpga-dwmac ff804000.ethernet eth2: Link is Up - 1Gbps/Full - flow control off
[   56.540338] IPv6: ADDRCONF(NETDEV_CHANGE): eth2: link becomes ready
[   56.547366] br0: port 2(eth2) entered blocking state
[   56.552419] br0: port 2(eth2) entered forwarding state

2020-12-07 03:19:49,624:INFO:[   60.702409] ttyS1 - failed to request DMA

2020-12-07 03:26:16,396:INFO:
U-Boot SPL 2017.09+gitAUTOINC+c0cfd0b4df-nokia-r153 (Sep 16 2020 - 02:12:22)
MPU         1200000 kHz
L3 main     400000 kHz
Main VCO    1200000 kHz
Per VCO     2000000 kHz
EOSC1       125000 kHz
HPS MMC     100 kHz
UART        100000 kHz

2020-12-07 03:26:19,426:INFO:DDR: emif_clear() failed
DDR: 2048 MiB
QSPI: Reference clock at 400000000 Hz
Stratix10 boot info:
	Last power-on reset triggered by SDM: true
	Last reset type: SDM power-on reset
	Debug reset triggered: false
	CS DAP reset triggered: false
Trying to boot from SPI
RSU current image:  0x03400000
RSU state:          0x00000000
RSU error location: 0x00000000
RSU error details:  0x00000000
RSU SSBL partition SSBL.PROD000001 at address 0x02200000.


U-Boot 2017.09+gitAUTOINC+c0cfd0b4df-nokia-r153 (Sep 16 2020 - 02:12:22 +0000)socfpga_stratix10_aeqb

CPU:   Intel FPGA SoCFPGA Platform
FPGA:  Intel FPGA Stratix 10
Model: Nokia AEQB
       Watchdog enabled
MTest: Memory test flags not setted
DRAM:  2 GiB
De-Assert EMAC0, EMAC1, EMAC2...OK
Stratix10 boot info:
	Last power-on reset triggered by SDM: true
	Last reset type: SDM power-on reset
	Debug reset triggered: false
	CS DAP reset triggered: false
	Clear reset status:0x0
MMC:   
Using default environment

In:    serial
Out:   serial
Err:   serial
Model: Nokia AEQB
Net:   
Warning: ethernet@ff800000 (eth0) using random MAC address - 1a:22:29:79:d7:5c
eth0: ethernet@ff800000
PowerOn or HW or L4WD0 reset, Reset the made
Taking peripheral out of reset ... OK
Configuring Marvell 88E1512 PHY ... OK
Configuring Ethernet Switch ... OK
SF: Detected mt25qu02g with page size 256 Bytes, erase size 64 KiB, total 256 MiB
Slot: selecting slot1
SPTs are GOOD!!!
CPBs are GOOD!!!
Autoboot in 3 seconds

2020-12-07 03:26:23,466:INFO:gpio: pin 0 (gpio 0) value is 1
SF: Detected mt25qu02g with page size 256 Bytes, erase size 64 KiB, total 256 MiB
ubi0: attaching mtd2
ubi0: scanning is finished
ubi0: attached mtd2 (name "mtd=0", size 256 MiB)
ubi0: PEB size: 65536 bytes (64 KiB), LEB size: 65408 bytes
ubi0: min./max. I/O unit sizes: 1/256, sub-page size 1
ubi0: VID header offset: 64 (aligned 64), data offset: 128
ubi0: good PEBs: 4096, bad PEBs: 0, corrupted PEBs: 0
ubi0: user volume: 2, internal volumes: 1, max. volumes count: 128
ubi0: max/mean erase counter: 3/1, WL threshold: 4096, image sequence number: 4194956838
ubi0: available PEBs: 546, total reserved PEBs: 3550, PEBs reserved for bad PEB handling: 0
Read 0 bytes from volume slot1_sw to 30000000
No size specified -> Using max size (66228788)

2020-12-07 03:26:47,704:INFO:## Copying 'fdt' subimage from FIT image at 30000000 ...
crc32+ sha1+    Loading part 253 ... OK
FDT fixup successful
## Loading kernel from FIT Image at 30000000 ...
   Using 'socfpga@0' configuration
   Trying 'kernel@0' kernel subimage
     Description:  Linux kernel
     Type:         Kernel Image
     Compression:  uncompressed
     Data Start:   0x300000e4
     Data Size:    14782976 Bytes = 14.1 MiB
     Architecture: AArch64
     OS:           Linux
     Load Address: 0x01080000
     Entry Point:  0x01080000
     Hash algo:    crc32
     Hash value:   fd5d11b7
     Hash algo:    sha1
     Hash value:   4c363572ec9584596497f151733cd901935d96d7
   Verifying Hash Integrity ... crc32+ sha1+ OK
## Loading ramdisk from FIT Image at 30000000 ...
   Using 'socfpga@0' configuration
   Trying 'rootfs@0' ramdisk subimage
     Description:  Root Filesystem CPIO archive Gzipped
     Type:         RAMDisk Image
     Compression:  uncompressed
     Data Start:   0x30e1daf8
     Data Size:    51425740 Bytes = 49 MiB
     Architecture: AArch64
     OS:           Linux
     Load Address: 0x20000000
     Entry Point:  unavailable
     Hash algo:    crc32
     Hash value:   2a5c7ca4
     Hash algo:    sha1
     Hash value:   1d102a20aaf0a0aa93c42bd48a30fa3789955f59
   Verifying Hash Integrity ... crc32+ sha1+ OK
   Loading ramdisk from 0x30e1daf8 to 0x20000000
## Flattened Device Tree blob at 08000000
   Booting using the fdt blob at 0x8000000
   Loading Kernel Image ... OK
   Loading Ramdisk to 15af4000, end 18bff1cc ... OK
   reserving fdt memory region: addr=8000000 size=9000
   Loading Device Tree to 0000000015ae8000, end 0000000015af3fff ... OK

Starting kernel ...

[    0.000000] Booting Linux on physical CPU 0x0
[    0.000000] Linux version 4.12.29-nokia-r91 (oe-user@oe-host) (gcc version 7.3.0 (GCC) ) #1 SMP PREEMPT Tue Jul 7 10:22:54 UTC 2020
[    0.000000] Boot CPU: AArch64 Processor [410fd034]
[    0.000000] Machine model: SoCFPGA Stratix 10 AEQB
[    0.000000] earlycon: uart0 at MMIO32 0x00000000ffc02000 (options '115200n8')
[    0.000000] bootconsole [uart0] enabled
[    0.000000] efi: Getting EFI parameters from FDT:
[    0.000000] efi: UEFI not found.
[    0.000000] Reserved memory: created DMA memory pool at 0x0000000000000000, size 16 MiB
[    0.000000] OF: reserved mem: initialized node svcbuffer@0, compatible id shared-dma-pool
[    0.000000] cma: Reserved 16 MiB at 0x0000000078800000
[    0.000000] psci: probing for conduit method from DT.
[    0.000000] psci: PSCIv65535.65535 detected in firmware.
[    0.000000] psci: Using standard PSCI v0.2 function IDs
[    0.000000] psci: MIGRATE_INFO_TYPE not supported.
[    0.000000] psci: SMC Calling Convention v1.0
[    0.000000] percpu: Embedded 22 pages/cpu @(____ptrval____) s52888 r8192 d29032 u90112
[    0.000000] Detected VIPT I-cache on CPU0
[    0.000000] CPU features: enabling workaround for ARM erratum 845719
[    0.000000] Built 1 zonelists in Zone order, mobility grouping on.  Total pages: 486612
[    0.000000] Kernel command line: earlyprintk earlycon syscon_enable=1 console=ttyS0,115200n8 rdinit=/sbin/init rw initrd=0x20000000,0x8000000 runningVolName=slot1_sw
[    0.000000] PID hash table entries: 4096 (order: 3, 32768 bytes)
[    0.000000] Dentry cache hash table entries: 262144 (order: 9, 2097152 bytes)
[    0.000000] Inode-cache hash table entries: 131072 (order: 8, 1048576 bytes)
[    0.000000] Memory: 1728016K/1977344K available (9724K kernel code, 1188K rwdata, 2528K rodata, 960K init, 738K bss, 232944K reserved, 16384K cma-reserved)
[    0.000000] Virtual kernel memory layout:
[    0.000000]     modules : 0xffff000000000000 - 0xffff000008000000   (   128 MB)
[    0.000000]     vmalloc : 0xffff000008000000 - 0xffff7dffbfff0000   (129022 GB)
[    0.000000]       .text : 0x(____ptrval____) - 0x(____ptrval____)   (  9728 KB)
[    0.000000]     .rodata : 0x(____ptrval____) - 0x(____ptrval____)   (  2560 KB)
[    0.000000]       .init : 0x(____ptrval____) - 0x(____ptrval____)   (   960 KB)
[    0.000000]       .data : 0x(____ptrval____) - 0x(____ptrval____)   (  1189 KB)
[    0.000000]        .bss : 0x(____ptrval____) - 0x(____ptrval____)   (   739 KB)
[    0.000000]     fixed   : 0xffff7dfffe7fb000 - 0xffff7dfffec00000   (  4116 KB)
[    0.000000]     PCI I/O : 0xffff7dfffee00000 - 0xffff7dffffe00000   (    16 MB)
[    0.000000]     vmemmap : 0xffff7e0000000000 - 0xffff800000000000   (  2048 GB maximum)
[    0.000000]               0xffff7e0000040000 - 0xffff7e0001e6c000   (    30 MB actual)
[    0.000000]     memory  : 0xffff800001000000 - 0xffff800079b00000   (  1931 MB)
[    0.000000] SLUB: HWalign=64, Order=0-3, MinObjects=0, CPUs=4, Nodes=1
[    0.000000] ftrace: allocating 32767 entries in 128 pages
[    0.000000] Preemptible hierarchical RCU implementation.
[    0.000000] NR_IRQS:64 nr_irqs:64 0
[    0.000000] GIC: Using split EOI/Deactivate mode
[    0.000000] arch_timer: cp15 timer(s) running at 400.00MHz (phys).
[    0.000000] clocksource: arch_sys_counter: mask: 0xffffffffffffff max_cycles: 0x5c4093a7d1, max_idle_ns: 440795210635 ns
[    0.000004] sched_clock: 56 bits at 400MHz, resolution 2ns, wraps every 4398046511103ns
[    0.008159] Console: colour dummy device 80x25
[    0.012611] Calibrating delay loop (skipped), value calculated using timer frequency.. 800.00 BogoMIPS (lpj=1600000)
[    0.023093] pid_max: default: 32768 minimum: 301
[    0.027764] Security Framework initialized
[    0.031979] Mount-cache hash table entries: 4096 (order: 3, 32768 bytes)
[    0.038657] Mountpoint-cache hash table entries: 4096 (order: 3, 32768 bytes)
[    0.061841] ASID allocator initialised with 32768 entries
[    0.076765] EFI services will not be available.
[    0.089307] smp: Bringing up secondary CPUs ...
[    0.121956] Detected VIPT I-cache on CPU1
[    0.122012] CPU1: Booted secondary processor [410fd034]
[    0.149986] Detected VIPT I-cache on CPU2
[    0.150008] CPU2: Booted secondary processor [410fd034]
[    0.178052] Detected VIPT I-cache on CPU3
[    0.178073] CPU3: Booted secondary processor [410fd034]
[    0.178126] smp: Brought up 1 node, 4 CPUs
[    0.209780] SMP: Total of 4 processors activated.
[    0.214471] CPU features: detected feature: 32-bit EL0 Support
[    0.220284] CPU features: detected feature: Kernel page table isolation (KPTI)
[    0.229812] CPU: All CPU(s) started at EL2
[    0.233911] alternatives: patching kernel code
[    0.239568] devtmpfs: initialized
[    0.246094] DMI not present or invalid.
[    0.250062] clocksource: jiffies: mask: 0xffffffff max_cycles: 0xffffffff, max_idle_ns: 7645041785100000 ns
[    0.259774] futex hash table entries: 1024 (order: 5, 131072 bytes)
[    0.266953] xor: measuring software checksum speed
[    0.311785]    8regs     :  2292.000 MB/sec
[    0.356006]    8regs_prefetch:  2041.000 MB/sec
[    0.400572]    32regs    :  2811.000 MB/sec
[    0.444792]    32regs_prefetch:  2370.000 MB/sec
[    0.449393] xor: using function: 32regs (2811.000 MB/sec)
[    0.455466] NET: Registered protocol family 16
[    0.460679] cpuidle: using governor ladder
[    0.464784] cpuidle: using governor menu
[    0.468829] vdso: 2 pages (1 code @ (____ptrval____), 1 data @ (____ptrval____))
[    0.476207] hw-breakpoint: found 6 breakpoint and 4 watchpoint registers.
[    0.484064] DMA: preallocated 256 KiB pool for atomic allocations
[    0.490184] dw_wdt: Synopsys DesignWare Watchdog Driver is registered at arch_initcall level
[    0.502473] dw_wdt: +++ skip updating timeout to wdd.
[    0.513818] HugeTLB registered 2 MB page size, pre-allocated 0 pages
[    0.588310] raid6: int64x1  gen()   407 MB/s
[    0.660684] raid6: int64x1  xor()   450 MB/s
[    0.733049] raid6: int64x2  gen()   704 MB/s
[    0.805449] raid6: int64x2  xor()   606 MB/s
[    0.877860] raid6: int64x4  gen()  1065 MB/s
[    0.950285] raid6: int64x4  xor()   747 MB/s
[    1.022324] raid6: int64x8  gen()   989 MB/s
[    1.094401] raid6: int64x8  xor()   750 MB/s
[    1.166508] raid6: neonx1   gen()   736 MB/s
[    1.238577] raid6: neonx1   xor()   765 MB/s
[    1.310657] raid6: neonx2   gen()  1192 MB/s
[    1.382751] raid6: neonx2   xor()  1042 MB/s
[    1.454823] raid6: neonx4   gen()  1552 MB/s
[    1.526903] raid6: neonx4   xor()  1194 MB/s
[    1.599017] raid6: neonx8   gen()  1568 MB/s
[    1.671079] raid6: neonx8   xor()  1205 MB/s
[    1.675335] raid6: using algorithm neonx8 gen() 1568 MB/s
[    1.680713] raid6: .... xor() 1205 MB/s, rmw enabled
[    1.685659] raid6: using intx1 recovery algorithm
[    1.690972] vgaarb: loaded
[    1.694170] Intel Service Layer Driver Initialized
[    1.699249] SCSI subsystem initialized
[    1.703190] usbcore: registered new interface driver usbfs
[    1.708693] usbcore: registered new interface driver hub
[    1.714037] usbcore: registered new device driver usb
[    1.719484] pps_core: LinuxPPS API ver. 1 registered
[    1.724436] pps_core: Software ver. 5.3.6 - Copyright 2005-2007 Rodolfo Giometti <giometti@linux.it>
[    1.733542] PTP clock support registered
[    1.737581] EDAC MC: Ver: 3.0.0
[    1.740929] dmi: Firmware registration failed.
[    1.745428] FPGA manager framework
[    1.748930] fpga-region soc:base_fpga_region: FPGA Region probed
[    1.756041] clocksource: Switched to clocksource arch_sys_counter
[    1.846187] NET: Registered protocol family 2
[    1.851189] TCP established hash table entries: 16384 (order: 5, 131072 bytes)
[    1.858504] TCP bind hash table entries: 16384 (order: 6, 262144 bytes)
[    1.865796] TCP: Hash tables configured (established 16384 bind 16384)
[    1.872445] UDP hash table entries: 1024 (order: 3, 32768 bytes)
[    1.878475] UDP-Lite hash table entries: 1024 (order: 3, 32768 bytes)
[    1.885116] NET: Registered protocol family 1
[    1.890053] RPC: Registered named UNIX socket transport module.
[    1.895962] RPC: Registered udp transport module.
[    1.900652] RPC: Registered tcp transport module.
[    1.905340] RPC: Registered tcp NFSv4.1 backchannel transport module.
[    1.911982] Trying to unpack rootfs image as initramfs...

2020-12-07 03:27:16,002:INFO:
--=---+---=--
       \___         NOKIA RFSW LINUX
 ---=---+-I-=---         TD-CPRI
        |\
  ---=----+----=---
        |
        ^
Wind River Linux LTS 10.17.41.17
TRM60.10.R03 jenkins-PROD_mMIMO_TRM6_release-742 2020-09-24_14-15-04 rev a9b8c29e
stratix10-aeqb login: 
2020-12-07 03:27:53,369:INFO:[   64.075201] fpga_manager fpga0: writing aeqb-td-bitstream.core.rbf to Stratix10 SOC FPGA Manager
[   64.218209] Stratix10 SoC FPGA manager soc:fpga-mgr@0: Requesting full reconfiguration.
[   65.546508] ccr_driver f9040000.ccr: CCR driver: Device 'ccr0' probed. ret:0!
[   65.565348] altera-i2c f9001800.i2c: Altera SoftIP I2C Probe Complete
[   65.581304] altera-i2c f90018c0.i2c: Altera SoftIP I2C Probe Complete
[   65.601235] Deasserting reset
[   65.603554] cco_driver 80410000.RF4B_cpricore001_CPRICORE001: CPRICORE driver: Device 'conn_cgb9' probed and ready!
[   65.607650] Deasserting reset
[   65.610107] cco_driver 80300000.SM0_cpricore001_CPRICORE001: CPRICORE driver: Device 'conn_cgb0' probed and ready!
[   65.619785] Deasserting reset
[   65.620717] cco_driver 80310000.SM1_cpricore001_CPRICORE001: CPRICORE driver: Device 'conn_cgb1' probed and ready!
[   65.631283] Deasserting reset
[   65.633356] cco_driver 80320000.RF0_cpricore001_CPRICORE001: CPRICORE driver: Device 'conn_cgb2' probed and ready!
[   65.638807] Deasserting reset
[   65.639643] cco_driver 80330000.RF1_cpricore001_CPRICORE001: CPRICORE driver: Device 'conn_cgb3' probed and ready!
[   65.643467] Deasserting reset
[   65.643982] cco_driver 80340000.RF2_cpricore001_CPRICORE001: CPRICORE driver: Device 'conn_cgb4' probed and ready!
[   65.646490] Deasserting reset
[   65.646808] cco_driver 80350000.RF2B_cpricore001_CPRICORE001: CPRICORE driver: Device 'conn_cgb5' probed and ready!
[   65.648476] Deasserting reset
[   65.648768] cco_driver 80380000.RF3_cpricore001_CPRICORE001: CPRICORE driver: Device 'conn_cgb6' probed and ready!
[   65.650257] Deasserting reset
[   65.650535] cco_driver 80390000.RF3B_cpricore001_CPRICORE001: CPRICORE driver: Device 'conn_cgb7' probed and ready!
[   65.651864] Deasserting reset
[   65.652282] cco_driver 80400000.RF4_cpricore001_CPRICORE001: CPRICORE driver: Device 'conn_cgb8' probed and ready!
[   65.742410] Deasserting reset
[   65.743313] cco_driver 80420000.RF5_cpricore001_CPRICORE001: CPRICORE driver: Device 'conn_cgb10' probed and ready!
[   65.761852] Deasserting reset
[   65.762502] cco_driver 80430000.RF5B_cpricore001_CPRICORE001: CPRICORE driver: Device 'conn_cgb11' probed and ready!
[   65.780867] Deasserting reset
[   65.781429] cco_driver 80440000.RF6_cpricore001_CPRICORE001: CPRICORE driver: Device 'conn_cgb12' probed and ready!
[   65.798579] Deasserting reset
[   65.799195] cco_driver 80450000.RF6B_cpricore001_CPRICORE001: CPRICORE driver: Device 'conn_cgb13' probed and ready!
[   65.819019] Deasserting reset
[   65.820612] cco_driver 80460000.RF7_cpricore001_CPRICORE001: CPRICORE driver: Device 'conn_cgb14' probed and ready!
[   65.840683] Deasserting reset
[   65.841963] cco_driver 80470000.RF7B_cpricore001_CPRICORE001: CPRICORE driver: Device 'conn_cgb15' probed and ready!
[   65.860766] Deasserting reset
[   65.862061] cco_driver 80480000.RF8_cpricore001_CPRICORE001: CPRICORE driver: Device 'conn_cgb16' probed and ready!
[   65.880198] Deasserting reset
[   65.881704] cco_driver 80490000.RF8B_cpricore001_CPRICORE001: CPRICORE driver: Device 'conn_cgb17' probed and ready!
[   65.918641] socfpga-dwmac ff802000.ethernet: PTP uses main clock
[   65.925358] stmmac - user ID: 0x11, Synopsys ID: 0x37
[   65.930975] socfpga-dwmac ff802000.ethernet: Ring mode enabled
[   65.936865] socfpga-dwmac ff802000.ethernet: DMA HW capability register supported
[   65.944560] socfpga-dwmac ff802000.ethernet: Enhanced/Alternate descriptors
[   65.951513] socfpga-dwmac ff802000.ethernet: Enabled extended descriptors
[   65.958338] socfpga-dwmac ff802000.ethernet: RX Checksum Offload Engine supported
[   65.965807] socfpga-dwmac ff802000.ethernet: COE Type 2
[   65.971048] socfpga-dwmac ff802000.ethernet: TX Checksum insertion supported
[   65.978089] socfpga-dwmac ff802000.ethernet: Enable RX Mitigation via HW Watchdog Timer
[   65.996682] socfpga-dwmac ff804000.ethernet: PTP uses main clock
[   66.003021] stmmac - user ID: 0x11, Synopsys ID: 0x37
[   66.008496] socfpga-dwmac ff804000.ethernet: Ring mode enabled
[   66.014458] socfpga-dwmac ff804000.ethernet: DMA HW capability register supported
[   66.022110] socfpga-dwmac ff804000.ethernet: Enhanced/Alternate descriptors
[   66.029083] socfpga-dwmac ff804000.ethernet: Enabled extended descriptors
[   66.035927] socfpga-dwmac ff804000.ethernet: RX Checksum Offload Engine supported
[   66.043399] socfpga-dwmac ff804000.ethernet: COE Type 2
[   66.048647] socfpga-dwmac ff804000.ethernet: TX Checksum insertion supported
[   66.055691] socfpga-dwmac ff804000.ethernet: Enable RX Mitigation via HW Watchdog Timer
[   66.456711] Not support switch PN:0xcd32!
[   66.460982] Marvell 88E1510 stmmac-0:01: attached PHY driver [Marvell 88E1510] (mii_bus:phy_addr=stmmac-0:01, irq=-1)
[   66.475679] socfpga-dwmac ff800000.ethernet eth0: IEEE 1588-2008 Advanced Timestamp supported
[   66.484528] socfpga-dwmac ff800000.ethernet eth0: registered PTP clock
[   66.491888] IPv6: ADDRCONF(NETDEV_UP): eth0: link is not ready
[   66.499145] IPv6: ADDRCONF(NETDEV_UP): eth0.257: link is not ready
[   66.505496] IPv6: ADDRCONF(NETDEV_UP): eth0.258: link is not ready
[   66.562383] Generic PHY fixed-0:00: attached PHY driver [Generic PHY] (mii_bus:phy_addr=fixed-0:00, irq=-1)
[   66.574856] socfpga-dwmac ff802000.ethernet eth1: IEEE 1588-2008 Advanced Timestamp supported
[   66.584238] socfpga-dwmac ff802000.ethernet eth1: registered PTP clock
[   66.591319] IPv6: ADDRCONF(NETDEV_UP): eth1: link is not ready
[   66.620718] Generic PHY fixed-0:01: attached PHY driver [Generic PHY] (mii_bus:phy_addr=fixed-0:01, irq=-1)
[   66.633829] socfpga-dwmac ff804000.ethernet eth2: IEEE 1588-2008 Advanced Timestamp supported
[   66.643084] socfpga-dwmac ff804000.ethernet eth2: registered PTP clock
[   66.650393] IPv6: ADDRCONF(NETDEV_UP): eth2: link is not ready
[   66.692223] br0: port 1(eth1) entered blocking state
[   66.699472] br0: port 1(eth1) entered disabled state
[   66.710142] device eth1 entered promiscuous mode
[   66.724598] br0: port 2(eth2) entered blocking state
[   66.729592] br0: port 2(eth2) entered disabled state
[   66.734870] device eth2 entered promiscuous mode
[   66.744356] br0: port 2(eth2) entered blocking state
[   66.749331] br0: port 2(eth2) entered forwarding state
[   66.754598] br0: port 1(eth1) entered blocking state
[   66.759569] br0: port 1(eth1) entered forwarding state
[   67.380215] br0: port 1(eth1) entered disabled state
[   67.385898] br0: port 2(eth2) entered disabled state
[   67.540841] socfpga-dwmac ff800000.ethernet eth0: Link is Up - 1Gbps/Full - flow control off
[   67.549408] IPv6: ADDRCONF(NETDEV_CHANGE): eth0: link becomes ready
[   67.556409] IPv6: ADDRCONF(NETDEV_CHANGE): eth0.257: link becomes ready
[   67.563224] IPv6: ADDRCONF(NETDEV_CHANGE): eth0.258: link becomes ready
[   67.604099] socfpga-dwmac ff802000.ethernet eth1: Link is Up - 1Gbps/Full - flow control off
[   67.612773] IPv6: ADDRCONF(NETDEV_CHANGE): eth1: link becomes ready
[   67.619220] br0: port 1(eth1) entered blocking state
[   67.624191] br0: port 1(eth1) entered forwarding state
[   67.668090] socfpga-dwmac ff804000.ethernet eth2: Link is Up - 1Gbps/Full - flow control off
[   67.676706] IPv6: ADDRCONF(NETDEV_CHANGE): eth2: link becomes ready
[   67.683143] br0: port 2(eth2) entered blocking state
[   67.688115] br0: port 2(eth2) entered forwarding state

2020-12-07 03:27:57,399:INFO:[   71.153005] ttyS1 - failed to request DMA

2020-12-07 03:34:24,162:INFO:
U-Boot SPL 2017.09+gitAUTOINC+c0cfd0b4df-nokia-r153 (Sep 16 2020 - 02:12:22)
MPU         1200000 kHz
L3 main     400000 kHz
Main VCO    1200000 kHz
Per VCO     2000000 kHz
EOSC1       125000 kHz
HPS MMC     100 kHz
UART        100000 kHz

2020-12-07 03:34:27,191:INFO:DDR: emif_clear() failed
DDR: 2048 MiB
QSPI: Reference clock at 400000000 Hz
Stratix10 boot info:
	Last power-on reset triggered by SDM: true
	Last reset type: SDM power-on reset
	Debug reset triggered: false
	CS DAP reset triggered: false
Trying to boot from SPI
RSU current image:  0x03400000
RSU state:          0x00000000
RSU error location: 0x00000000
RSU error details:  0x00000000
RSU SSBL partition SSBL.PROD000001 at address 0x02200000.


U-Boot 2017.09+gitAUTOINC+c0cfd0b4df-nokia-r153 (Sep 16 2020 - 02:12:22 +0000)socfpga_stratix10_aeqb

CPU:   Intel FPGA SoCFPGA Platform
FPGA:  Intel FPGA Stratix 10
Model: Nokia AEQB
       Watchdog enabled
MTest: Memory test flags not setted
DRAM:  2 GiB
De-Assert EMAC0, EMAC1, EMAC2...OK
Stratix10 boot info:
	Last power-on reset triggered by SDM: true
	Last reset type: SDM power-on reset
	Debug reset triggered: false
	CS DAP reset triggered: false
	Clear reset status:0x0
MMC:   
Using default environment

In:    serial
Out:   serial
Err:   serial
Model: Nokia AEQB
Net:   
Warning: ethernet@ff800000 (eth0) using random MAC address - 1a:22:29:79:d7:5c
eth0: ethernet@ff800000
PowerOn or HW or L4WD0 reset, Reset the made
Taking peripheral out of reset ... OK
Configuring Marvell 88E1512 PHY ... OK
Configuring Ethernet Switch ... OK
SF: Detected mt25qu02g with page size 256 Bytes, erase size 64 KiB, total 256 MiB
Slot: selecting slot1
SPTs are GOOD!!!
CPBs are GOOD!!!
Autoboot in 3 seconds

2020-12-07 03:34:31,231:INFO:gpio: pin 0 (gpio 0) value is 1
SF: Detected mt25qu02g with page size 256 Bytes, erase size 64 KiB, total 256 MiB
ubi0: attaching mtd2
ubi0: scanning is finished
ubi0: attached mtd2 (name "mtd=0", size 256 MiB)
ubi0: PEB size: 65536 bytes (64 KiB), LEB size: 65408 bytes
ubi0: min./max. I/O unit sizes: 1/256, sub-page size 1
ubi0: VID header offset: 64 (aligned 64), data offset: 128
ubi0: good PEBs: 4096, bad PEBs: 0, corrupted PEBs: 0
ubi0: user volume: 2, internal volumes: 1, max. volumes count: 128
ubi0: max/mean erase counter: 3/1, WL threshold: 4096, image sequence number: 4194956838
ubi0: available PEBs: 546, total reserved PEBs: 3550, PEBs reserved for bad PEB handling: 0
Read 0 bytes from volume slot1_sw to 30000000
No size specified -> Using max size (66228788)

2020-12-07 03:34:55,469:INFO:## Copying 'fdt' subimage from FIT image at 30000000 ...
crc32+ sha1+    Loading part 253 ... OK
FDT fixup successful
## Loading kernel from FIT Image at 30000000 ...
   Using 'socfpga@0' configuration
   Trying 'kernel@0' kernel subimage
     Description:  Linux kernel
     Type:         Kernel Image
     Compression:  uncompressed
     Data Start:   0x300000e4
     Data Size:    14782976 Bytes = 14.1 MiB
     Architecture: AArch64
     OS:           Linux
     Load Address: 0x01080000
     Entry Point:  0x01080000
     Hash algo:    crc32
     Hash value:   fd5d11b7
     Hash algo:    sha1
     Hash value:   4c363572ec9584596497f151733cd901935d96d7
   Verifying Hash Integrity ... crc32+ sha1+ OK
## Loading ramdisk from FIT Image at 30000000 ...
   Using 'socfpga@0' configuration
   Trying 'rootfs@0' ramdisk subimage
     Description:  Root Filesystem CPIO archive Gzipped
     Type:         RAMDisk Image
     Compression:  uncompressed
     Data Start:   0x30e1daf8
     Data Size:    51425740 Bytes = 49 MiB
     Architecture: AArch64
     OS:           Linux
     Load Address: 0x20000000
     Entry Point:  unavailable
     Hash algo:    crc32
     Hash value:   2a5c7ca4
     Hash algo:    sha1
     Hash value:   1d102a20aaf0a0aa93c42bd48a30fa3789955f59
   Verifying Hash Integrity ... crc32+ sha1+ OK
   Loading ramdisk from 0x30e1daf8 to 0x20000000
## Flattened Device Tree blob at 08000000
   Booting using the fdt blob at 0x8000000
   Loading Kernel Image ... OK
   Loading Ramdisk to 15af4000, end 18bff1cc ... OK
   reserving fdt memory region: addr=8000000 size=9000
   Loading Device Tree to 0000000015ae8000, end 0000000015af3fff ... OK

Starting kernel ...

[    0.000000] Booting Linux on physical CPU 0x0
[    0.000000] Linux version 4.12.29-nokia-r91 (oe-user@oe-host) (gcc version 7.3.0 (GCC) ) #1 SMP PREEMPT Tue Jul 7 10:22:54 UTC 2020
[    0.000000] Boot CPU: AArch64 Processor [410fd034]
[    0.000000] Machine model: SoCFPGA Stratix 10 AEQB
[    0.000000] earlycon: uart0 at MMIO32 0x00000000ffc02000 (options '115200n8')
[    0.000000] bootconsole [uart0] enabled
[    0.000000] efi: Getting EFI parameters from FDT:
[    0.000000] efi: UEFI not found.
[    0.000000] Reserved memory: created DMA memory pool at 0x0000000000000000, size 16 MiB
[    0.000000] OF: reserved mem: initialized node svcbuffer@0, compatible id shared-dma-pool
[    0.000000] cma: Reserved 16 MiB at 0x0000000078800000
[    0.000000] psci: probing for conduit method from DT.
[    0.000000] psci: PSCIv65535.65535 detected in firmware.
[    0.000000] psci: Using standard PSCI v0.2 function IDs
[    0.000000] psci: MIGRATE_INFO_TYPE not supported.
[    0.000000] psci: SMC Calling Convention v1.0
[    0.000000] percpu: Embedded 22 pages/cpu @(____ptrval____) s52888 r8192 d29032 u90112
[    0.000000] Detected VIPT I-cache on CPU0
[    0.000000] CPU features: enabling workaround for ARM erratum 845719
[    0.000000] Built 1 zonelists in Zone order, mobility grouping on.  Total pages: 486612
[    0.000000] Kernel command line: earlyprintk earlycon syscon_enable=1 console=ttyS0,115200n8 rdinit=/sbin/init rw initrd=0x20000000,0x8000000 runningVolName=slot1_sw
[    0.000000] PID hash table entries: 4096 (order: 3, 32768 bytes)
[    0.000000] Dentry cache hash table entries: 262144 (order: 9, 2097152 bytes)
[    0.000000] Inode-cache hash table entries: 131072 (order: 8, 1048576 bytes)
[    0.000000] Memory: 1728016K/1977344K available (9724K kernel code, 1188K rwdata, 2528K rodata, 960K init, 738K bss, 232944K reserved, 16384K cma-reserved)
[    0.000000] Virtual kernel memory layout:
[    0.000000]     modules : 0xffff000000000000 - 0xffff000008000000   (   128 MB)
[    0.000000]     vmalloc : 0xffff000008000000 - 0xffff7dffbfff0000   (129022 GB)
[    0.000000]       .text : 0x(____ptrval____) - 0x(____ptrval____)   (  9728 KB)
[    0.000000]     .rodata : 0x(____ptrval____) - 0x(____ptrval____)   (  2560 KB)
[    0.000000]       .init : 0x(____ptrval____) - 0x(____ptrval____)   (   960 KB)
[    0.000000]       .data : 0x(____ptrval____) - 0x(____ptrval____)   (  1189 KB)
[    0.000000]        .bss : 0x(____ptrval____) - 0x(____ptrval____)   (   739 KB)
[    0.000000]     fixed   : 0xffff7dfffe7fb000 - 0xffff7dfffec00000   (  4116 KB)
[    0.000000]     PCI I/O : 0xffff7dfffee00000 - 0xffff7dffffe00000   (    16 MB)
[    0.000000]     vmemmap : 0xffff7e0000000000 - 0xffff800000000000   (  2048 GB maximum)
[    0.000000]               0xffff7e0000040000 - 0xffff7e0001e6c000   (    30 MB actual)
[    0.000000]     memory  : 0xffff800001000000 - 0xffff800079b00000   (  1931 MB)
[    0.000000] SLUB: HWalign=64, Order=0-3, MinObjects=0, CPUs=4, Nodes=1
[    0.000000] ftrace: allocating 32767 entries in 128 pages
[    0.000000] Preemptible hierarchical RCU implementation.
[    0.000000] NR_IRQS:64 nr_irqs:64 0
[    0.000000] GIC: Using split EOI/Deactivate mode
[    0.000000] arch_timer: cp15 timer(s) running at 400.00MHz (phys).
[    0.000000] clocksource: arch_sys_counter: mask: 0xffffffffffffff max_cycles: 0x5c4093a7d1, max_idle_ns: 440795210635 ns
[    0.000004] sched_clock: 56 bits at 400MHz, resolution 2ns, wraps every 4398046511103ns
[    0.008166] Console: colour dummy device 80x25
[    0.012618] Calibrating delay loop (skipped), value calculated using timer frequency.. 800.00 BogoMIPS (lpj=1600000)
[    0.023101] pid_max: default: 32768 minimum: 301
[    0.027770] Security Framework initialized
[    0.031984] Mount-cache hash table entries: 4096 (order: 3, 32768 bytes)
[    0.038662] Mountpoint-cache hash table entries: 4096 (order: 3, 32768 bytes)
[    0.061846] ASID allocator initialised with 32768 entries
[    0.076764] EFI services will not be available.
[    0.089306] smp: Bringing up secondary CPUs ...
[    0.121955] Detected VIPT I-cache on CPU1
[    0.122014] CPU1: Booted secondary processor [410fd034]
[    0.149987] Detected VIPT I-cache on CPU2
[    0.150008] CPU2: Booted secondary processor [410fd034]
[    0.178052] Detected VIPT I-cache on CPU3
[    0.178073] CPU3: Booted secondary processor [410fd034]
[    0.178126] smp: Brought up 1 node, 4 CPUs
[    0.209781] SMP: Total of 4 processors activated.
[    0.214472] CPU features: detected feature: 32-bit EL0 Support
[    0.220285] CPU features: detected feature: Kernel page table isolation (KPTI)
[    0.229814] CPU: All CPU(s) started at EL2
[    0.233913] alternatives: patching kernel code
[    0.239584] devtmpfs: initialized
[    0.246094] DMI not present or invalid.
[    0.250060] clocksource: jiffies: mask: 0xffffffff max_cycles: 0xffffffff, max_idle_ns: 7645041785100000 ns
[    0.259775] futex hash table entries: 1024 (order: 5, 131072 bytes)
[    0.266933] xor: measuring software checksum speed
[    0.311764]    8regs     :  2292.000 MB/sec
[    0.355985]    8regs_prefetch:  2041.000 MB/sec
[    0.400552]    32regs    :  2811.000 MB/sec
[    0.444772]    32regs_prefetch:  2370.000 MB/sec
[    0.449374] xor: using function: 32regs (2811.000 MB/sec)
[    0.455448] NET: Registered protocol family 16
[    0.460666] cpuidle: using governor ladder
[    0.464770] cpuidle: using governor menu
[    0.468814] vdso: 2 pages (1 code @ (____ptrval____), 1 data @ (____ptrval____))
[    0.476192] hw-breakpoint: found 6 breakpoint and 4 watchpoint registers.
[    0.484055] DMA: preallocated 256 KiB pool for atomic allocations
[    0.490176] dw_wdt: Synopsys DesignWare Watchdog Driver is registered at arch_initcall level
[    0.502453] dw_wdt: +++ skip updating timeout to wdd.
[    0.513810] HugeTLB registered 2 MB page size, pre-allocated 0 pages
[    0.588311] raid6: int64x1  gen()   407 MB/s
[    0.660694] raid6: int64x1  xor()   451 MB/s
[    0.733070] raid6: int64x2  gen()   704 MB/s
[    0.805450] raid6: int64x2  xor()   607 MB/s
[    0.877867] raid6: int64x4  gen()  1065 MB/s
[    0.950263] raid6: int64x4  xor()   747 MB/s
[    1.022330] raid6: int64x8  gen()   989 MB/s
[    1.094404] raid6: int64x8  xor()   750 MB/s
[    1.166567] raid6: neonx1   gen()   737 MB/s
[    1.238600] raid6: neonx1   xor()   766 MB/s
[    1.310699] raid6: neonx2   gen()  1193 MB/s
[    1.382755] raid6: neonx2   xor()  1042 MB/s
[    1.454819] raid6: neonx4   gen()  1552 MB/s
[    1.526927] raid6: neonx4   xor()  1195 MB/s
[    1.599020] raid6: neonx8   gen()  1567 MB/s
[    1.671092] raid6: neonx8   xor()  1205 MB/s
[    1.675348] raid6: using algorithm neonx8 gen() 1567 MB/s
[    1.680727] raid6: .... xor() 1205 MB/s, rmw enabled
[    1.685673] raid6: using intx1 recovery algorithm
[    1.690967] vgaarb: loaded
[    1.694128] Intel Service Layer Driver Initialized
[    1.699204] SCSI subsystem initialized
[    1.703116] usbcore: registered new interface driver usbfs
[    1.708618] usbcore: registered new interface driver hub
[    1.713963] usbcore: registered new device driver usb
[    1.719403] pps_core: LinuxPPS API ver. 1 registered
[    1.724355] pps_core: Software ver. 5.3.6 - Copyright 2005-2007 Rodolfo Giometti <giometti@linux.it>
[    1.733464] PTP clock support registered
[    1.737503] EDAC MC: Ver: 3.0.0
[    1.740853] dmi: Firmware registration failed.
[    1.745358] FPGA manager framework
[    1.748869] fpga-region soc:base_fpga_region: FPGA Region probed
[    1.755973] clocksource: Switched to clocksource arch_sys_counter
[    1.846076] NET: Registered protocol family 2
[    1.851078] TCP established hash table entries: 16384 (order: 5, 131072 bytes)
[    1.858390] TCP bind hash table entries: 16384 (order: 6, 262144 bytes)
[    1.865678] TCP: Hash tables configured (established 16384 bind 16384)
[    1.872329] UDP hash table entries: 1024 (order: 3, 32768 bytes)
[    1.878355] UDP-Lite hash table entries: 1024 (order: 3, 32768 bytes)
[    1.885000] NET: Registered protocol family 1
[    1.889925] RPC: Registered named UNIX socket transport module.
[    1.895833] RPC: Registered udp transport module.
[    1.900523] RPC: Registered tcp transport module.
[    1.905211] RPC: Registered tcp NFSv4.1 backchannel transport module.
[    1.911820] Trying to unpack rootfs image as initramfs...

2020-12-07 03:35:24,777:INFO:
--=---+---=--
       \___         NOKIA RFSW LINUX
 ---=---+-I-=---         TD-CPRI
        |\
  ---=----+----=---
        |
        ^
Wind River Linux LTS 10.17.41.17
TRM60.10.R03 jenkins-PROD_mMIMO_TRM6_release-742 2020-09-24_14-15-04 rev a9b8c29e
stratix10-aeqb login: 
2020-12-07 03:35:55,075:INFO:[   61.218873] fpga_manager fpga0: writing aeqb-td-bitstream.core.rbf to Stratix10 SOC FPGA Manager
[   61.393313] Stratix10 SoC FPGA manager soc:fpga-mgr@0: Requesting full reconfiguration.

2020-12-07 03:35:58,105:INFO:[   62.766939] ccr_driver f9040000.ccr: CCR driver: Device 'ccr0' probed. ret:0!
[   62.781771] altera-i2c f9001800.i2c: Altera SoftIP I2C Probe Complete
[   62.794635] altera-i2c f90018c0.i2c: Altera SoftIP I2C Probe Complete
[   62.813585] Deasserting reset
[   62.814375] cco_driver 80300000.SM0_cpricore001_CPRICORE001: CPRICORE driver: Device 'conn_cgb0' probed and ready!
[   62.827454] socfpga-dwmac ff802000.ethernet: PTP uses main clock
[   62.827770] stmmac - user ID: 0x11, Synopsys ID: 0x37
[   62.827782] socfpga-dwmac ff802000.ethernet: Ring mode enabled
[   62.827790] socfpga-dwmac ff802000.ethernet: DMA HW capability register supported
[   62.827802] socfpga-dwmac ff802000.ethernet: Enhanced/Alternate descriptors
[   62.827808] socfpga-dwmac ff802000.ethernet: Enabled extended descriptors
[   62.827815] socfpga-dwmac ff802000.ethernet: RX Checksum Offload Engine supported
[   62.827820] socfpga-dwmac ff802000.ethernet: COE Type 2
[   62.827825] socfpga-dwmac ff802000.ethernet: TX Checksum insertion supported
[   62.827841] socfpga-dwmac ff802000.ethernet: Enable RX Mitigation via HW Watchdog Timer
[   62.842619] socfpga-dwmac ff804000.ethernet: PTP uses main clock
[   62.842900] stmmac - user ID: 0x11, Synopsys ID: 0x37
[   62.842911] socfpga-dwmac ff804000.ethernet: Ring mode enabled
[   62.842918] socfpga-dwmac ff804000.ethernet: DMA HW capability register supported
[   62.842925] socfpga-dwmac ff804000.ethernet: Enhanced/Alternate descriptors
[   62.842929] socfpga-dwmac ff804000.ethernet: Enabled extended descriptors
[   62.842934] socfpga-dwmac ff804000.ethernet: RX Checksum Offload Engine supported
[   62.842939] socfpga-dwmac ff804000.ethernet: COE Type 2
[   62.842943] socfpga-dwmac ff804000.ethernet: TX Checksum insertion supported
[   62.842954] socfpga-dwmac ff804000.ethernet: Enable RX Mitigation via HW Watchdog Timer
[   62.979100] Deasserting reset
[   62.979719] cco_driver 80310000.SM1_cpricore001_CPRICORE001: CPRICORE driver: Device 'conn_cgb1' probed and ready!
[   62.997147] Deasserting reset
[   62.997962] cco_driver 80320000.RF0_cpricore001_CPRICORE001: CPRICORE driver: Device 'conn_cgb2' probed and ready!
[   63.015367] Deasserting reset
[   63.016240] cco_driver 80330000.RF1_cpricore001_CPRICORE001: CPRICORE driver: Device 'conn_cgb3' probed and ready!
[   63.032096] Deasserting reset
[   63.032834] cco_driver 80340000.RF2_cpricore001_CPRICORE001: CPRICORE driver: Device 'conn_cgb4' probed and ready!
[   63.048803] Deasserting reset
[   63.049308] cco_driver 80350000.RF2B_cpricore001_CPRICORE001: CPRICORE driver: Device 'conn_cgb5' probed and ready!
[   63.065693] Deasserting reset
[   63.066424] cco_driver 80380000.RF3_cpricore001_CPRICORE001: CPRICORE driver: Device 'conn_cgb6' probed and ready!
[   63.083569] Deasserting reset
[   63.084447] cco_driver 80390000.RF3B_cpricore001_CPRICORE001: CPRICORE driver: Device 'conn_cgb7' probed and ready!
[   63.100482] Deasserting reset
[   63.101158] cco_driver 80400000.RF4_cpricore001_CPRICORE001: CPRICORE driver: Device 'conn_cgb8' probed and ready!
[   63.117313] Deasserting reset
[   63.117898] cco_driver 80410000.RF4B_cpricore001_CPRICORE001: CPRICORE driver: Device 'conn_cgb9' probed and ready!
[   63.134037] Deasserting reset
[   63.134667] cco_driver 80420000.RF5_cpricore001_CPRICORE001: CPRICORE driver: Device 'conn_cgb10' probed and ready!
[   63.150590] Deasserting reset
[   63.151214] cco_driver 80430000.RF5B_cpricore001_CPRICORE001: CPRICORE driver: Device 'conn_cgb11' probed and ready!
[   63.167062] Deasserting reset
[   63.167632] cco_driver 80440000.RF6_cpricore001_CPRICORE001: CPRICORE driver: Device 'conn_cgb12' probed and ready!
[   63.183423] Deasserting reset
[   63.184270] cco_driver 80450000.RF6B_cpricore001_CPRICORE001: CPRICORE driver: Device 'conn_cgb13' probed and ready!
[   63.201283] Deasserting reset
[   63.202013] cco_driver 80460000.RF7_cpricore001_CPRICORE001: CPRICORE driver: Device 'conn_cgb14' probed and ready!
[   63.218591] Deasserting reset
[   63.219514] cco_driver 80470000.RF7B_cpricore001_CPRICORE001: CPRICORE driver: Device 'conn_cgb15' probed and ready!
[   63.235255] Deasserting reset
[   63.235753] cco_driver 80480000.RF8_cpricore001_CPRICORE001: CPRICORE driver: Device 'conn_cgb16' probed and ready!
[   63.251297] Deasserting reset
[   63.252206] cco_driver 80490000.RF8B_cpricore001_CPRICORE001: CPRICORE driver: Device 'conn_cgb17' probed and ready!
[   63.333269] Not support switch PN:0xcd32!
[   63.343714] Marvell 88E1510 stmmac-0:01: attached PHY driver [Marvell 88E1510] (mii_bus:phy_addr=stmmac-0:01, irq=-1)
[   63.368814] socfpga-dwmac ff800000.ethernet eth0: IEEE 1588-2008 Advanced Timestamp supported
[   63.379580] socfpga-dwmac ff800000.ethernet eth0: registered PTP clock
[   63.390137] IPv6: ADDRCONF(NETDEV_UP): eth0: link is not ready
[   63.397565] IPv6: ADDRCONF(NETDEV_UP): eth0.257: link is not ready
[   63.405646] IPv6: ADDRCONF(NETDEV_UP): eth0.258: link is not ready
[   63.466224] Generic PHY fixed-0:00: attached PHY driver [Generic PHY] (mii_bus:phy_addr=fixed-0:00, irq=-1)
[   63.480595] socfpga-dwmac ff802000.ethernet eth1: IEEE 1588-2008 Advanced Timestamp supported
[   63.490942] socfpga-dwmac ff802000.ethernet eth1: registered PTP clock
[   63.498592] IPv6: ADDRCONF(NETDEV_UP): eth1: link is not ready
[   63.528279] Generic PHY fixed-0:01: attached PHY driver [Generic PHY] (mii_bus:phy_addr=fixed-0:01, irq=-1)
[   63.542733] socfpga-dwmac ff804000.ethernet eth2: IEEE 1588-2008 Advanced Timestamp supported
[   63.553627] socfpga-dwmac ff804000.ethernet eth2: registered PTP clock
[   63.561074] IPv6: ADDRCONF(NETDEV_UP): eth2: link is not ready
[   63.611456] br0: port 1(eth1) entered blocking state
[   63.616794] br0: port 1(eth1) entered disabled state
[   63.622181] device eth1 entered promiscuous mode
[   63.636708] br0: port 2(eth2) entered blocking state
[   63.641989] br0: port 2(eth2) entered disabled state
[   63.647555] device eth2 entered promiscuous mode
[   63.657098] br0: port 2(eth2) entered blocking state
[   63.662074] br0: port 2(eth2) entered forwarding state
[   63.667319] br0: port 1(eth1) entered blocking state
[   63.672287] br0: port 1(eth1) entered forwarding state
[   64.280071] br0: port 1(eth1) entered disabled state
[   64.285673] br0: port 2(eth2) entered disabled state
[   64.440793] socfpga-dwmac ff800000.ethernet eth0: Link is Up - 1Gbps/Full - flow control off
[   64.449363] IPv6: ADDRCONF(NETDEV_CHANGE): eth0: link becomes ready
[   64.457176] IPv6: ADDRCONF(NETDEV_CHANGE): eth0.257: link becomes ready
[   64.465454] IPv6: ADDRCONF(NETDEV_CHANGE): eth0.258: link becomes ready
[   64.504033] socfpga-dwmac ff802000.ethernet eth1: Link is Up - 1Gbps/Full - flow control off
[   64.514042] IPv6: ADDRCONF(NETDEV_CHANGE): eth1: link becomes ready
[   64.520476] br0: port 1(eth1) entered blocking state
[   64.525443] br0: port 1(eth1) entered forwarding state
[   64.568028] socfpga-dwmac ff804000.ethernet eth2: Link is Up - 1Gbps/Full - flow control off
[   64.576663] IPv6: ADDRCONF(NETDEV_CHANGE): eth2: link becomes ready
[   64.583271] br0: port 2(eth2) entered blocking state
[   64.588235] br0: port 2(eth2) entered forwarding state

2020-12-07 03:36:01,145:INFO:[   66.846126] ttyS1 - failed to request DMA

2020-12-07 03:42:30,947:INFO:
U-Boot SPL 2017.09+gitAUTOINC+c0cfd0b4df-nokia-r153 (Sep 16 2020 - 02:12:22)
MPU         1200000 kHz
L3 main     400000 kHz
Main VCO    1200000 kHz
Per VCO     2000000 kHz
EOSC1       125000 kHz
HPS MMC     100 kHz
UART        100000 kHz

2020-12-07 03:42:34,986:INFO:DDR: emif_clear() failed
DDR: 2048 MiB
QSPI: Reference clock at 400000000 Hz
Stratix10 boot info:
	Last power-on reset triggered by SDM: true
	Last reset type: SDM power-on reset
	Debug reset triggered: false
	CS DAP reset triggered: false
Trying to boot from SPI
RSU current image:  0x03400000
RSU state:          0x00000000
RSU error location: 0x00000000
RSU error details:  0x00000000
RSU SSBL partition SSBL.PROD000001 at address 0x02200000.


U-Boot 2017.09+gitAUTOINC+c0cfd0b4df-nokia-r153 (Sep 16 2020 - 02:12:22 +0000)socfpga_stratix10_aeqb

CPU:   Intel FPGA SoCFPGA Platform
FPGA:  Intel FPGA Stratix 10
Model: Nokia AEQB
       Watchdog enabled
MTest: Memory test flags not setted
DRAM:  2 GiB
De-Assert EMAC0, EMAC1, EMAC2...OK
Stratix10 boot info:
	Last power-on reset triggered by SDM: true
	Last reset type: SDM power-on reset
	Debug reset triggered: false
	CS DAP reset triggered: false
	Clear reset status:0x0
MMC:   
Using default environment

In:    serial
Out:   serial
Err:   serial
Model: Nokia AEQB
Net:   
Warning: ethernet@ff800000 (eth0) using random MAC address - 1a:22:29:79:d7:5c
eth0: ethernet@ff800000
PowerOn or HW or L4WD0 reset, Reset the made
Taking peripheral out of reset ... OK
Configuring Marvell 88E1512 PHY ... OK
Configuring Ethernet Switch ... OK
SF: Detected mt25qu02g with page size 256 Bytes, erase size 64 KiB, total 256 MiB
Slot: selecting slot1
SPTs are GOOD!!!
CPBs are GOOD!!!
Autoboot in 3 seconds

2020-12-07 03:42:38,016:INFO:gpio: pin 0 (gpio 0) value is 1
SF: Detected mt25qu02g with page size 256 Bytes, erase size 64 KiB, total 256 MiB
ubi0: attaching mtd2
ubi0: scanning is finished
ubi0: attached mtd2 (name "mtd=0", size 256 MiB)
ubi0: PEB size: 65536 bytes (64 KiB), LEB size: 65408 bytes
ubi0: min./max. I/O unit sizes: 1/256, sub-page size 1
ubi0: VID header offset: 64 (aligned 64), data offset: 128
ubi0: good PEBs: 4096, bad PEBs: 0, corrupted PEBs: 0
ubi0: user volume: 2, internal volumes: 1, max. volumes count: 128
ubi0: max/mean erase counter: 3/1, WL threshold: 4096, image sequence number: 4194956838
ubi0: available PEBs: 546, total reserved PEBs: 3550, PEBs reserved for bad PEB handling: 0
Read 0 bytes from volume slot1_sw to 30000000
No size specified -> Using max size (66228788)

2020-12-07 03:43:03,264:INFO:## Copying 'fdt' subimage from FIT image at 30000000 ...
crc32+ sha1+    Loading part 253 ... OK
FDT fixup successful
## Loading kernel from FIT Image at 30000000 ...
   Using 'socfpga@0' configuration
   Trying 'kernel@0' kernel subimage
     Description:  Linux kernel
     Type:         Kernel Image
     Compression:  uncompressed
     Data Start:   0x300000e4
     Data Size:    14782976 Bytes = 14.1 MiB
     Architecture: AArch64
     OS:           Linux
     Load Address: 0x01080000
     Entry Point:  0x01080000
     Hash algo:    crc32
     Hash value:   fd5d11b7
     Hash algo:    sha1
     Hash value:   4c363572ec9584596497f151733cd901935d96d7
   Verifying Hash Integrity ... crc32+ sha1+ OK
## Loading ramdisk from FIT Image at 30000000 ...
   Using 'socfpga@0' configuration
   Trying 'rootfs@0' ramdisk subimage
     Description:  Root Filesystem CPIO archive Gzipped
     Type:         RAMDisk Image
     Compression:  uncompressed
     Data Start:   0x30e1daf8
     Data Size:    51425740 Bytes = 49 MiB
     Architecture: AArch64
     OS:           Linux
     Load Address: 0x20000000
     Entry Point:  unavailable
     Hash algo:    crc32
     Hash value:   2a5c7ca4
     Hash algo:    sha1
     Hash value:   1d102a20aaf0a0aa93c42bd48a30fa3789955f59
   Verifying Hash Integrity ... crc32+ sha1+ OK
   Loading ramdisk from 0x30e1daf8 to 0x20000000
## Flattened Device Tree blob at 08000000
   Booting using the fdt blob at 0x8000000
   Loading Kernel Image ... OK
   Loading Ramdisk to 15af4000, end 18bff1cc ... OK
   reserving fdt memory region: addr=8000000 size=9000
   Loading Device Tree to 0000000015ae8000, end 0000000015af3fff ... OK

Starting kernel ...

[    0.000000] Booting Linux on physical CPU 0x0
[    0.000000] Linux version 4.12.29-nokia-r91 (oe-user@oe-host) (gcc version 7.3.0 (GCC) ) #1 SMP PREEMPT Tue Jul 7 10:22:54 UTC 2020
[    0.000000] Boot CPU: AArch64 Processor [410fd034]
[    0.000000] Machine model: SoCFPGA Stratix 10 AEQB
[    0.000000] earlycon: uart0 at MMIO32 0x00000000ffc02000 (options '115200n8')
[    0.000000] bootconsole [uart0] enabled
[    0.000000] efi: Getting EFI parameters from FDT:
[    0.000000] efi: UEFI not found.
[    0.000000] Reserved memory: created DMA memory pool at 0x0000000000000000, size 16 MiB
[    0.000000] OF: reserved mem: initialized node svcbuffer@0, compatible id shared-dma-pool
[    0.000000] cma: Reserved 16 MiB at 0x0000000078800000
[    0.000000] psci: probing for conduit method from DT.
[    0.000000] psci: PSCIv65535.65535 detected in firmware.
[    0.000000] psci: Using standard PSCI v0.2 function IDs
[    0.000000] psci: MIGRATE_INFO_TYPE not supported.
[    0.000000] psci: SMC Calling Convention v1.0
[    0.000000] percpu: Embedded 22 pages/cpu @(____ptrval____) s52888 r8192 d29032 u90112
[    0.000000] Detected VIPT I-cache on CPU0
[    0.000000] CPU features: enabling workaround for ARM erratum 845719
[    0.000000] Built 1 zonelists in Zone order, mobility grouping on.  Total pages: 486612
[    0.000000] Kernel command line: earlyprintk earlycon syscon_enable=1 console=ttyS0,115200n8 rdinit=/sbin/init rw initrd=0x20000000,0x8000000 runningVolName=slot1_sw
[    0.000000] PID hash table entries: 4096 (order: 3, 32768 bytes)
[    0.000000] Dentry cache hash table entries: 262144 (order: 9, 2097152 bytes)
[    0.000000] Inode-cache hash table entries: 131072 (order: 8, 1048576 bytes)
[    0.000000] Memory: 1728016K/1977344K available (9724K kernel code, 1188K rwdata, 2528K rodata, 960K init, 738K bss, 232944K reserved, 16384K cma-reserved)
[    0.000000] Virtual kernel memory layout:
[    0.000000]     modules : 0xffff000000000000 - 0xffff000008000000   (   128 MB)
[    0.000000]     vmalloc : 0xffff000008000000 - 0xffff7dffbfff0000   (129022 GB)
[    0.000000]       .text : 0x(____ptrval____) - 0x(____ptrval____)   (  9728 KB)
[    0.000000]     .rodata : 0x(____ptrval____) - 0x(____ptrval____)   (  2560 KB)
[    0.000000]       .init : 0x(____ptrval____) - 0x(____ptrval____)   (   960 KB)
[    0.000000]       .data : 0x(____ptrval____) - 0x(____ptrval____)   (  1189 KB)
[    0.000000]        .bss : 0x(____ptrval____) - 0x(____ptrval____)   (   739 KB)
[    0.000000]     fixed   : 0xffff7dfffe7fb000 - 0xffff7dfffec00000   (  4116 KB)
[    0.000000]     PCI I/O : 0xffff7dfffee00000 - 0xffff7dffffe00000   (    16 MB)
[    0.000000]     vmemmap : 0xffff7e0000000000 - 0xffff800000000000   (  2048 GB maximum)
[    0.000000]               0xffff7e0000040000 - 0xffff7e0001e6c000   (    30 MB actual)
[    0.000000]     memory  : 0xffff800001000000 - 0xffff800079b00000   (  1931 MB)
[    0.000000] SLUB: HWalign=64, Order=0-3, MinObjects=0, CPUs=4, Nodes=1
[    0.000000] ftrace: allocating 32767 entries in 128 pages
[    0.000000] Preemptible hierarchical RCU implementation.
[    0.000000] NR_IRQS:64 nr_irqs:64 0
[    0.000000] GIC: Using split EOI/Deactivate mode
[    0.000000] arch_timer: cp15 timer(s) running at 400.00MHz (phys).
[    0.000000] clocksource: arch_sys_counter: mask: 0xffffffffffffff max_cycles: 0x5c4093a7d1, max_idle_ns: 440795210635 ns
[    0.000004] sched_clock: 56 bits at 400MHz, resolution 2ns, wraps every 4398046511103ns
[    0.008166] Console: colour dummy device 80x25
[    0.012615] Calibrating delay loop (skipped), value calculated using timer frequency.. 800.00 BogoMIPS (lpj=1600000)
[    0.023097] pid_max: default: 32768 minimum: 301
[    0.027768] Security Framework initialized
[    0.031981] Mount-cache hash table entries: 4096 (order: 3, 32768 bytes)
[    0.038658] Mountpoint-cache hash table entries: 4096 (order: 3, 32768 bytes)
[    0.061841] ASID allocator initialised with 32768 entries
[    0.076780] EFI services will not be available.
[    0.089322] smp: Bringing up secondary CPUs ...
[    0.121971] Detected VIPT I-cache on CPU1
[    0.122030] CPU1: Booted secondary processor [410fd034]
[    0.150002] Detected VIPT I-cache on CPU2
[    0.150024] CPU2: Booted secondary processor [410fd034]
[    0.178067] Detected VIPT I-cache on CPU3
[    0.178088] CPU3: Booted secondary processor [410fd034]
[    0.178140] smp: Brought up 1 node, 4 CPUs
[    0.209794] SMP: Total of 4 processors activated.
[    0.214485] CPU features: detected feature: 32-bit EL0 Support
[    0.220298] CPU features: detected feature: Kernel page table isolation (KPTI)
[    0.229827] CPU: All CPU(s) started at EL2
[    0.233925] alternatives: patching kernel code
[    0.239592] devtmpfs: initialized
[    0.246101] DMI not present or invalid.
[    0.250073] clocksource: jiffies: mask: 0xffffffff max_cycles: 0xffffffff, max_idle_ns: 7645041785100000 ns
[    0.259788] futex hash table entries: 1024 (order: 5, 131072 bytes)
[    0.266954] xor: measuring software checksum speed
[    0.311785]    8regs     :  2292.000 MB/sec
[    0.356006]    8regs_prefetch:  2041.000 MB/sec
[    0.400573]    32regs    :  2811.000 MB/sec
[    0.444792]    32regs_prefetch:  2370.000 MB/sec
[    0.449394] xor: using function: 32regs (2811.000 MB/sec)
[    0.455475] NET: Registered protocol family 16
[    0.460683] cpuidle: using governor ladder
[    0.464787] cpuidle: using governor menu
[    0.468830] vdso: 2 pages (1 code @ (____ptrval____), 1 data @ (____ptrval____))
[    0.476208] hw-breakpoint: found 6 breakpoint and 4 watchpoint registers.
[    0.491485] DMA: preallocated 256 KiB pool for atomic allocations
[    0.497606] dw_wdt: Synopsys DesignWare Watchdog Driver is registered at arch_initcall level
[    0.509895] dw_wdt: +++ skip updating timeout to wdd.
[    0.521193] HugeTLB registered 2 MB page size, pre-allocated 0 pages
[    0.595737] raid6: int64x1  gen()   407 MB/s
[    0.668099] raid6: int64x1  xor()   451 MB/s
[    0.740477] raid6: int64x2  gen()   704 MB/s
[    0.812844] raid6: int64x2  xor()   607 MB/s
[    0.885257] raid6: int64x4  gen()  1065 MB/s
[    0.957678] raid6: int64x4  xor()   747 MB/s
[    1.029713] raid6: int64x8  gen()   989 MB/s
[    1.101807] raid6: int64x8  xor()   750 MB/s
[    1.173876] raid6: neonx1   gen()   736 MB/s
[    1.245984] raid6: neonx1   xor()   765 MB/s
[    1.318064] raid6: neonx2   gen()  1192 MB/s
[    1.390152] raid6: neonx2   xor()  1042 MB/s
[    1.462225] raid6: neonx4   gen()  1552 MB/s
[    1.534304] raid6: neonx4   xor()  1194 MB/s
[    1.606379] raid6: neonx8   gen()  1567 MB/s
[    1.678474] raid6: neonx8   xor()  1205 MB/s
[    1.682730] raid6: using algorithm neonx8 gen() 1567 MB/s
[    1.688108] raid6: .... xor() 1205 MB/s, rmw enabled
[    1.693054] raid6: using intx1 recovery algorithm
[    1.698336] vgaarb: loaded
[    1.701496] Intel Service Layer Driver Initialized
[    1.706578] SCSI subsystem initialized
[    1.710487] usbcore: registered new interface driver usbfs
[    1.715989] usbcore: registered new interface driver hub
[    1.721336] usbcore: registered new device driver usb
[    1.726774] pps_core: LinuxPPS API ver. 1 registered
[    1.731726] pps_core: Software ver. 5.3.6 - Copyright 2005-2007 Rodolfo Giometti <giometti@linux.it>
[    1.740835] PTP clock support registered
[    1.744871] EDAC MC: Ver: 3.0.0
[    1.748221] dmi: Firmware registration failed.
[    1.752728] FPGA manager framework
[    1.756240] fpga-region soc:base_fpga_region: FPGA Region probed
[    1.763351] clocksource: Switched to clocksource arch_sys_counter
[    1.853536] NET: Registered protocol family 2
[    1.858536] TCP established hash table entries: 16384 (order: 5, 131072 bytes)
[    1.865848] TCP bind hash table entries: 16384 (order: 6, 262144 bytes)
[    1.873140] TCP: Hash tables configured (established 16384 bind 16384)
[    1.879791] UDP hash table entries: 1024 (order: 3, 32768 bytes)
[    1.885818] UDP-Lite hash table entries: 1024 (order: 3, 32768 bytes)
[    1.892458] NET: Registered protocol family 1
[    1.897370] RPC: Registered named UNIX socket transport module.
[    1.903280] RPC: Registered udp transport module.
[    1.907995] RPC: Registered tcp transport module.
[    1.912684] RPC: Registered tcp NFSv4.1 backchannel transport module.
[    1.919304] Trying to unpack rootfs image as initramfs...

2020-12-07 03:43:31,562:INFO:
--=---+---=--
       \___         NOKIA RFSW LINUX
 ---=---+-I-=---         TD-CPRI
        |\
  ---=----+----=---
        |
        ^
Wind River Linux LTS 10.17.41.17
TRM60.10.R03 jenkins-PROD_mMIMO_TRM6_release-742 2020-09-24_14-15-04 rev a9b8c29e
stratix10-aeqb login: 
2020-12-07 03:44:12,969:INFO:[   68.484223] fpga_manager fpga0: writing aeqb-td-bitstream.core.rbf to Stratix10 SOC FPGA Manager
[   68.631164] Stratix10 SoC FPGA manager soc:fpga-mgr@0: Requesting full reconfiguration.
[   69.962785] ccr_driver f9040000.ccr: CCR driver: Device 'ccr0' probed. ret:0!
[   69.979496] altera-i2c f9001800.i2c: Altera SoftIP I2C Probe Complete
[   69.991822] altera-i2c f90018c0.i2c: Altera SoftIP I2C Probe Complete
[   70.014710] Deasserting reset
[   70.020982] cco_driver 80300000.SM0_cpricore001_CPRICORE001: CPRICORE driver: Device 'conn_cgb0' probed and ready!
[   70.045436] socfpga-dwmac ff802000.ethernet: PTP uses main clock
[   70.050694] Deasserting reset
[   70.051842] cco_driver 80310000.SM1_cpricore001_CPRICORE001: CPRICORE driver: Device 'conn_cgb1' probed and ready!
[   70.056893] Deasserting reset
[   70.058798] cco_driver 80320000.RF0_cpricore001_CPRICORE001: CPRICORE driver: Device 'conn_cgb2' probed and ready!
[   70.062044] Deasserting reset
[   70.062840] cco_driver 80330000.RF1_cpricore001_CPRICORE001: CPRICORE driver: Device 'conn_cgb3' probed and ready!
[   70.065813] Deasserting reset
[   70.066612] cco_driver 80340000.RF2_cpricore001_CPRICORE001: CPRICORE driver: Device 'conn_cgb4' probed and ready!
[   70.086892] Deasserting reset
