2020-11-30 10:55:30,286:INFO:this is serial logger
2020-11-30 10:57:48,689:INFO:
U-Boot SPL 2017.09+gitAUTOINC+c0cfd0b4df-nokia-r153 (Sep 16 2020 - 02:12:22)
MPU         1200000 kHz
L3 main     400000 kHz
Main VCO    1200000 kHz
Per VCO     2000000 kHz
EOSC1       125000 kHz
HPS MMC     100 kHz
UART        100000 kHz

2020-11-30 10:57:52,720:INFO:DDR: emif_clear() failed
DDR: 2048 MiB
QSPI: Reference clock at 400000000 Hz
Stratix10 boot info:
	Last power-on reset triggered by SDM: true
	Last reset type: SDM power-on reset
	Debug reset triggered: false
	CS DAP reset triggered: false
Trying to boot from SPI
RSU current image:  0x03400000
RSU state:          0x00000000
RSU error location: 0x00000000
RSU error details:  0x00000000
RSU SSBL partition SSBL.PROD000001 at address 0x02200000.


U-Boot 2017.09+gitAUTOINC+c0cfd0b4df-nokia-r153 (Sep 16 2020 - 02:12:22 +0000)socfpga_stratix10_aeqb

CPU:   Intel FPGA SoCFPGA Platform
FPGA:  Intel FPGA Stratix 10
Model: Nokia AEQB
       Watchdog enabled
MTest: Memory test flags not setted
DRAM:  2 GiB
De-Assert EMAC0, EMAC1, EMAC2...OK
Stratix10 boot info:
	Last power-on reset triggered by SDM: true
	Last reset type: SDM power-on reset
	Debug reset triggered: false
	CS DAP reset triggered: false
	Clear reset status:0x0
MMC:   
Using default environment

In:    serial
Out:   serial
Err:   serial
Model: Nokia AEQB
Net:   
Warning: ethernet@ff800000 (eth0) using random MAC address - 1a:22:29:79:d7:5c
eth0: ethernet@ff800000
PowerOn or HW or L4WD0 reset, Reset the made
Taking peripheral out of reset ... OK
Configuring Marvell 88E1512 PHY ... OK
Configuring Ethernet Switch ... OK
SF: Detected mt25qu02g with page size 256 Bytes, erase size 64 KiB, total 256 MiB
Slot: selecting slot1
SPTs are GOOD!!!
CPBs are GOOD!!!
Autoboot in 3 seconds

2020-11-30 10:57:55,743:INFO:gpio: pin 0 (gpio 0) value is 1
SF: Detected mt25qu02g with page size 256 Bytes, erase size 64 KiB, total 256 MiB
ubi0: attaching mtd2
ubi0: scanning is finished
ubi0: attached mtd2 (name "mtd=0", size 256 MiB)
ubi0: PEB size: 65536 bytes (64 KiB), LEB size: 65408 bytes
ubi0: min./max. I/O unit sizes: 1/256, sub-page size 1
ubi0: VID header offset: 64 (aligned 64), data offset: 128
ubi0: good PEBs: 4096, bad PEBs: 0, corrupted PEBs: 0
ubi0: user volume: 2, internal volumes: 1, max. volumes count: 128
ubi0: max/mean erase counter: 3/1, WL threshold: 4096, image sequence number: 4194956838
ubi0: available PEBs: 546, total reserved PEBs: 3550, PEBs reserved for bad PEB handling: 0
Read 0 bytes from volume slot1_sw to 30000000
No size specified -> Using max size (66228788)

2020-11-30 10:58:20,937:INFO:## Copying 'fdt' subimage from FIT image at 30000000 ...
crc32+ sha1+    Loading part 253 ... OK
FDT fixup successful
## Loading kernel from FIT Image at 30000000 ...
   Using 'socfpga@0' configuration
   Trying 'kernel@0' kernel subimage
     Description:  Linux kernel
     Type:         Kernel Image
     Compression:  uncompressed
     Data Start:   0x300000e4
     Data Size:    14782976 Bytes = 14.1 MiB
     Architecture: AArch64
     OS:           Linux
     Load Address: 0x01080000
     Entry Point:  0x01080000
     Hash algo:    crc32
     Hash value:   fd5d11b7
     Hash algo:    sha1
     Hash value:   4c363572ec9584596497f151733cd901935d96d7
   Verifying Hash Integrity ... crc32+ sha1+ OK
## Loading ramdisk from FIT Image at 30000000 ...
   Using 'socfpga@0' configuration
   Trying 'rootfs@0' ramdisk subimage
     Description:  Root Filesystem CPIO archive Gzipped
     Type:         RAMDisk Image
     Compression:  uncompressed
     Data Start:   0x30e1daf8
     Data Size:    51425740 Bytes = 49 MiB
     Architecture: AArch64
     OS:           Linux
     Load Address: 0x20000000
     Entry Point:  unavailable
     Hash algo:    crc32
     Hash value:   2a5c7ca4
     Hash algo:    sha1
     Hash value:   1d102a20aaf0a0aa93c42bd48a30fa3789955f59
   Verifying Hash Integrity ... crc32+ sha1+ OK
   Loading ramdisk from 0x30e1daf8 to 0x20000000
## Flattened Device Tree blob at 08000000
   Booting using the fdt blob at 0x8000000
   Loading Kernel Image ... OK
   Loading Ramdisk to 15af4000, end 18bff1cc ... OK
   reserving fdt memory region: addr=8000000 size=9000
   Loading Device Tree to 0000000015ae8000, end 0000000015af3fff ... OK

Starting kernel ...

[    0.000000] Booting Linux on physical CPU 0x0
[    0.000000] Linux version 4.12.29-nokia-r91 (oe-user@oe-host) (gcc version 7.3.0 (GCC) ) #1 SMP PREEMPT Tue Jul 7 10:22:54 UTC 2020
[    0.000000] Boot CPU: AArch64 Processor [410fd034]
[    0.000000] Machine model: SoCFPGA Stratix 10 AEQB
[    0.000000] earlycon: uart0 at MMIO32 0x00000000ffc02000 (options '115200n8')
[    0.000000] bootconsole [uart0] enabled
[    0.000000] efi: Getting EFI parameters from FDT:
[    0.000000] efi: UEFI not found.
[    0.000000] Reserved memory: created DMA memory pool at 0x0000000000000000, size 16 MiB
[    0.000000] OF: reserved mem: initialized node svcbuffer@0, compatible id shared-dma-pool
[    0.000000] cma: Reserved 16 MiB at 0x0000000078800000
[    0.000000] psci: probing for conduit method from DT.
[    0.000000] psci: PSCIv65535.65535 detected in firmware.
[    0.000000] psci: Using standard PSCI v0.2 function IDs
[    0.000000] psci: MIGRATE_INFO_TYPE not supported.
[    0.000000] psci: SMC Calling Convention v1.0
[    0.000000] percpu: Embedded 22 pages/cpu @(____ptrval____) s52888 r8192 d29032 u90112
[    0.000000] Detected VIPT I-cache on CPU0
[    0.000000] CPU features: enabling workaround for ARM erratum 845719
[    0.000000] Built 1 zonelists in Zone order, mobility grouping on.  Total pages: 486612
[    0.000000] Kernel command line: earlyprintk earlycon syscon_enable=1 console=ttyS0,115200n8 rdinit=/sbin/init rw initrd=0x20000000,0x8000000 runningVolName=slot1_sw
[    0.000000] PID hash table entries: 4096 (order: 3, 32768 bytes)
[    0.000000] Dentry cache hash table entries: 262144 (order: 9, 2097152 bytes)
[    0.000000] Inode-cache hash table entries: 131072 (order: 8, 1048576 bytes)
[    0.000000] Memory: 1728016K/1977344K available (9724K kernel code, 1188K rwdata, 2528K rodata, 960K init, 738K bss, 232944K reserved, 16384K cma-reserved)
[    0.000000] Virtual kernel memory layout:
[    0.000000]     modules : 0xffff000000000000 - 0xffff000008000000   (   128 MB)
[    0.000000]     vmalloc : 0xffff000008000000 - 0xffff7dffbfff0000   (129022 GB)
[    0.000000]       .text : 0x(____ptrval____) - 0x(____ptrval____)   (  9728 KB)
[    0.000000]     .rodata : 0x(____ptrval____) - 0x(____ptrval____)   (  2560 KB)
[    0.000000]       .init : 0x(____ptrval____) - 0x(____ptrval____)   (   960 KB)
[    0.000000]       .data : 0x(____ptrval____) - 0x(____ptrval____)   (  1189 KB)
[    0.000000]        .bss : 0x(____ptrval____) - 0x(____ptrval____)   (   739 KB)
[    0.000000]     fixed   : 0xffff7dfffe7fb000 - 0xffff7dfffec00000   (  4116 KB)
[    0.000000]     PCI I/O : 0xffff7dfffee00000 - 0xffff7dffffe00000   (    16 MB)
[    0.000000]     vmemmap : 0xffff7e0000000000 - 0xffff800000000000   (  2048 GB maximum)
[    0.000000]               0xffff7e0000040000 - 0xffff7e0001e6c000   (    30 MB actual)
[    0.000000]     memory  : 0xffff800001000000 - 0xffff800079b00000   (  1931 MB)
[    0.000000] SLUB: HWalign=64, Order=0-3, MinObjects=0, CPUs=4, Nodes=1
[    0.000000] ftrace: allocating 32767 entries in 128 pages
[    0.000000] Preemptible hierarchical RCU implementation.
[    0.000000] NR_IRQS:64 nr_irqs:64 0
[    0.000000] GIC: Using split EOI/Deactivate mode
[    0.000000] arch_timer: cp15 timer(s) running at 400.00MHz (phys).
[    0.000000] clocksource: arch_sys_counter: mask: 0xffffffffffffff max_cycles: 0x5c4093a7d1, max_idle_ns: 440795210635 ns
[    0.000004] sched_clock: 56 bits at 400MHz, resolution 2ns, wraps every 4398046511103ns
[    0.008166] Console: colour dummy device 80x25
[    0.012616] Calibrating delay loop (skipped), value calculated using timer frequency.. 800.00 BogoMIPS (lpj=1600000)
[    0.023098] pid_max: default: 32768 minimum: 301
[    0.027769] Security Framework initialized
[    0.031984] Mount-cache hash table entries: 4096 (order: 3, 32768 bytes)
[    0.038661] Mountpoint-cache hash table entries: 4096 (order: 3, 32768 bytes)
[    0.061844] ASID allocator initialised with 32768 entries
[    0.076771] EFI services will not be available.
[    0.089312] smp: Bringing up secondary CPUs ...
[    0.121961] Detected VIPT I-cache on CPU1
[    0.122020] CPU1: Booted secondary processor [410fd034]
[    0.149993] Detected VIPT I-cache on CPU2
[    0.150016] CPU2: Booted secondary processor [410fd034]
[    0.178058] Detected VIPT I-cache on CPU3
[    0.178079] CPU3: Booted secondary processor [410fd034]
[    0.178131] smp: Brought up 1 node, 4 CPUs
[    0.209785] SMP: Total of 4 processors activated.
[    0.214476] CPU features: detected feature: 32-bit EL0 Support
[    0.220289] CPU features: detected feature: Kernel page table isolation (KPTI)
[    0.229816] CPU: All CPU(s) started at EL2
[    0.233916] alternatives: patching kernel code
[    0.239577] devtmpfs: initialized
[    0.246091] DMI not present or invalid.
[    0.250057] clocksource: jiffies: mask: 0xffffffff max_cycles: 0xffffffff, max_idle_ns: 7645041785100000 ns
[    0.259772] futex hash table entries: 1024 (order: 5, 131072 bytes)
[    0.266939] xor: measuring software checksum speed
[    0.311771]    8regs     :  2292.000 MB/sec
[    0.355993]    8regs_prefetch:  2041.000 MB/sec
[    0.400559]    32regs    :  2811.000 MB/sec
[    0.444779]    32regs_prefetch:  2370.000 MB/sec
[    0.449381] xor: using function: 32regs (2811.000 MB/sec)
[    0.455454] NET: Registered protocol family 16
[    0.460663] cpuidle: using governor ladder
[    0.464768] cpuidle: using governor menu
[    0.468811] vdso: 2 pages (1 code @ (____ptrval____), 1 data @ (____ptrval____))
[    0.476188] hw-breakpoint: found 6 breakpoint and 4 watchpoint registers.
[    0.491481] DMA: preallocated 256 KiB pool for atomic allocations
[    0.497602] dw_wdt: Synopsys DesignWare Watchdog Driver is registered at arch_initcall level
[    0.509890] dw_wdt: +++ skip updating timeout to wdd.
[    0.521261] HugeTLB registered 2 MB page size, pre-allocated 0 pages
[    0.595736] raid6: int64x1  gen()   407 MB/s
[    0.668126] raid6: int64x1  xor()   450 MB/s
[    0.740573] raid6: int64x2  gen()   705 MB/s
[    0.812956] raid6: int64x2  xor()   606 MB/s
[    0.885351] raid6: int64x4  gen()  1065 MB/s
[    0.957748] raid6: int64x4  xor()   747 MB/s
[    1.029809] raid6: int64x8  gen()   989 MB/s
[    1.101897] raid6: int64x8  xor()   750 MB/s
[    1.173994] raid6: neonx1   gen()   736 MB/s
[    1.246060] raid6: neonx1   xor()   751 MB/s
[    1.318154] raid6: neonx2   gen()  1192 MB/s
[    1.390242] raid6: neonx2   xor()  1042 MB/s
[    1.462317] raid6: neonx4   gen()  1552 MB/s
[    1.534408] raid6: neonx4   xor()  1195 MB/s
[    1.606488] raid6: neonx8   gen()  1567 MB/s
[    1.678566] raid6: neonx8   xor()  1205 MB/s
[    1.682822] raid6: using algorithm neonx8 gen() 1567 MB/s
[    1.688200] raid6: .... xor() 1205 MB/s, rmw enabled
[    1.693146] raid6: using intx1 recovery algorithm
[    1.698435] vgaarb: loaded
[    1.701590] Intel Service Layer Driver Initialized
[    1.706664] SCSI subsystem initialized
[    1.710577] usbcore: registered new interface driver usbfs
[    1.716078] usbcore: registered new interface driver hub
[    1.721424] usbcore: registered new device driver usb
[    1.726863] pps_core: LinuxPPS API ver. 1 registered
[    1.731815] pps_core: Software ver. 5.3.6 - Copyright 2005-2007 Rodolfo Giometti <giometti@linux.it>
[    1.740925] PTP clock support registered
[    1.744960] EDAC MC: Ver: 3.0.0
[    1.748309] dmi: Firmware registration failed.
[    1.752816] FPGA manager framework
[    1.756326] fpga-region soc:base_fpga_region: FPGA Region probed
[    1.763429] clocksource: Switched to clocksource arch_sys_counter
[    1.853684] NET: Registered protocol family 2
[    1.858684] TCP established hash table entries: 16384 (order: 5, 131072 bytes)
[    1.865998] TCP bind hash table entries: 16384 (order: 6, 262144 bytes)
[    1.873295] TCP: Hash tables configured (established 16384 bind 16384)
[    1.879950] UDP hash table entries: 1024 (order: 3, 32768 bytes)
[    1.885978] UDP-Lite hash table entries: 1024 (order: 3, 32768 bytes)
[    1.892621] NET: Registered protocol family 1
[    1.897572] RPC: Registered named UNIX socket transport module.
[    1.903482] RPC: Registered udp transport module.
[    1.908199] RPC: Registered tcp transport module.
[    1.912888] RPC: Registered tcp NFSv4.1 backchannel transport module.
[    1.919544] Trying to unpack rootfs image as initramfs...

2020-11-30 10:58:49,224:INFO:
--=---+---=--
       \___         NOKIA RFSW LINUX
 ---=---+-I-=---         TD-CPRI
        |\
  ---=----+----=---
        |
        ^
Wind River Linux LTS 10.17.41.17
TRM60.10.R03 jenkins-PROD_mMIMO_TRM6_release-742 2020-09-24_14-15-04 rev a9b8c29e
stratix10-aeqb login: 
2020-11-30 10:59:27,518:INFO:[   68.968723] fpga_manager fpga0: writing aeqb-td-bitstream.core.rbf to Stratix10 SOC FPGA Manager
[   69.112130] Stratix10 SoC FPGA manager soc:fpga-mgr@0: Requesting full reconfiguration.

2020-11-30 10:59:31,549:INFO:[   70.440020] ccr_driver f9040000.ccr: CCR driver: Device 'ccr0' probed. ret:0!
[   70.457997] altera-i2c f9001800.i2c: Altera SoftIP I2C Probe Complete
[   70.469895] altera-i2c f90018c0.i2c: Altera SoftIP I2C Probe Complete
[   70.507059] socfpga-dwmac ff802000.ethernet: PTP uses main clock
[   70.513951] stmmac - user ID: 0x11, Synopsys ID: 0x37
[   70.518925] Deasserting reset
[   70.519649] socfpga-dwmac ff802000.ethernet: Ring mode enabled
[   70.539300] socfpga-dwmac ff802000.ethernet: DMA HW capability register supported
[   70.547133] socfpga-dwmac ff802000.ethernet: Enhanced/Alternate descriptors
[   70.547372] cco_driver 80300000.SM0_cpricore001_CPRICORE001: CPRICORE driver: Device 'conn_cgb0' probed and ready!
[   70.564638] socfpga-dwmac ff802000.ethernet: Enabled extended descriptors
[   70.571500] socfpga-dwmac ff802000.ethernet: RX Checksum Offload Engine supported
[   70.572582] Deasserting reset
[   70.572941] cco_driver 80310000.SM1_cpricore001_CPRICORE001: CPRICORE driver: Device 'conn_cgb1' probed and ready!
[   70.575213] Deasserting reset
[   70.575668] cco_driver 80320000.RF0_cpricore001_CPRICORE001: CPRICORE driver: Device 'conn_cgb2' probed and ready!
[   70.577191] Deasserting reset
[   70.577496] cco_driver 80330000.RF1_cpricore001_CPRICORE001: CPRICORE driver: Device 'conn_cgb3' probed and ready!
[   70.579689] Deasserting reset
[   70.580109] cco_driver 80340000.RF2_cpricore001_CPRICORE001: CPRICORE driver: Device 'conn_cgb4' probed and ready!
[   70.581657] Deasserting reset
[   70.581966] cco_driver 80350000.RF2B_cpricore001_CPRICORE001: CPRICORE driver: Device 'conn_cgb5' probed and ready!
[   70.584775] Deasserting reset
[   70.585559] cco_driver 80380000.RF3_cpricore001_CPRICORE001: CPRICORE driver: Device 'conn_cgb6' probed and ready!
[   70.588542] Deasserting reset
[   70.588899] cco_driver 80390000.RF3B_cpricore001_CPRICORE001: CPRICORE driver: Device 'conn_cgb7' probed and ready!
[   70.590387] Deasserting reset
[   70.590699] cco_driver 80400000.RF4_cpricore001_CPRICORE001: CPRICORE driver: Device 'conn_cgb8' probed and ready!
[   70.592216] Deasserting reset
[   70.592509] cco_driver 80410000.RF4B_cpricore001_CPRICORE001: CPRICORE driver: Device 'conn_cgb9' probed and ready!
[   70.593818] Deasserting reset
[   70.594110] cco_driver 80420000.RF5_cpricore001_CPRICORE001: CPRICORE driver: Device 'conn_cgb10' probed and ready!
[   70.595542] Deasserting reset
[   70.595855] cco_driver 80430000.RF5B_cpricore001_CPRICORE001: CPRICORE driver: Device 'conn_cgb11' probed and ready!
[   70.597288] Deasserting reset
[   70.597573] cco_driver 80440000.RF6_cpricore001_CPRICORE001: CPRICORE driver: Device 'conn_cgb12' probed and ready!
[   70.598888] Deasserting reset
[   70.599187] cco_driver 80450000.RF6B_cpricore001_CPRICORE001: CPRICORE driver: Device 'conn_cgb13' probed and ready!
[   70.600674] Deasserting reset
[   70.600983] cco_driver 80460000.RF7_cpricore001_CPRICORE001: CPRICORE driver: Device 'conn_cgb14' probed and ready!
[   70.602285] Deasserting reset
[   70.602587] cco_driver 80470000.RF7B_cpricore001_CPRICORE001: CPRICORE driver: Device 'conn_cgb15' probed and ready!
[   70.603928] Deasserting reset
[   70.604238] cco_driver 80480000.RF8_cpricore001_CPRICORE001: CPRICORE driver: Device 'conn_cgb16' probed and ready!
[   70.605629] Deasserting reset
[   70.606004] cco_driver 80490000.RF8B_cpricore001_CPRICORE001: CPRICORE driver: Device 'conn_cgb17' probed and ready!
[   70.806602] socfpga-dwmac ff802000.ethernet: COE Type 2
[   70.811833] socfpga-dwmac ff802000.ethernet: TX Checksum insertion supported
[   70.818870] socfpga-dwmac ff802000.ethernet: Enable RX Mitigation via HW Watchdog Timer
[   70.838328] socfpga-dwmac ff804000.ethernet: PTP uses main clock
[   70.845238] stmmac - user ID: 0x11, Synopsys ID: 0x37
[   70.850438] socfpga-dwmac ff804000.ethernet: Ring mode enabled
[   70.857607] socfpga-dwmac ff804000.ethernet: DMA HW capability register supported
[   70.866163] socfpga-dwmac ff804000.ethernet: Enhanced/Alternate descriptors
[   70.873616] socfpga-dwmac ff804000.ethernet: Enabled extended descriptors
[   70.880792] socfpga-dwmac ff804000.ethernet: RX Checksum Offload Engine supported
[   70.888302] socfpga-dwmac ff804000.ethernet: COE Type 2
[   70.893782] socfpga-dwmac ff804000.ethernet: TX Checksum insertion supported
[   70.900845] socfpga-dwmac ff804000.ethernet: Enable RX Mitigation via HW Watchdog Timer
[   71.308100] Not support switch PN:0xcd32!
[   71.312359] Marvell 88E1510 stmmac-0:01: attached PHY driver [Marvell 88E1510] (mii_bus:phy_addr=stmmac-0:01, irq=-1)
[   71.326957] socfpga-dwmac ff800000.ethernet eth0: IEEE 1588-2008 Advanced Timestamp supported
[   71.335821] socfpga-dwmac ff800000.ethernet eth0: registered PTP clock
[   71.343268] IPv6: ADDRCONF(NETDEV_UP): eth0: link is not ready
[   71.349589] IPv6: ADDRCONF(NETDEV_UP): eth0.257: link is not ready
[   71.355952] IPv6: ADDRCONF(NETDEV_UP): eth0.258: link is not ready
[   71.418865] Generic PHY fixed-0:00: attached PHY driver [Generic PHY] (mii_bus:phy_addr=fixed-0:00, irq=-1)
[   71.431190] socfpga-dwmac ff802000.ethernet eth1: IEEE 1588-2008 Advanced Timestamp supported
[   71.441343] socfpga-dwmac ff802000.ethernet eth1: registered PTP clock
[   71.448889] IPv6: ADDRCONF(NETDEV_UP): eth1: link is not ready
[   71.477689] Generic PHY fixed-0:01: attached PHY driver [Generic PHY] (mii_bus:phy_addr=fixed-0:01, irq=-1)
[   71.492576] socfpga-dwmac ff804000.ethernet eth2: IEEE 1588-2008 Advanced Timestamp supported
[   71.501477] socfpga-dwmac ff804000.ethernet eth2: registered PTP clock
[   71.508647] IPv6: ADDRCONF(NETDEV_UP): eth2: link is not ready
[   71.550350] br0: port 1(eth1) entered blocking state
[   71.558172] br0: port 1(eth1) entered disabled state
[   71.564315] device eth1 entered promiscuous mode
[   71.579022] br0: port 2(eth2) entered blocking state
[   71.584029] br0: port 2(eth2) entered disabled state
[   71.589310] device eth2 entered promiscuous mode
[   71.598963] br0: port 2(eth2) entered blocking state
[   71.603935] br0: port 2(eth2) entered forwarding state
[   71.609188] br0: port 1(eth1) entered blocking state
[   71.614151] br0: port 1(eth1) entered forwarding state
[   72.243528] br0: port 1(eth1) entered disabled state
[   72.249607] br0: port 2(eth2) entered disabled state
[   72.372241] socfpga-dwmac ff800000.ethernet eth0: Link is Up - 1Gbps/Full - flow control off
[   72.380809] IPv6: ADDRCONF(NETDEV_CHANGE): eth0: link becomes ready
[   72.387497] IPv6: ADDRCONF(NETDEV_CHANGE): eth0.257: link becomes ready
[   72.394633] IPv6: ADDRCONF(NETDEV_CHANGE): eth0.258: link becomes ready
[   72.467471] socfpga-dwmac ff802000.ethernet eth1: Link is Up - 1Gbps/Full - flow control off
[   72.476102] IPv6: ADDRCONF(NETDEV_CHANGE): eth1: link becomes ready
[   72.482706] br0: port 1(eth1) entered blocking state
[   72.487676] br0: port 1(eth1) entered forwarding state
[   72.531470] socfpga-dwmac ff804000.ethernet eth2: Link is Up - 1Gbps/Full - flow control off
[   72.540885] IPv6: ADDRCONF(NETDEV_CHANGE): eth2: link becomes ready
[   72.547303] br0: port 2(eth2) entered blocking state
[   72.552265] br0: port 2(eth2) entered forwarding state

2020-11-30 10:59:34,583:INFO:[   76.016571] ttyS1 - failed to request DMA

