2020-12-01 17:05:50,704:INFO:this is serial logger
2020-12-01 17:08:22,543:INFO:
U-Boot SPL 2017.09+gitAUTOINC+c0cfd0b4df-nokia-r153 (Sep 16 2020 - 02:12:22)
MPU         1200000 kHz
L3 main     400000 kHz
Main VCO    1200000 kHz
Per VCO     2000000 kHz
EOSC1       125000 kHz
HPS MMC     100 kHz
UART        100000 kHz

2020-12-01 17:08:26,583:INFO:DDR: emif_clear() failed
DDR: 2048 MiB
QSPI: Reference clock at 400000000 Hz
Stratix10 boot info:
	Last power-on reset triggered by SDM: true
	Last reset type: SDM power-on reset
	Debug reset triggered: false
	CS DAP reset triggered: false
Trying to boot from SPI
RSU current image:  0x03400000
RSU state:          0x00000000
RSU error location: 0x00000000
RSU error details:  0x00000000
RSU SSBL partition SSBL.PROD000001 at address 0x02200000.


U-Boot 2017.09+gitAUTOINC+c0cfd0b4df-nokia-r153 (Sep 16 2020 - 02:12:22 +0000)socfpga_stratix10_aeqb

CPU:   Intel FPGA SoCFPGA Platform
FPGA:  Intel FPGA Stratix 10
Model: Nokia AEQB
       Watchdog enabled
MTest: Memory test flags not setted
DRAM:  2 GiB
De-Assert EMAC0, EMAC1, EMAC2...OK
Stratix10 boot info:
	Last power-on reset triggered by SDM: true
	Last reset type: SDM power-on reset
	Debug reset triggered: false
	CS DAP reset triggered: false
	Clear reset status:0x0
MMC:   
Using default environment

In:    serial
Out:   serial
Err:   serial
Model: Nokia AEQB
Net:   
Warning: ethernet@ff800000 (eth0) using random MAC address - 1a:22:29:79:d7:5c
eth0: ethernet@ff800000
PowerOn or HW or L4WD0 reset, Reset the made
Taking peripheral out of reset ... OK
Configuring Marvell 88E1512 PHY ... OK
Configuring Ethernet Switch ... OK
SF: Detected mt25qu02g with page size 256 Bytes, erase size 64 KiB, total 256 MiB
Slot: selecting slot1
SPTs are GOOD!!!
CPBs are GOOD!!!
Autoboot in 3 seconds

2020-12-01 17:08:29,612:INFO:gpio: pin 0 (gpio 0) value is 1
SF: Detected mt25qu02g with page size 256 Bytes, erase size 64 KiB, total 256 MiB
ubi0: attaching mtd2
ubi0: scanning is finished
ubi0: attached mtd2 (name "mtd=0", size 256 MiB)
ubi0: PEB size: 65536 bytes (64 KiB), LEB size: 65408 bytes
ubi0: min./max. I/O unit sizes: 1/256, sub-page size 1
ubi0: VID header offset: 64 (aligned 64), data offset: 128
ubi0: good PEBs: 4096, bad PEBs: 0, corrupted PEBs: 0
ubi0: user volume: 2, internal volumes: 1, max. volumes count: 128
ubi0: max/mean erase counter: 3/1, WL threshold: 4096, image sequence number: 4194956838
ubi0: available PEBs: 546, total reserved PEBs: 3550, PEBs reserved for bad PEB handling: 0
Read 0 bytes from volume slot1_sw to 30000000
No size specified -> Using max size (66228788)

2020-12-01 17:08:54,851:INFO:## Copying 'fdt' subimage from FIT image at 30000000 ...
crc32+ sha1+    Loading part 253 ... OK
FDT fixup successful
## Loading kernel from FIT Image at 30000000 ...
   Using 'socfpga@0' configuration
   Trying 'kernel@0' kernel subimage
     Description:  Linux kernel
     Type:         Kernel Image
     Compression:  uncompressed
     Data Start:   0x300000e4
     Data Size:    14782976 Bytes = 14.1 MiB
     Architecture: AArch64
     OS:           Linux
     Load Address: 0x01080000
     Entry Point:  0x01080000
     Hash algo:    crc32
     Hash value:   fd5d11b7
     Hash algo:    sha1
     Hash value:   4c363572ec9584596497f151733cd901935d96d7
   Verifying Hash Integrity ... crc32+ sha1+ OK
## Loading ramdisk from FIT Image at 30000000 ...
   Using 'socfpga@0' configuration
   Trying 'rootfs@0' ramdisk subimage
     Description:  Root Filesystem CPIO archive Gzipped
     Type:         RAMDisk Image
     Compression:  uncompressed
     Data Start:   0x30e1daf8
     Data Size:    51425740 Bytes = 49 MiB
     Architecture: AArch64
     OS:           Linux
     Load Address: 0x20000000
     Entry Point:  unavailable
     Hash algo:    crc32
     Hash value:   2a5c7ca4
     Hash algo:    sha1
     Hash value:   1d102a20aaf0a0aa93c42bd48a30fa3789955f59
   Verifying Hash Integrity ... crc32+ sha1+ OK
   Loading ramdisk from 0x30e1daf8 to 0x20000000
## Flattened Device Tree blob at 08000000
   Booting using the fdt blob at 0x8000000
   Loading Kernel Image ... OK
   Loading Ramdisk to 15af4000, end 18bff1cc ... OK
   reserving fdt memory region: addr=8000000 size=9000
   Loading Device Tree to 0000000015ae8000, end 0000000015af3fff ... OK

Starting kernel ...

[    0.000000] Booting Linux on physical CPU 0x0
[    0.000000] Linux version 4.12.29-nokia-r91 (oe-user@oe-host) (gcc version 7.3.0 (GCC) ) #1 SMP PREEMPT Tue Jul 7 10:22:54 UTC 2020
[    0.000000] Boot CPU: AArch64 Processor [410fd034]
[    0.000000] Machine model: SoCFPGA Stratix 10 AEQB
[    0.000000] earlycon: uart0 at MMIO32 0x00000000ffc02000 (options '115200n8')
[    0.000000] bootconsole [uart0] enabled
[    0.000000] efi: Getting EFI parameters from FDT:
[    0.000000] efi: UEFI not found.
[    0.000000] Reserved memory: created DMA memory pool at 0x0000000000000000, size 16 MiB
[    0.000000] OF: reserved mem: initialized node svcbuffer@0, compatible id shared-dma-pool
[    0.000000] cma: Reserved 16 MiB at 0x0000000078800000
[    0.000000] psci: probing for conduit method from DT.
[    0.000000] psci: PSCIv65535.65535 detected in firmware.
[    0.000000] psci: Using standard PSCI v0.2 function IDs
[    0.000000] psci: MIGRATE_INFO_TYPE not supported.
[    0.000000] psci: SMC Calling Convention v1.0
[    0.000000] percpu: Embedded 22 pages/cpu @(____ptrval____) s52888 r8192 d29032 u90112
[    0.000000] Detected VIPT I-cache on CPU0
[    0.000000] CPU features: enabling workaround for ARM erratum 845719
[    0.000000] Built 1 zonelists in Zone order, mobility grouping on.  Total pages: 486612
[    0.000000] Kernel command line: earlyprintk earlycon syscon_enable=1 console=ttyS0,115200n8 rdinit=/sbin/init rw initrd=0x20000000,0x8000000 runningVolName=slot1_sw
[    0.000000] PID hash table entries: 4096 (order: 3, 32768 bytes)
[    0.000000] Dentry cache hash table entries: 262144 (order: 9, 2097152 bytes)
[    0.000000] Inode-cache hash table entries: 131072 (order: 8, 1048576 bytes)
[    0.000000] Memory: 1728016K/1977344K available (9724K kernel code, 1188K rwdata, 2528K rodata, 960K init, 738K bss, 232944K reserved, 16384K cma-reserved)
[    0.000000] Virtual kernel memory layout:
[    0.000000]     modules : 0xffff000000000000 - 0xffff000008000000   (   128 MB)
[    0.000000]     vmalloc : 0xffff000008000000 - 0xffff7dffbfff0000   (129022 GB)
[    0.000000]       .text : 0x(____ptrval____) - 0x(____ptrval____)   (  9728 KB)
[    0.000000]     .rodata : 0x(____ptrval____) - 0x(____ptrval____)   (  2560 KB)
[    0.000000]       .init : 0x(____ptrval____) - 0x(____ptrval____)   (   960 KB)
[    0.000000]       .data : 0x(____ptrval____) - 0x(____ptrval____)   (  1189 KB)
[    0.000000]        .bss : 0x(____ptrval____) - 0x(____ptrval____)   (   739 KB)
[    0.000000]     fixed   : 0xffff7dfffe7fb000 - 0xffff7dfffec00000   (  4116 KB)
[    0.000000]     PCI I/O : 0xffff7dfffee00000 - 0xffff7dffffe00000   (    16 MB)
[    0.000000]     vmemmap : 0xffff7e0000000000 - 0xffff800000000000   (  2048 GB maximum)
[    0.000000]               0xffff7e0000040000 - 0xffff7e0001e6c000   (    30 MB actual)
[    0.000000]     memory  : 0xffff800001000000 - 0xffff800079b00000   (  1931 MB)
[    0.000000] SLUB: HWalign=64, Order=0-3, MinObjects=0, CPUs=4, Nodes=1
[    0.000000] ftrace: allocating 32767 entries in 128 pages
[    0.000000] Preemptible hierarchical RCU implementation.
[    0.000000] NR_IRQS:64 nr_irqs:64 0
[    0.000000] GIC: Using split EOI/Deactivate mode
[    0.000000] arch_timer: cp15 timer(s) running at 400.00MHz (phys).
[    0.000000] clocksource: arch_sys_counter: mask: 0xffffffffffffff max_cycles: 0x5c4093a7d1, max_idle_ns: 440795210635 ns
[    0.000004] sched_clock: 56 bits at 400MHz, resolution 2ns, wraps every 4398046511103ns
[    0.008167] Console: colour dummy device 80x25
[    0.012619] Calibrating delay loop (skipped), value calculated using timer frequency.. 800.00 BogoMIPS (lpj=1600000)
[    0.023101] pid_max: default: 32768 minimum: 301
[    0.027771] Security Framework initialized
[    0.031986] Mount-cache hash table entries: 4096 (order: 3, 32768 bytes)
[    0.038664] Mountpoint-cache hash table entries: 4096 (order: 3, 32768 bytes)
[    0.061847] ASID allocator initialised with 32768 entries
[    0.076776] EFI services will not be available.
[    0.089318] smp: Bringing up secondary CPUs ...
[    0.121966] Detected VIPT I-cache on CPU1
[    0.122026] CPU1: Booted secondary processor [410fd034]
[    0.149997] Detected VIPT I-cache on CPU2
[    0.150019] CPU2: Booted secondary processor [410fd034]
[    0.178062] Detected VIPT I-cache on CPU3
[    0.178083] CPU3: Booted secondary processor [410fd034]
[    0.178136] smp: Brought up 1 node, 4 CPUs
[    0.209790] SMP: Total of 4 processors activated.
[    0.214481] CPU features: detected feature: 32-bit EL0 Support
[    0.220293] CPU features: detected feature: Kernel page table isolation (KPTI)
[    0.229822] CPU: All CPU(s) started at EL2
[    0.233920] alternatives: patching kernel code
[    0.239575] devtmpfs: initialized
[    0.246097] DMI not present or invalid.
[    0.250063] clocksource: jiffies: mask: 0xffffffff max_cycles: 0xffffffff, max_idle_ns: 7645041785100000 ns
[    0.259777] futex hash table entries: 1024 (order: 5, 131072 bytes)
[    0.266940] xor: measuring software checksum speed
[    0.311771]    8regs     :  2292.000 MB/sec
[    0.355993]    8regs_prefetch:  2041.000 MB/sec
[    0.400561]    32regs    :  2811.000 MB/sec
[    0.444780]    32regs_prefetch:  2370.000 MB/sec
[    0.449382] xor: using function: 32regs (2811.000 MB/sec)
[    0.455471] NET: Registered protocol family 16
[    0.460682] cpuidle: using governor ladder
[    0.464786] cpuidle: using governor menu
[    0.468828] vdso: 2 pages (1 code @ (____ptrval____), 1 data @ (____ptrval____))
[    0.476206] hw-breakpoint: found 6 breakpoint and 4 watchpoint registers.
[    0.491494] DMA: preallocated 256 KiB pool for atomic allocations
[    0.497612] dw_wdt: Synopsys DesignWare Watchdog Driver is registered at arch_initcall level
[    0.509898] dw_wdt: +++ skip updating timeout to wdd.
[    0.521198] HugeTLB registered 2 MB page size, pre-allocated 0 pages
[    0.595700] raid6: int64x1  gen()   407 MB/s
[    0.668111] raid6: int64x1  xor()   451 MB/s
[    0.740485] raid6: int64x2  gen()   704 MB/s
[    0.812878] raid6: int64x2  xor()   607 MB/s
[    0.885257] raid6: int64x4  gen()  1065 MB/s
[    0.957660] raid6: int64x4  xor()   747 MB/s
[    1.029734] raid6: int64x8  gen()   989 MB/s
[    1.101802] raid6: int64x8  xor()   750 MB/s
[    1.173896] raid6: neonx1   gen()   736 MB/s
[    1.245997] raid6: neonx1   xor()   766 MB/s
[    1.318094] raid6: neonx2   gen()  1193 MB/s
[    1.390141] raid6: neonx2   xor()  1042 MB/s
[    1.462219] raid6: neonx4   gen()  1552 MB/s
[    1.534295] raid6: neonx4   xor()  1194 MB/s
[    1.606382] raid6: neonx8   gen()  1573 MB/s
[    1.678472] raid6: neonx8   xor()  1205 MB/s
[    1.682729] raid6: using algorithm neonx8 gen() 1573 MB/s
[    1.688107] raid6: .... xor() 1205 MB/s, rmw enabled
[    1.693053] raid6: using intx1 recovery algorithm
[    1.698365] vgaarb: loaded
[    1.701562] Intel Service Layer Driver Initialized
[    1.706642] SCSI subsystem initialized
[    1.710585] usbcore: registered new interface driver usbfs
[    1.716088] usbcore: registered new interface driver hub
[    1.721433] usbcore: registered new device driver usb
[    1.726877] pps_core: LinuxPPS API ver. 1 registered
[    1.731829] pps_core: Software ver. 5.3.6 - Copyright 2005-2007 Rodolfo Giometti <giometti@linux.it>
[    1.740935] PTP clock support registered
[    1.744975] EDAC MC: Ver: 3.0.0
[    1.748327] dmi: Firmware registration failed.
[    1.752826] FPGA manager framework
[    1.756329] fpga-region soc:base_fpga_region: FPGA Region probed
[    1.763443] clocksource: Switched to clocksource arch_sys_counter
[    1.853524] NET: Registered protocol family 2
[    1.858533] TCP established hash table entries: 16384 (order: 5, 131072 bytes)
[    1.865849] TCP bind hash table entries: 16384 (order: 6, 262144 bytes)
[    1.873133] TCP: Hash tables configured (established 16384 bind 16384)
[    1.879787] UDP hash table entries: 1024 (order: 3, 32768 bytes)
[    1.885816] UDP-Lite hash table entries: 1024 (order: 3, 32768 bytes)
[    1.892463] NET: Registered protocol family 1
[    1.897405] RPC: Registered named UNIX socket transport module.
[    1.903315] RPC: Registered udp transport module.
[    1.908030] RPC: Registered tcp transport module.
[    1.912720] RPC: Registered tcp NFSv4.1 backchannel transport module.
[    1.919329] Trying to unpack rootfs image as initramfs...

2020-12-01 17:09:24,168:INFO:
--=---+---=--
       \___         NOKIA RFSW LINUX
 ---=---+-I-=---         TD-CPRI
        |\
  ---=----+----=---
        |
        ^
Wind River Linux LTS 10.17.41.17
TRM60.10.R03 jenkins-PROD_mMIMO_TRM6_release-742 2020-09-24_14-15-04 rev a9b8c29e
stratix10-aeqb login: 
2020-12-01 17:09:52,446:INFO:[   59.648726] fpga_manager fpga0: writing aeqb-td-bitstream.core.rbf to Stratix10 SOC FPGA Manager
[   59.795915] Stratix10 SoC FPGA manager soc:fpga-mgr@0: Requesting full reconfiguration.

2020-12-01 17:09:56,486:INFO:[   61.162488] ccr_driver f9040000.ccr: CCR driver: Device 'ccr0' probed. ret:0!
[   61.185481] altera-i2c f9001800.i2c: Altera SoftIP I2C Probe Complete
[   61.199147] altera-i2c f90018c0.i2c: Altera SoftIP I2C Probe Complete
[   61.217503] Deasserting reset
[   61.218354] cco_driver 80300000.SM0_cpricore001_CPRICORE001: CPRICORE driver: Device 'conn_cgb0' probed and ready!
[   61.239804] socfpga-dwmac ff802000.ethernet: PTP uses main clock
[   61.246704] stmmac - user ID: 0x11, Synopsys ID: 0x37
[   61.256020] socfpga-dwmac ff802000.ethernet: Ring mode enabled
[   61.256766] Deasserting reset
[   61.258646] cco_driver 80310000.SM1_cpricore001_CPRICORE001: CPRICORE driver: Device 'conn_cgb1' probed and ready!
[   61.272279] Deasserting reset
[   61.273074] cco_driver 80320000.RF0_cpricore001_CPRICORE001: CPRICORE driver: Device 'conn_cgb2' probed and ready!
[   61.278625] Deasserting reset
[   61.279684] cco_driver 80330000.RF1_cpricore001_CPRICORE001: CPRICORE driver: Device 'conn_cgb3' probed and ready!
[   61.283129] Deasserting reset
[   61.285025] cco_driver 80340000.RF2_cpricore001_CPRICORE001: CPRICORE driver: Device 'conn_cgb4' probed and ready!
[   61.289627] Deasserting reset
[   61.290901] cco_driver 80350000.RF2B_cpricore001_CPRICORE001: CPRICORE driver: Device 'conn_cgb5' probed and ready!
[   61.296373] Deasserting reset
[   61.297365] cco_driver 80380000.RF3_cpricore001_CPRICORE001: CPRICORE driver: Device 'conn_cgb6' probed and ready!
[   61.298934] Deasserting reset
[   61.299292] cco_driver 80390000.RF3B_cpricore001_CPRICORE001: CPRICORE driver: Device 'conn_cgb7' probed and ready!
[   61.300898] Deasserting reset
[   61.301186] cco_driver 80400000.RF4_cpricore001_CPRICORE001: CPRICORE driver: Device 'conn_cgb8' probed and ready!
[   61.302552] Deasserting reset
[   61.302833] cco_driver 80410000.RF4B_cpricore001_CPRICORE001: CPRICORE driver: Device 'conn_cgb9' probed and ready!
[   61.304314] Deasserting reset
[   61.304715] cco_driver 80420000.RF5_cpricore001_CPRICORE001: CPRICORE driver: Device 'conn_cgb10' probed and ready!
[   61.306154] Deasserting reset
[   61.306457] cco_driver 80430000.RF5B_cpricore001_CPRICORE001: CPRICORE driver: Device 'conn_cgb11' probed and ready!
[   61.307868] Deasserting reset
[   61.308166] cco_driver 80440000.RF6_cpricore001_CPRICORE001: CPRICORE driver: Device 'conn_cgb12' probed and ready!
[   61.309517] Deasserting reset
[   61.309826] cco_driver 80450000.RF6B_cpricore001_CPRICORE001: CPRICORE driver: Device 'conn_cgb13' probed and ready!
[   61.311132] Deasserting reset
[   61.311528] cco_driver 80460000.RF7_cpricore001_CPRICORE001: CPRICORE driver: Device 'conn_cgb14' probed and ready!
[   61.312900] Deasserting reset
[   61.313213] cco_driver 80470000.RF7B_cpricore001_CPRICORE001: CPRICORE driver: Device 'conn_cgb15' probed and ready!
[   61.314515] Deasserting reset
[   61.314878] cco_driver 80480000.RF8_cpricore001_CPRICORE001: CPRICORE driver: Device 'conn_cgb16' probed and ready!
[   61.316431] Deasserting reset
[   61.316735] cco_driver 80490000.RF8B_cpricore001_CPRICORE001: CPRICORE driver: Device 'conn_cgb17' probed and ready!
[   61.513336] socfpga-dwmac ff802000.ethernet: DMA HW capability register supported
[   61.521715] socfpga-dwmac ff802000.ethernet: Enhanced/Alternate descriptors
[   61.528676] socfpga-dwmac ff802000.ethernet: Enabled extended descriptors
[   61.535460] socfpga-dwmac ff802000.ethernet: RX Checksum Offload Engine supported
[   61.542927] socfpga-dwmac ff802000.ethernet: COE Type 2
[   61.548156] socfpga-dwmac ff802000.ethernet: TX Checksum insertion supported
[   61.555197] socfpga-dwmac ff802000.ethernet: Enable RX Mitigation via HW Watchdog Timer
[   61.572779] socfpga-dwmac ff804000.ethernet: PTP uses main clock
[   61.579715] stmmac - user ID: 0x11, Synopsys ID: 0x37
[   61.584812] socfpga-dwmac ff804000.ethernet: Ring mode enabled
[   61.591414] socfpga-dwmac ff804000.ethernet: DMA HW capability register supported
[   61.599005] socfpga-dwmac ff804000.ethernet: Enhanced/Alternate descriptors
[   61.605991] socfpga-dwmac ff804000.ethernet: Enabled extended descriptors
[   61.612774] socfpga-dwmac ff804000.ethernet: RX Checksum Offload Engine supported
[   61.620243] socfpga-dwmac ff804000.ethernet: COE Type 2
[   61.625475] socfpga-dwmac ff804000.ethernet: TX Checksum insertion supported
[   61.632518] socfpga-dwmac ff804000.ethernet: Enable RX Mitigation via HW Watchdog Timer
[   62.036117] Not support switch PN:0xcd32!
[   62.040377] Marvell 88E1510 stmmac-0:01: attached PHY driver [Marvell 88E1510] (mii_bus:phy_addr=stmmac-0:01, irq=-1)
[   62.055243] socfpga-dwmac ff800000.ethernet eth0: IEEE 1588-2008 Advanced Timestamp supported
[   62.064099] socfpga-dwmac ff800000.ethernet eth0: registered PTP clock
[   62.071633] IPv6: ADDRCONF(NETDEV_UP): eth0: link is not ready
[   62.077737] IPv6: ADDRCONF(NETDEV_UP): eth0.257: link is not ready
[   62.084101] IPv6: ADDRCONF(NETDEV_UP): eth0.258: link is not ready
[   62.146258] Generic PHY fixed-0:00: attached PHY driver [Generic PHY] (mii_bus:phy_addr=fixed-0:00, irq=-1)
[   62.158609] socfpga-dwmac ff802000.ethernet eth1: IEEE 1588-2008 Advanced Timestamp supported
[   62.168002] socfpga-dwmac ff802000.ethernet eth1: registered PTP clock
[   62.177150] IPv6: ADDRCONF(NETDEV_UP): eth1: link is not ready
[   62.204725] Generic PHY fixed-0:01: attached PHY driver [Generic PHY] (mii_bus:phy_addr=fixed-0:01, irq=-1)
[   62.218118] socfpga-dwmac ff804000.ethernet eth2: IEEE 1588-2008 Advanced Timestamp supported
[   62.226908] socfpga-dwmac ff804000.ethernet eth2: registered PTP clock
[   62.234136] IPv6: ADDRCONF(NETDEV_UP): eth2: link is not ready
[   62.276324] br0: port 1(eth1) entered blocking state
[   62.282980] br0: port 1(eth1) entered disabled state
[   62.289640] device eth1 entered promiscuous mode
[   62.302880] br0: port 2(eth2) entered blocking state
[   62.307885] br0: port 2(eth2) entered disabled state
[   62.313288] device eth2 entered promiscuous mode
[   62.322636] br0: port 2(eth2) entered blocking state
[   62.327612] br0: port 2(eth2) entered forwarding state
[   62.332889] br0: port 1(eth1) entered blocking state
[   62.337854] br0: port 1(eth1) entered forwarding state
[   62.963541] br0: port 1(eth1) entered disabled state
[   62.969318] br0: port 2(eth2) entered disabled state
[   63.124240] socfpga-dwmac ff800000.ethernet eth0: Link is Up - 1Gbps/Full - flow control off
[   63.132798] IPv6: ADDRCONF(NETDEV_CHANGE): eth0: link becomes ready
[   63.140069] IPv6: ADDRCONF(NETDEV_CHANGE): eth0.257: link becomes ready
[   63.146898] IPv6: ADDRCONF(NETDEV_CHANGE): eth0.258: link becomes ready
[   63.187503] socfpga-dwmac ff802000.ethernet eth1: Link is Up - 1Gbps/Full - flow control off
[   63.196129] IPv6: ADDRCONF(NETDEV_CHANGE): eth1: link becomes ready
[   63.202597] br0: port 1(eth1) entered blocking state
[   63.207565] br0: port 1(eth1) entered forwarding state
[   63.251523] socfpga-dwmac ff804000.ethernet eth2: Link is Up - 1Gbps/Full - flow control off
[   63.260071] IPv6: ADDRCONF(NETDEV_CHANGE): eth2: link becomes ready
[   63.266586] br0: port 2(eth2) entered blocking state
[   63.271553] br0: port 2(eth2) entered forwarding state

2020-12-01 17:09:59,526:INFO:[   66.770304] ttyS1 - failed to request DMA

2020-12-02 14:37:29,063:INFO:   
