2020-12-03 17:23:32,047:INFO:this is serial logger
2020-12-03 17:23:41,123:INFO:## Copying 'fdt' subimage from FIT image at 30000000 ...
crc32+ sha1+    Loading part 253 ... OK
FDT fixup successful
## Loading kernel from FIT Image at 30000000 ...
   Using 'socfpga@0' configuration
   Trying 'kernel@0' kernel subimage
     Description:  Linux kernel
     Type:         Kernel Image
     Compression:  uncompressed
     Data Start:   0x300000e4
     Data Size:    14782976 Bytes = 14.1 MiB
     Architecture: AArch64
     OS:           Linux
     Load Address: 0x01080000
     Entry Point:  0x01080000
     Hash algo:    crc32
     Hash value:   fd5d11b7
     Hash algo:    sha1
     Hash value:   4c363572ec9584596497f151733cd901935d96d7
   Verifying Hash Integrity ... crc32+ sha1+ OK
## Loading ramdisk from FIT Image at 30000000 ...
   Using 'socfpga@0' configuration
   Trying 'rootfs@0' ramdisk subimage
     Description:  Root Filesystem CPIO archive Gzipped
     Type:         RAMDisk Image
     Compression:  uncompressed
     Data Start:   0x30e1daf8
     Data Size:    51425740 Bytes = 49 MiB
     Architecture: AArch64
     OS:           Linux
     Load Address: 0x20000000
     Entry Point:  unavailable
     Hash algo:    crc32
     Hash value:   2a5c7ca4
     Hash algo:    sha1
     Hash value:   1d102a20aaf0a0aa93c42bd48a30fa3789955f59
   Verifying Hash Integrity ... crc32+ sha1+ OK
   Loading ramdisk from 0x30e1daf8 to 0x20000000
## Flattened Device Tree blob at 08000000
   Booting using the fdt blob at 0x8000000
   Loading Kernel Image ... OK
   Loading Ramdisk to 15af4000, end 18bff1cc ... OK
   reserving fdt memory region: addr=8000000 size=9000
   Loading Device Tree to 0000000015ae8000, end 0000000015af3fff ... OK

Starting kernel ...

[    0.000000] Booting Linux on physical CPU 0x0
[    0.000000] Linux version 4.12.29-nokia-r91 (oe-user@oe-host) (gcc version 7.3.0 (GCC) ) #1 SMP PREEMPT Tue Jul 7 10:22:54 UTC 2020
[    0.000000] Boot CPU: AArch64 Processor [410fd034]
[    0.000000] Machine model: SoCFPGA Stratix 10 AEQB
[    0.000000] earlycon: uart0 at MMIO32 0x00000000ffc02000 (options '115200n8')
[    0.000000] bootconsole [uart0] enabled
[    0.000000] efi: Getting EFI parameters from FDT:
[    0.000000] efi: UEFI not found.
[    0.000000] Reserved memory: created DMA memory pool at 0x0000000000000000, size 16 MiB
[    0.000000] OF: reserved mem: initialized node svcbuffer@0, compatible id shared-dma-pool
[    0.000000] cma: Reserved 16 MiB at 0x0000000078800000
[    0.000000] psci: probing for conduit method from DT.
[    0.000000] psci: PSCIv65535.65535 detected in firmware.
[    0.000000] psci: Using standard PSCI v0.2 function IDs
[    0.000000] psci: MIGRATE_INFO_TYPE not supported.
[    0.000000] psci: SMC Calling Convention v1.0
[    0.000000] percpu: Embedded 22 pages/cpu @(____ptrval____) s52888 r8192 d29032 u90112
[    0.000000] Detected VIPT I-cache on CPU0
[    0.000000] CPU features: enabling workaround for ARM erratum 845719
[    0.000000] Built 1 zonelists in Zone order, mobility grouping on.  Total pages: 486612
[    0.000000] Kernel command line: earlyprintk earlycon syscon_enable=1 console=ttyS0,115200n8 rdinit=/sbin/init rw initrd=0x20000000,0x8000000 runningVolName=slot1_sw
[    0.000000] PID hash table entries: 4096 (order: 3, 32768 bytes)
[    0.000000] Dentry cache hash table entries: 262144 (order: 9, 2097152 bytes)
[    0.000000] Inode-cache hash table entries: 131072 (order: 8, 1048576 bytes)
[    0.000000] Memory: 1728016K/1977344K available (9724K kernel code, 1188K rwdata, 2528K rodata, 960K init, 738K bss, 232944K reserved, 16384K cma-reserved)
[    0.000000] Virtual kernel memory layout:
[    0.000000]     modules : 0xffff000000000000 - 0xffff000008000000   (   128 MB)
[    0.000000]     vmalloc : 0xffff000008000000 - 0xffff7dffbfff0000   (129022 GB)
[    0.000000]       .text : 0x(____ptrval____) - 0x(____ptrval____)   (  9728 KB)
[    0.000000]     .rodata : 0x(____ptrval____) - 0x(____ptrval____)   (  2560 KB)
[    0.000000]       .init : 0x(____ptrval____) - 0x(____ptrval____)   (   960 KB)
[    0.000000]       .data : 0x(____ptrval____) - 0x(____ptrval____)   (  1189 KB)
[    0.000000]        .bss : 0x(____ptrval____) - 0x(____ptrval____)   (   739 KB)
[    0.000000]     fixed   : 0xffff7dfffe7fb000 - 0xffff7dfffec00000   (  4116 KB)
[    0.000000]     PCI I/O : 0xffff7dfffee00000 - 0xffff7dffffe00000   (    16 MB)
[    0.000000]     vmemmap : 0xffff7e0000000000 - 0xffff800000000000   (  2048 GB maximum)
[    0.000000]               0xffff7e0000040000 - 0xffff7e0001e6c000   (    30 MB actual)
[    0.000000]     memory  : 0xffff800001000000 - 0xffff800079b00000   (  1931 MB)
[    0.000000] SLUB: HWalign=64, Order=0-3, MinObjects=0, CPUs=4, Nodes=1
[    0.000000] ftrace: allocating 32767 entries in 128 pages
[    0.000000] Preemptible hierarchical RCU implementation.
[    0.000000] NR_IRQS:64 nr_irqs:64 0
[    0.000000] GIC: Using split EOI/Deactivate mode
[    0.000000] arch_timer: cp15 timer(s) running at 400.00MHz (phys).
[    0.000000] clocksource: arch_sys_counter: mask: 0xffffffffffffff max_cycles: 0x5c4093a7d1, max_idle_ns: 440795210635 ns
[    0.000004] sched_clock: 56 bits at 400MHz, resolution 2ns, wraps every 4398046511103ns
[    0.008167] Console: colour dummy device 80x25
[    0.012619] Calibrating delay loop (skipped), value calculated using timer frequency.. 800.00 BogoMIPS (lpj=1600000)
[    0.023102] pid_max: default: 32768 minimum: 301
[    0.027770] Security Framework initialized
[    0.031983] Mount-cache hash table entries: 4096 (order: 3, 32768 bytes)
[    0.038661] Mountpoint-cache hash table entries: 4096 (order: 3, 32768 bytes)
[    0.061844] ASID allocator initialised with 32768 entries
[    0.076777] EFI services will not be available.
[    0.089319] smp: Bringing up secondary CPUs ...
[    0.121968] Detected VIPT I-cache on CPU1
[    0.122024] CPU1: Booted secondary processor [410fd034]
[    0.149999] Detected VIPT I-cache on CPU2
[    0.150020] CPU2: Booted secondary processor [410fd034]
[    0.178065] Detected VIPT I-cache on CPU3
[    0.178086] CPU3: Booted secondary processor [410fd034]
[    0.178139] smp: Brought up 1 node, 4 CPUs
[    0.209793] SMP: Total of 4 processors activated.
[    0.214484] CPU features: detected feature: 32-bit EL0 Support
[    0.220297] CPU features: detected feature: Kernel page table isolation (KPTI)
[    0.229830] CPU: All CPU(s) started at EL2
[    0.233929] alternatives: patching kernel code
[    0.239593] devtmpfs: initialized
[    0.246123] DMI not present or invalid.
[    0.250089] clocksource: jiffies: mask: 0xffffffff max_cycles: 0xffffffff, max_idle_ns: 7645041785100000 ns
[    0.259802] futex hash table entries: 1024 (order: 5, 131072 bytes)
[    0.266976] xor: measuring software checksum speed
[    0.311807]    8regs     :  2292.000 MB/sec
[    0.356028]    8regs_prefetch:  2041.000 MB/sec
[    0.400595]    32regs    :  2811.000 MB/sec
[    0.444815]    32regs_prefetch:  2370.000 MB/sec
[    0.449417] xor: using function: 32regs (2811.000 MB/sec)
[    0.455487] NET: Registered protocol family 16
[    0.460701] cpuidle: using governor ladder
[    0.464805] cpuidle: using governor menu
[    0.468847] vdso: 2 pages (1 code @ (____ptrval____), 1 data @ (____ptrval____))
[    0.476225] hw-breakpoint: found 6 breakpoint and 4 watchpoint registers.
[    0.491507] DMA: preallocated 256 KiB pool for atomic allocations
[    0.497627] dw_wdt: Synopsys DesignWare Watchdog Driver is registered at arch_initcall level
[    0.509921] dw_wdt: +++ skip updating timeout to wdd.
[    0.521283] HugeTLB registered 2 MB page size, pre-allocated 0 pages
[    0.595729] raid6: int64x1  gen()   407 MB/s
[    0.668103] raid6: int64x1  xor()   450 MB/s
[    0.740466] raid6: int64x2  gen()   704 MB/s
[    0.812834] raid6: int64x2  xor()   606 MB/s
[    0.885214] raid6: int64x4  gen()  1065 MB/s
[    0.957627] raid6: int64x4  xor()   747 MB/s
[    1.029696] raid6: int64x8  gen()   989 MB/s
[    1.101761] raid6: int64x8  xor()   750 MB/s
[    1.173902] raid6: neonx1   gen()   737 MB/s
[    1.245920] raid6: neonx1   xor()   765 MB/s
[    1.318005] raid6: neonx2   gen()  1192 MB/s
[    1.390085] raid6: neonx2   xor()  1041 MB/s
[    1.462180] raid6: neonx4   gen()  1552 MB/s
[    1.534261] raid6: neonx4   xor()  1194 MB/s
[    1.606352] raid6: neonx8   gen()  1567 MB/s
[    1.678424] raid6: neonx8   xor()  1205 MB/s
[    1.682680] raid6: using algorithm neonx8 gen() 1567 MB/s
[    1.688058] raid6: .... xor() 1205 MB/s, rmw enabled
[    1.693004] raid6: using intx1 recovery algorithm
[    1.698312] vgaarb: loaded
[    1.701507] Intel Service Layer Driver Initialized
[    1.706589] SCSI subsystem initialized
[    1.710528] usbcore: registered new interface driver usbfs
[    1.716031] usbcore: registered new interface driver hub
[    1.721375] usbcore: registered new device driver usb
[    1.726820] pps_core: LinuxPPS API ver. 1 registered
[    1.731772] pps_core: Software ver. 5.3.6 - Copyright 2005-2007 Rodolfo Giometti <giometti@linux.it>
[    1.740879] PTP clock support registered
[    1.744922] EDAC MC: Ver: 3.0.0
[    1.748274] dmi: Firmware registration failed.
[    1.752772] FPGA manager framework
[    1.756274] fpga-region soc:base_fpga_region: FPGA Region probed
[    1.763390] clocksource: Switched to clocksource arch_sys_counter
[    1.853561] NET: Registered protocol family 2
[    1.858570] TCP established hash table entries: 16384 (order: 5, 131072 bytes)
[    1.865885] TCP bind hash table entries: 16384 (order: 6, 262144 bytes)
[    1.873175] TCP: Hash tables configured (established 16384 bind 16384)
[    1.879824] UDP hash table entries: 1024 (order: 3, 32768 bytes)
[    1.885851] UDP-Lite hash table entries: 1024 (order: 3, 32768 bytes)
[    1.892500] NET: Registered protocol family 1
[    1.897443] RPC: Registered named UNIX socket transport module.
[    1.903352] RPC: Registered udp transport module.
[    1.908069] RPC: Registered tcp transport module.
[    1.912758] RPC: Registered tcp NFSv4.1 backchannel transport module.
[    1.919367] Trying to unpack rootfs image as initramfs...

2020-12-03 17:24:10,433:INFO:
--=---+---=--
       \___         NOKIA RFSW LINUX
 ---=---+-I-=---         TD-CPRI
        |\
  ---=----+----=---
        |
        ^
Wind River Linux LTS 10.17.41.17
TRM60.10.R03 jenkins-PROD_mMIMO_TRM6_release-742 2020-09-24_14-15-04 rev a9b8c29e
stratix10-aeqb login: 
2020-12-03 17:24:41,738:INFO:[   63.023586] fpga_manager fpga0: writing aeqb-td-bitstream.core.rbf to Stratix10 SOC FPGA Manager
[   63.189050] Stratix10 SoC FPGA manager soc:fpga-mgr@0: Requesting full reconfiguration.

2020-12-03 17:24:45,778:INFO:[   64.550421] ccr_driver f9040000.ccr: CCR driver: Device 'ccr0' probed. ret:0!
[   64.577712] altera-i2c f9001800.i2c: Altera SoftIP I2C Probe Complete
[   64.588541] altera-i2c f90018c0.i2c: Altera SoftIP I2C Probe Complete
[   64.611806] Deasserting reset
[   64.612819] cco_driver 80300000.SM0_cpricore001_CPRICORE001: CPRICORE driver: Device 'conn_cgb0' probed and ready!
[   64.637533] socfpga-dwmac ff802000.ethernet: PTP uses main clock
[   64.643195] Deasserting reset
[   64.644477] cco_driver 80310000.SM1_cpricore001_CPRICORE001: CPRICORE driver: Device 'conn_cgb1' probed and ready!
[   64.648261] Deasserting reset
[   64.650413] cco_driver 80320000.RF0_cpricore001_CPRICORE001: CPRICORE driver: Device 'conn_cgb2' probed and ready!
[   64.665133] Deasserting reset
[   64.666272] cco_driver 80330000.RF1_cpricore001_CPRICORE001: CPRICORE driver: Device 'conn_cgb3' probed and ready!
[   64.679943] Deasserting reset
[   64.680358] cco_driver 80340000.RF2_cpricore001_CPRICORE001: CPRICORE driver: Device 'conn_cgb4' probed and ready!
[   64.681677] Deasserting reset
[   64.682000] cco_driver 80350000.RF2B_cpricore001_CPRICORE001: CPRICORE driver: Device 'conn_cgb5' probed and ready!
[   64.683254] Deasserting reset
[   64.683726] cco_driver 80380000.RF3_cpricore001_CPRICORE001: CPRICORE driver: Device 'conn_cgb6' probed and ready!
[   64.685193] Deasserting reset
[   64.685525] cco_driver 80390000.RF3B_cpricore001_CPRICORE001: CPRICORE driver: Device 'conn_cgb7' probed and ready!
[   64.687021] Deasserting reset
[   64.687333] cco_driver 80400000.RF4_cpricore001_CPRICORE001: CPRICORE driver: Device 'conn_cgb8' probed and ready!
[   64.688795] Deasserting reset
[   64.689090] cco_driver 80410000.RF4B_cpricore001_CPRICORE001: CPRICORE driver: Device 'conn_cgb9' probed and ready!
[   64.690327] Deasserting reset
[   64.690614] cco_driver 80420000.RF5_cpricore001_CPRICORE001: CPRICORE driver: Device 'conn_cgb10' probed and ready!
[   64.691988] Deasserting reset
[   64.692296] cco_driver 80430000.RF5B_cpricore001_CPRICORE001: CPRICORE driver: Device 'conn_cgb11' probed and ready!
[   64.693629] Deasserting reset
[   64.693954] cco_driver 80440000.RF6_cpricore001_CPRICORE001: CPRICORE driver: Device 'conn_cgb12' probed and ready!
[   64.695214] Deasserting reset
[   64.695646] cco_driver 80450000.RF6B_cpricore001_CPRICORE001: CPRICORE driver: Device 'conn_cgb13' probed and ready!
[   64.696961] Deasserting reset
[   64.697255] cco_driver 80460000.RF7_cpricore001_CPRICORE001: CPRICORE driver: Device 'conn_cgb14' probed and ready!
[   64.698658] Deasserting reset
[   64.698961] cco_driver 80470000.RF7B_cpricore001_CPRICORE001: CPRICORE driver: Device 'conn_cgb15' probed and ready!
[   64.700348] Deasserting reset
[   64.700647] cco_driver 80480000.RF8_cpricore001_CPRICORE001: CPRICORE driver: Device 'conn_cgb16' probed and ready!
[   64.701903] Deasserting reset
[   64.702208] cco_driver 80490000.RF8B_cpricore001_CPRICORE001: CPRICORE driver: Device 'conn_cgb17' probed and ready!
[   64.906133] stmmac - user ID: 0x11, Synopsys ID: 0x37
[   64.911209] socfpga-dwmac ff802000.ethernet: Ring mode enabled
[   64.917036] socfpga-dwmac ff802000.ethernet: DMA HW capability register supported
[   64.924506] socfpga-dwmac ff802000.ethernet: Enhanced/Alternate descriptors
[   64.931454] socfpga-dwmac ff802000.ethernet: Enabled extended descriptors
[   64.938236] socfpga-dwmac ff802000.ethernet: RX Checksum Offload Engine supported
[   64.945701] socfpga-dwmac ff802000.ethernet: COE Type 2
[   64.950922] socfpga-dwmac ff802000.ethernet: TX Checksum insertion supported
[   64.957962] socfpga-dwmac ff802000.ethernet: Enable RX Mitigation via HW Watchdog Timer
[   64.978894] socfpga-dwmac ff804000.ethernet: PTP uses main clock
[   64.985229] stmmac - user ID: 0x11, Synopsys ID: 0x37
[   64.993756] socfpga-dwmac ff804000.ethernet: Ring mode enabled
[   64.999750] socfpga-dwmac ff804000.ethernet: DMA HW capability register supported
[   65.007274] socfpga-dwmac ff804000.ethernet: Enhanced/Alternate descriptors
[   65.014249] socfpga-dwmac ff804000.ethernet: Enabled extended descriptors
[   65.021076] socfpga-dwmac ff804000.ethernet: RX Checksum Offload Engine supported
[   65.028548] socfpga-dwmac ff804000.ethernet: COE Type 2
[   65.033772] socfpga-dwmac ff804000.ethernet: TX Checksum insertion supported
[   65.040811] socfpga-dwmac ff804000.ethernet: Enable RX Mitigation via HW Watchdog Timer
[   65.472066] Not support switch PN:0xcd32!
[   65.476347] Marvell 88E1510 stmmac-0:01: attached PHY driver [Marvell 88E1510] (mii_bus:phy_addr=stmmac-0:01, irq=-1)
[   65.491022] socfpga-dwmac ff800000.ethernet eth0: IEEE 1588-2008 Advanced Timestamp supported
[   65.499950] socfpga-dwmac ff800000.ethernet eth0: registered PTP clock
[   65.508199] IPv6: ADDRCONF(NETDEV_UP): eth0: link is not ready
[   65.514980] IPv6: ADDRCONF(NETDEV_UP): eth0.257: link is not ready
[   65.521932] IPv6: ADDRCONF(NETDEV_UP): eth0.258: link is not ready
[   65.584648] Generic PHY fixed-0:00: attached PHY driver [Generic PHY] (mii_bus:phy_addr=fixed-0:00, irq=-1)
[   65.600832] socfpga-dwmac ff802000.ethernet eth1: IEEE 1588-2008 Advanced Timestamp supported
[   65.611096] socfpga-dwmac ff802000.ethernet eth1: registered PTP clock
[   65.618745] IPv6: ADDRCONF(NETDEV_UP): eth1: link is not ready
[   65.645944] Generic PHY fixed-0:01: attached PHY driver [Generic PHY] (mii_bus:phy_addr=fixed-0:01, irq=-1)
[   65.661528] socfpga-dwmac ff804000.ethernet eth2: IEEE 1588-2008 Advanced Timestamp supported
[   65.672503] socfpga-dwmac ff804000.ethernet eth2: registered PTP clock
[   65.680256] IPv6: ADDRCONF(NETDEV_UP): eth2: link is not ready
[   65.724418] br0: port 1(eth1) entered blocking state
[   65.730291] br0: port 1(eth1) entered disabled state
[   65.735735] device eth1 entered promiscuous mode
[   65.752156] br0: port 2(eth2) entered blocking state
[   65.757303] br0: port 2(eth2) entered disabled state
[   65.762928] device eth2 entered promiscuous mode
[   65.772558] br0: port 2(eth2) entered blocking state
[   65.777532] br0: port 2(eth2) entered forwarding state
[   65.782770] br0: port 1(eth1) entered blocking state
[   65.787738] br0: port 1(eth1) entered forwarding state
[   66.419488] br0: port 1(eth1) entered disabled state
[   66.425023] br0: port 2(eth2) entered disabled state
[   66.548195] socfpga-dwmac ff800000.ethernet eth0: Link is Up - 1Gbps/Full - flow control off
[   66.556721] IPv6: ADDRCONF(NETDEV_CHANGE): eth0: link becomes ready
[   66.563363] IPv6: ADDRCONF(NETDEV_CHANGE): eth0.257: link becomes ready
[   66.570663] IPv6: ADDRCONF(NETDEV_CHANGE): eth0.258: link becomes ready
[   66.643448] socfpga-dwmac ff802000.ethernet eth1: Link is Up - 1Gbps/Full - flow control off
[   66.651933] IPv6: ADDRCONF(NETDEV_CHANGE): eth1: link becomes ready
[   66.658358] br0: port 1(eth1) entered blocking state
[   66.663324] br0: port 1(eth1) entered forwarding state
[   66.707465] socfpga-dwmac ff804000.ethernet eth2: Link is Up - 1Gbps/Full - flow control off
[   66.716064] IPv6: ADDRCONF(NETDEV_CHANGE): eth2: link becomes ready
[   66.722583] br0: port 2(eth2) entered blocking state
[   66.727573] br0: port 2(eth2) entered forwarding state

2020-12-03 17:24:53,867:INFO:[   74.673204] ttyS1 - failed to request DMA

2020-12-03 17:28:02,940:INFO:
U-Boot SPL 2017.09+gitAUTOINC+c0cfd0b4df-nokia-r153 (Sep 16 2020 - 02:12:22)
MPU         1200000 kHz
L3 main     400000 kHz
Main VCO    1200000 kHz
Per VCO     2000000 kHz
EOSC1       125000 kHz
HPS MMC     100 kHz
UART        100000 kHz

2020-12-03 17:28:05,970:INFO:DDR: emif_clear() failed
DDR: 2048 MiB
QSPI: Reference clock at 400000000 Hz
Stratix10 boot info:
	Last power-on reset triggered by SDM: true
	Last reset type: SDM power-on reset
	Debug reset triggered: false
	CS DAP reset triggered: false
Trying to boot from SPI
RSU current image:  0x03400000
RSU state:          0x00000000
RSU error location: 0x00000000
RSU error details:  0x00000000
RSU SSBL partition SSBL.PROD000001 at address 0x02200000.


U-Boot 2017.09+gitAUTOINC+c0cfd0b4df-nokia-r153 (Sep 16 2020 - 02:12:22 +0000)socfpga_stratix10_aeqb

CPU:   Intel FPGA SoCFPGA Platform
FPGA:  Intel FPGA Stratix 10
Model: Nokia AEQB
       Watchdog enabled
MTest: Memory test flags not setted
DRAM:  2 GiB
De-Assert EMAC0, EMAC1, EMAC2...OK
Stratix10 boot info:
	Last power-on reset triggered by SDM: true
	Last reset type: SDM power-on reset
	Debug reset triggered: false
	CS DAP reset triggered: false
	Clear reset status:0x0
MMC:   
Using default environment

In:    serial
Out:   serial
Err:   serial
Model: Nokia AEQB
Net:   
Warning: ethernet@ff800000 (eth0) using random MAC address - 7a:21:6e:30:1c:af
eth0: ethernet@ff800000
PowerOn or HW or L4WD0 reset, Reset the made
Taking peripheral out of reset ... OK
Configuring Marvell 88E1512 PHY ... OK
Configuring Ethernet Switch ... OK
SF: Detected mt25qu02g with page size 256 Bytes, erase size 64 KiB, total 256 MiB
Slot: selecting slot1
SPTs are GOOD!!!
CPBs are GOOD!!!
Autoboot in 3 seconds

2020-12-03 17:28:10,010:INFO:gpio: pin 0 (gpio 0) value is 1
SF: Detected mt25qu02g with page size 256 Bytes, erase size 64 KiB, total 256 MiB
ubi0: attaching mtd2
ubi0: scanning is finished
ubi0: attached mtd2 (name "mtd=0", size 256 MiB)
ubi0: PEB size: 65536 bytes (64 KiB), LEB size: 65408 bytes
ubi0: min./max. I/O unit sizes: 1/256, sub-page size 1
ubi0: VID header offset: 64 (aligned 64), data offset: 128
ubi0: good PEBs: 4096, bad PEBs: 0, corrupted PEBs: 0
ubi0: user volume: 2, internal volumes: 1, max. volumes count: 128
ubi0: max/mean erase counter: 3/1, WL threshold: 4096, image sequence number: 4194956838
ubi0: available PEBs: 546, total reserved PEBs: 3550, PEBs reserved for bad PEB handling: 0
Read 0 bytes from volume slot1_sw to 30000000
No size specified -> Using max size (66228788)

2020-12-03 17:28:35,258:INFO:## Copying 'fdt' subimage from FIT image at 30000000 ...
crc32+ sha1+    Loading part 253 ... OK
FDT fixup successful
## Loading kernel from FIT Image at 30000000 ...
   Using 'socfpga@0' configuration
   Trying 'kernel@0' kernel subimage
     Description:  Linux kernel
     Type:         Kernel Image
     Compression:  uncompressed
     Data Start:   0x300000e4
     Data Size:    14782976 Bytes = 14.1 MiB
     Architecture: AArch64
     OS:           Linux
     Load Address: 0x01080000
     Entry Point:  0x01080000
     Hash algo:    crc32
     Hash value:   fd5d11b7
     Hash algo:    sha1
     Hash value:   4c363572ec9584596497f151733cd901935d96d7
   Verifying Hash Integrity ... crc32+ sha1+ OK
## Loading ramdisk from FIT Image at 30000000 ...
   Using 'socfpga@0' configuration
   Trying 'rootfs@0' ramdisk subimage
     Description:  Root Filesystem CPIO archive Gzipped
     Type:         RAMDisk Image
     Compression:  uncompressed
     Data Start:   0x30e1daf8
     Data Size:    51425740 Bytes = 49 MiB
     Architecture: AArch64
     OS:           Linux
     Load Address: 0x20000000
     Entry Point:  unavailable
     Hash algo:    crc32
     Hash value:   2a5c7ca4
     Hash algo:    sha1
     Hash value:   1d102a20aaf0a0aa93c42bd48a30fa3789955f59
   Verifying Hash Integrity ... crc32+ sha1+ OK
   Loading ramdisk from 0x30e1daf8 to 0x20000000
## Flattened Device Tree blob at 08000000
   Booting using the fdt blob at 0x8000000
   Loading Kernel Image ... OK
   Loading Ramdisk to 15af4000, end 18bff1cc ... OK
   reserving fdt memory region: addr=8000000 size=9000
   Loading Device Tree to 0000000015ae8000, end 0000000015af3fff ... OK

Starting kernel ...

[    0.000000] Booting Linux on physical CPU 0x0
[    0.000000] Linux version 4.12.29-nokia-r91 (oe-user@oe-host) (gcc version 7.3.0 (GCC) ) #1 SMP PREEMPT Tue Jul 7 10:22:54 UTC 2020
[    0.000000] Boot CPU: AArch64 Processor [410fd034]
[    0.000000] Machine model: SoCFPGA Stratix 10 AEQB
[    0.000000] earlycon: uart0 at MMIO32 0x00000000ffc02000 (options '115200n8')
[    0.000000] bootconsole [uart0] enabled
[    0.000000] efi: Getting EFI parameters from FDT:
[    0.000000] efi: UEFI not found.
[    0.000000] Reserved memory: created DMA memory pool at 0x0000000000000000, size 16 MiB
[    0.000000] OF: reserved mem: initialized node svcbuffer@0, compatible id shared-dma-pool
[    0.000000] cma: Reserved 16 MiB at 0x0000000078800000
[    0.000000] psci: probing for conduit method from DT.
[    0.000000] psci: PSCIv65535.65535 detected in firmware.
[    0.000000] psci: Using standard PSCI v0.2 function IDs
[    0.000000] psci: MIGRATE_INFO_TYPE not supported.
[    0.000000] psci: SMC Calling Convention v1.0
[    0.000000] percpu: Embedded 22 pages/cpu @(____ptrval____) s52888 r8192 d29032 u90112
[    0.000000] Detected VIPT I-cache on CPU0
[    0.000000] CPU features: enabling workaround for ARM erratum 845719
[    0.000000] Built 1 zonelists in Zone order, mobility grouping on.  Total pages: 486612
[    0.000000] Kernel command line: earlyprintk earlycon syscon_enable=1 console=ttyS0,115200n8 rdinit=/sbin/init rw initrd=0x20000000,0x8000000 runningVolName=slot1_sw
[    0.000000] PID hash table entries: 4096 (order: 3, 32768 bytes)
[    0.000000] Dentry cache hash table entries: 262144 (order: 9, 2097152 bytes)
[    0.000000] Inode-cache hash table entries: 131072 (order: 8, 1048576 bytes)
[    0.000000] Memory: 1728016K/1977344K available (9724K kernel code, 1188K rwdata, 2528K rodata, 960K init, 738K bss, 232944K reserved, 16384K cma-reserved)
[    0.000000] Virtual kernel memory layout:
[    0.000000]     modules : 0xffff000000000000 - 0xffff000008000000   (   128 MB)
[    0.000000]     vmalloc : 0xffff000008000000 - 0xffff7dffbfff0000   (129022 GB)
[    0.000000]       .text : 0x(____ptrval____) - 0x(____ptrval____)   (  9728 KB)
[    0.000000]     .rodata : 0x(____ptrval____) - 0x(____ptrval____)   (  2560 KB)
[    0.000000]       .init : 0x(____ptrval____) - 0x(____ptrval____)   (   960 KB)
[    0.000000]       .data : 0x(____ptrval____) - 0x(____ptrval____)   (  1189 KB)
[    0.000000]        .bss : 0x(____ptrval____) - 0x(____ptrval____)   (   739 KB)
[    0.000000]     fixed   : 0xffff7dfffe7fb000 - 0xffff7dfffec00000   (  4116 KB)
[    0.000000]     PCI I/O : 0xffff7dfffee00000 - 0xffff7dffffe00000   (    16 MB)
[    0.000000]     vmemmap : 0xffff7e0000000000 - 0xffff800000000000   (  2048 GB maximum)
[    0.000000]               0xffff7e0000040000 - 0xffff7e0001e6c000   (    30 MB actual)
[    0.000000]     memory  : 0xffff800001000000 - 0xffff800079b00000   (  1931 MB)
[    0.000000] SLUB: HWalign=64, Order=0-3, MinObjects=0, CPUs=4, Nodes=1
[    0.000000] ftrace: allocating 32767 entries in 128 pages
[    0.000000] Preemptible hierarchical RCU implementation.
[    0.000000] NR_IRQS:64 nr_irqs:64 0
[    0.000000] GIC: Using split EOI/Deactivate mode
[    0.000000] arch_timer: cp15 timer(s) running at 400.00MHz (phys).
[    0.000000] clocksource: arch_sys_counter: mask: 0xffffffffffffff max_cycles: 0x5c4093a7d1, max_idle_ns: 440795210635 ns
[    0.000004] sched_clock: 56 bits at 400MHz, resolution 2ns, wraps every 4398046511103ns
[    0.008162] Console: colour dummy device 80x25
[    0.012612] Calibrating delay loop (skipped), value calculated using timer frequency.. 800.00 BogoMIPS (lpj=1600000)
[    0.023095] pid_max: default: 32768 minimum: 301
[    0.027765] Security Framework initialized
[    0.031977] Mount-cache hash table entries: 4096 (order: 3, 32768 bytes)
[    0.038655] Mountpoint-cache hash table entries: 4096 (order: 3, 32768 bytes)
[    0.061834] ASID allocator initialised with 32768 entries
[    0.076765] EFI services will not be available.
[    0.089307] smp: Bringing up secondary CPUs ...
[    0.121958] Detected VIPT I-cache on CPU1
[    0.122016] CPU1: Booted secondary processor [410fd034]
[    0.149987] Detected VIPT I-cache on CPU2
[    0.150009] CPU2: Booted secondary processor [410fd034]
[    0.178053] Detected VIPT I-cache on CPU3
[    0.178074] CPU3: Booted secondary processor [410fd034]
[    0.178126] smp: Brought up 1 node, 4 CPUs
[    0.209780] SMP: Total of 4 processors activated.
[    0.214471] CPU features: detected feature: 32-bit EL0 Support
[    0.220283] CPU features: detected feature: Kernel page table isolation (KPTI)
[    0.229814] CPU: All CPU(s) started at EL2
[    0.233912] alternatives: patching kernel code
[    0.239570] devtmpfs: initialized
[    0.246099] DMI not present or invalid.
[    0.250064] clocksource: jiffies: mask: 0xffffffff max_cycles: 0xffffffff, max_idle_ns: 7645041785100000 ns
[    0.259778] futex hash table entries: 1024 (order: 5, 131072 bytes)
[    0.266938] xor: measuring software checksum speed
[    0.311769]    8regs     :  2292.000 MB/sec
[    0.355990]    8regs_prefetch:  2041.000 MB/sec
[    0.400556]    32regs    :  2811.000 MB/sec
[    0.444776]    32regs_prefetch:  2370.000 MB/sec
[    0.449378] xor: using function: 32regs (2811.000 MB/sec)
[    0.455461] NET: Registered protocol family 16
[    0.460676] cpuidle: using governor ladder
[    0.464780] cpuidle: using governor menu
[    0.468824] vdso: 2 pages (1 code @ (____ptrval____), 1 data @ (____ptrval____))
[    0.476201] hw-breakpoint: found 6 breakpoint and 4 watchpoint registers.
[    0.491488] DMA: preallocated 256 KiB pool for atomic allocations
[    0.497607] dw_wdt: Synopsys DesignWare Watchdog Driver is registered at arch_initcall level
[    0.509898] dw_wdt: +++ skip updating timeout to wdd.
[    0.521241] HugeTLB registered 2 MB page size, pre-allocated 0 pages
[    0.595740] raid6: int64x1  gen()   407 MB/s
[    0.668119] raid6: int64x1  xor()   450 MB/s
[    0.740483] raid6: int64x2  gen()   704 MB/s
[    0.812887] raid6: int64x2  xor()   607 MB/s
[    0.885276] raid6: int64x4  gen()  1065 MB/s
[    0.957670] raid6: int64x4  xor()   747 MB/s
[    1.029741] raid6: int64x8  gen()   989 MB/s
[    1.101819] raid6: int64x8  xor()   750 MB/s
[    1.173895] raid6: neonx1   gen()   736 MB/s
[    1.245980] raid6: neonx1   xor()   765 MB/s
[    1.318105] raid6: neonx2   gen()  1193 MB/s
[    1.390153] raid6: neonx2   xor()  1041 MB/s
[    1.462242] raid6: neonx4   gen()  1552 MB/s
[    1.534320] raid6: neonx4   xor()  1191 MB/s
[    1.606417] raid6: neonx8   gen()  1567 MB/s
[    1.678489] raid6: neonx8   xor()  1205 MB/s
[    1.682746] raid6: using algorithm neonx8 gen() 1567 MB/s
[    1.688124] raid6: .... xor() 1205 MB/s, rmw enabled
[    1.693070] raid6: using intx1 recovery algorithm
[    1.698382] vgaarb: loaded
[    1.701575] Intel Service Layer Driver Initialized
[    1.706652] SCSI subsystem initialized
[    1.710591] usbcore: registered new interface driver usbfs
[    1.716094] usbcore: registered new interface driver hub
[    1.721437] usbcore: registered new device driver usb
[    1.726884] pps_core: LinuxPPS API ver. 1 registered
[    1.731837] pps_core: Software ver. 5.3.6 - Copyright 2005-2007 Rodolfo Giometti <giometti@linux.it>
[    1.740944] PTP clock support registered
[    1.744985] EDAC MC: Ver: 3.0.0
[    1.748335] dmi: Firmware registration failed.
[    1.752834] FPGA manager framework
[    1.756335] fpga-region soc:base_fpga_region: FPGA Region probed
[    1.763447] clocksource: Switched to clocksource arch_sys_counter
[    1.853597] NET: Registered protocol family 2
[    1.858599] TCP established hash table entries: 16384 (order: 5, 131072 bytes)
[    1.865911] TCP bind hash table entries: 16384 (order: 6, 262144 bytes)
[    1.873203] TCP: Hash tables configured (established 16384 bind 16384)
[    1.879851] UDP hash table entries: 1024 (order: 3, 32768 bytes)
[    1.885878] UDP-Lite hash table entries: 1024 (order: 3, 32768 bytes)
[    1.892524] NET: Registered protocol family 1
[    1.897469] RPC: Registered named UNIX socket transport module.
[    1.903378] RPC: Registered udp transport module.
[    1.908094] RPC: Registered tcp transport module.
[    1.912783] RPC: Registered tcp NFSv4.1 backchannel transport module.
[    1.919390] Trying to unpack rootfs image as initramfs...

2020-12-03 17:29:03,546:INFO:
--=---+---=--
       \___         NOKIA RFSW LINUX
 ---=---+-I-=---         TD-CPRI
        |\
  ---=----+----=---
        |
        ^
Wind River Linux LTS 10.17.41.17
TRM60.10.R03 jenkins-PROD_mMIMO_TRM6_release-742 2020-09-24_14-15-04 rev a9b8c29e
stratix10-aeqb login: 
2020-12-03 17:29:24,738:INFO:[   51.921315] fpga_manager fpga0: writing aeqb-td-bitstream.core.rbf to Stratix10 SOC FPGA Manager
[   52.197414] Stratix10 SoC FPGA manager soc:fpga-mgr@0: Requesting full reconfiguration.

2020-12-03 17:29:28,769:INFO:[   53.633474] ccr_driver f9040000.ccr: CCR driver: Device 'ccr0' probed. ret:0!
[   53.667315] altera-i2c f9001800.i2c: Altera SoftIP I2C Probe Complete
[   53.686669] altera-i2c f90018c0.i2c: Altera SoftIP I2C Probe Complete
[   53.727207] Deasserting reset
[   53.728749] Deasserting reset
[   53.734478] cco_driver 80460000.RF7_cpricore001_CPRICORE001: CPRICORE driver: Device 'conn_cgb14' probed and ready!
[   53.734710] cco_driver 80300000.SM0_cpricore001_CPRICORE001: CPRICORE driver: Device 'conn_cgb0' probed and ready!
[   53.747547] Deasserting reset
[   53.748318] cco_driver 80310000.SM1_cpricore001_CPRICORE001: CPRICORE driver: Device 'conn_cgb1' probed and ready!
[   53.770745] Deasserting reset
[   53.772766] cco_driver 80320000.RF0_cpricore001_CPRICORE001: CPRICORE driver: Device 'conn_cgb2' probed and ready!
[   53.779277] Deasserting reset
[   53.780554] cco_driver 80330000.RF1_cpricore001_CPRICORE001: CPRICORE driver: Device 'conn_cgb3' probed and ready!
[   53.783327] Deasserting reset
[   53.784124] cco_driver 80340000.RF2_cpricore001_CPRICORE001: CPRICORE driver: Device 'conn_cgb4' probed and ready!
[   53.793743] Deasserting reset
[   53.794629] cco_driver 80350000.RF2B_cpricore001_CPRICORE001: CPRICORE driver: Device 'conn_cgb5' probed and ready!
[   53.800896] Deasserting reset
[   53.801859] cco_driver 80380000.RF3_cpricore001_CPRICORE001: CPRICORE driver: Device 'conn_cgb6' probed and ready!
[   53.805101] Deasserting reset
[   53.806079] cco_driver 80390000.RF3B_cpricore001_CPRICORE001: CPRICORE driver: Device 'conn_cgb7' probed and ready!
[   53.809214] Deasserting reset
[   53.810084] cco_driver 80400000.RF4_cpricore001_CPRICORE001: CPRICORE driver: Device 'conn_cgb8' probed and ready!
[   53.813094] Deasserting reset
[   53.813880] cco_driver 80410000.RF4B_cpricore001_CPRICORE001: CPRICORE driver: Device 'conn_cgb9' probed and ready!
[   53.818310] Deasserting reset
[   53.818957] cco_driver 80420000.RF5_cpricore001_CPRICORE001: CPRICORE driver: Device 'conn_cgb10' probed and ready!
[   53.821899] Deasserting reset
[   53.822551] cco_driver 80430000.RF5B_cpricore001_CPRICORE001: CPRICORE driver: Device 'conn_cgb11' probed and ready!
[   53.825760] Deasserting reset
[   53.826554] cco_driver 80440000.RF6_cpricore001_CPRICORE001: CPRICORE driver: Device 'conn_cgb12' probed and ready!
[   53.829480] Deasserting reset
[   53.830101] cco_driver 80450000.RF6B_cpricore001_CPRICORE001: CPRICORE driver: Device 'conn_cgb13' probed and ready!
[   53.960455] Deasserting reset
[   53.962342] cco_driver 80470000.RF7B_cpricore001_CPRICORE001: CPRICORE driver: Device 'conn_cgb15' probed and ready!
[   53.995702] Deasserting reset
[   53.998829] cco_driver 80480000.RF8_cpricore001_CPRICORE001: CPRICORE driver: Device 'conn_cgb16' probed and ready!
[   54.033775] Deasserting reset
[   54.035056] cco_driver 80490000.RF8B_cpricore001_CPRICORE001: CPRICORE driver: Device 'conn_cgb17' probed and ready!
[   54.096435] socfpga-dwmac ff802000.ethernet: PTP uses main clock
[   54.109878] stmmac - user ID: 0x11, Synopsys ID: 0x37
[   54.126274] socfpga-dwmac ff802000.ethernet: Ring mode enabled
[   54.141139] socfpga-dwmac ff802000.ethernet: DMA HW capability register supported
[   54.153594] socfpga-dwmac ff802000.ethernet: Enhanced/Alternate descriptors
[   54.162804] socfpga-dwmac ff802000.ethernet: Enabled extended descriptors
[   54.169802] socfpga-dwmac ff802000.ethernet: RX Checksum Offload Engine supported
[   54.177383] socfpga-dwmac ff802000.ethernet: COE Type 2
[   54.182713] socfpga-dwmac ff802000.ethernet: TX Checksum insertion supported
[   54.189864] socfpga-dwmac ff802000.ethernet: Enable RX Mitigation via HW Watchdog Timer
[   54.212835] socfpga-dwmac ff804000.ethernet: PTP uses main clock
[   54.219917] stmmac - user ID: 0x11, Synopsys ID: 0x37
[   54.225071] socfpga-dwmac ff804000.ethernet: Ring mode enabled
[   54.231642] socfpga-dwmac ff804000.ethernet: DMA HW capability register supported
[   54.239615] socfpga-dwmac ff804000.ethernet: Enhanced/Alternate descriptors
[   54.247448] socfpga-dwmac ff804000.ethernet: Enabled extended descriptors
[   54.254679] socfpga-dwmac ff804000.ethernet: RX Checksum Offload Engine supported
[   54.262708] socfpga-dwmac ff804000.ethernet: COE Type 2
[   54.268141] socfpga-dwmac ff804000.ethernet: TX Checksum insertion supported
[   54.275290] socfpga-dwmac ff804000.ethernet: Enable RX Mitigation via HW Watchdog Timer
[   54.896228] Not support switch PN:0xcd32!
[   54.900533] Marvell 88E1510 stmmac-0:01: attached PHY driver [Marvell 88E1510] (mii_bus:phy_addr=stmmac-0:01, irq=-1)
[   54.920549] socfpga-dwmac ff800000.ethernet eth0: IEEE 1588-2008 Advanced Timestamp supported
[   54.930005] socfpga-dwmac ff800000.ethernet eth0: registered PTP clock
[   54.938006] IPv6: ADDRCONF(NETDEV_UP): eth0: link is not ready
[   54.946623] IPv6: ADDRCONF(NETDEV_UP): eth0.257: link is not ready
[   54.953701] IPv6: ADDRCONF(NETDEV_UP): eth0.258: link is not ready
[   55.039610] Generic PHY fixed-0:00: attached PHY driver [Generic PHY] (mii_bus:phy_addr=fixed-0:00, irq=-1)
[   55.056676] socfpga-dwmac ff802000.ethernet eth1: IEEE 1588-2008 Advanced Timestamp supported
[   55.066546] socfpga-dwmac ff802000.ethernet eth1: registered PTP clock
[   55.074432] IPv6: ADDRCONF(NETDEV_UP): eth1: link is not ready
[   55.118418] Generic PHY fixed-0:01: attached PHY driver [Generic PHY] (mii_bus:phy_addr=fixed-0:01, irq=-1)
[   55.135933] socfpga-dwmac ff804000.ethernet eth2: IEEE 1588-2008 Advanced Timestamp supported
[   55.145119] socfpga-dwmac ff804000.ethernet eth2: registered PTP clock
[   55.153618] IPv6: ADDRCONF(NETDEV_UP): eth2: link is not ready
[   55.218600] br0: port 1(eth1) entered blocking state
[   55.226650] br0: port 1(eth1) entered disabled state
[   55.237691] device eth1 entered promiscuous mode
[   55.263060] br0: port 2(eth2) entered blocking state
[   55.269362] br0: port 2(eth2) entered disabled state
[   55.276484] device eth2 entered promiscuous mode
[   55.288505] br0: port 2(eth2) entered blocking state
[   55.293532] br0: port 2(eth2) entered forwarding state
[   55.298950] br0: port 1(eth1) entered blocking state
[   55.304105] br0: port 1(eth1) entered forwarding state
[   55.827775] br0: port 1(eth1) entered disabled state
[   55.834113] br0: port 2(eth2) entered disabled state
[   55.956686] socfpga-dwmac ff800000.ethernet eth0: Link is Up - 1Gbps/Full - flow control off
[   55.967932] IPv6: ADDRCONF(NETDEV_CHANGE): eth0: link becomes ready
[   55.983615] IPv6: ADDRCONF(NETDEV_CHANGE): eth0.257: link becomes ready
[   55.993344] IPv6: ADDRCONF(NETDEV_CHANGE): eth0.258: link becomes ready
[   56.083667] socfpga-dwmac ff802000.ethernet eth1: Link is Up - 1Gbps/Full - flow control off
[   56.092322] IPv6: ADDRCONF(NETDEV_CHANGE): eth1: link becomes ready
[   56.098874] br0: port 1(eth1) entered blocking state
[   56.103873] br0: port 1(eth1) entered forwarding state
[   56.179499] socfpga-dwmac ff804000.ethernet eth2: Link is Up - 1Gbps/Full - flow control off
[   56.188074] IPv6: ADDRCONF(NETDEV_CHANGE): eth2: link becomes ready
[   56.194718] br0: port 2(eth2) entered blocking state
[   56.199694] br0: port 2(eth2) entered forwarding state

2020-12-03 17:29:32,819:INFO:[   59.908171] ttyS1 - failed to request DMA

