2021-01-20 10:58:56,426:INFO:this is serial logger
2021-01-20 10:59:00,428:INFO:
U-Boot SPL 2017.09+gitAUTOINC+c0cfd0b4df-nokia-r153 (Dec 31 2020 - 06:53:42)
MPU         1200000 kHz
L3 main     400000 kHz
Main VCO    1200000 kHz
Per VCO     2000000 kHz
EOSC1       125000 kHz
HPS MMC     100 kHz
UART        100000 kHz

2021-01-20 10:59:03,430:INFO:DDR: emif_clear() failed
DDR: 2048 MiB
QSPI: Reference clock at 400000000 Hz
Stratix10 boot info:
	Last power-on reset triggered by SDM: true
	Last reset type: SDM power-on reset
	Debug reset triggered: false
	CS DAP reset triggered: false
Trying to boot from SPI
RSU current image:  0x03400000
RSU state:          0x00000000
RSU error location: 0x00000000
RSU error details:  0x00000000
RSU SSBL partition SSBL.PROD000001 at address 0x02200000.


U-Boot 2017.09+gitAUTOINC+c0cfd0b4df-nokia-r153 (Dec 31 2020 - 06:53:42 +0000)socfpga_stratix10_aeqb

CPU:   Intel FPGA SoCFPGA Platform
FPGA:  Intel FPGA Stratix 10
Model: Nokia AEQB
       Watchdog enabled
MTest: Memory test flags not setted
DRAM:  2 GiB
De-Assert EMAC0, EMAC1, EMAC2...OK
Stratix10 boot info:
	Last power-on reset triggered by SDM: true
	Last reset type: SDM power-on reset
	Debug reset triggered: false
	CS DAP reset triggered: false
	Clear reset status:0x0
MMC:   
Using default environment

In:    serial
Out:   serial
Err:   serial
Model: Nokia AEQB
Net:   
Warning: ethernet@ff800000 (eth0) using random MAC address - fe:25:6a:3c:28:c8
eth0: ethernet@ff800000
PowerOn or HW or L4WD0 reset, Reset the made
Taking peripheral out of reset ... OK
Configuring Marvell 88E1512 PHY ... OK
Configuring Ethernet Switch ... OK
SF: Detected mt25qu02g with page size 256 Bytes, erase size 64 KiB, total 256 MiB
Slot: selecting slot1
SPTs are GOOD!!!
CPBs are GOOD!!!
Autoboot in 3 seconds

2021-01-20 10:59:06,431:INFO:gpio: pin 0 (gpio 0) value is 1
SF: Detected mt25qu02g with page size 256 Bytes, erase size 64 KiB, total 256 MiB
ubi0: attaching mtd2
ubi0: scanning is finished
ubi0: attached mtd2 (name "mtd=0", size 256 MiB)
ubi0: PEB size: 65536 bytes (64 KiB), LEB size: 65408 bytes
ubi0: min./max. I/O unit sizes: 1/256, sub-page size 1
ubi0: VID header offset: 64 (aligned 64), data offset: 128
ubi0: good PEBs: 4096, bad PEBs: 0, corrupted PEBs: 0
ubi0: user volume: 2, internal volumes: 1, max. volumes count: 128
ubi0: max/mean erase counter: 7/5, WL threshold: 4096, image sequence number: 2575912687
ubi0: available PEBs: 504, total reserved PEBs: 3592, PEBs reserved for bad PEB handling: 0
Read 0 bytes from volume slot1_sw to 30000000
No size specified -> Using max size (66799200)

2021-01-20 10:59:32,444:INFO:## Copying 'fdt' subimage from FIT image at 30000000 ...
crc32+ sha1+    Loading part 253 ... OK
FDT fixup successful
## Loading kernel from FIT Image at 30000000 ...
   Using 'socfpga@0' configuration
   Trying 'kernel@0' kernel subimage
     Description:  Linux kernel
     Type:         Kernel Image
     Compression:  uncompressed
     Data Start:   0x300000e4
     Data Size:    14782976 Bytes = 14.1 MiB
     Architecture: AArch64
     OS:           Linux
     Load Address: 0x01080000
     Entry Point:  0x01080000
     Hash algo:    crc32
     Hash value:   19822168
     Hash algo:    sha1
     Hash value:   6efb939f2e06e42b4d861a29c44972ca77b7d106
   Verifying Hash Integrity ... crc32+ sha1+ OK
## Loading ramdisk from FIT Image at 30000000 ...
   Using 'socfpga@0' configuration
   Trying 'rootfs@0' ramdisk subimage
     Description:  Root Filesystem CPIO archive Gzipped
     Type:         RAMDisk Image
     Compression:  uncompressed
     Data Start:   0x30e1daf8
     Data Size:    51996152 Bytes = 49.6 MiB
     Architecture: AArch64
     OS:           Linux
     Load Address: 0x20000000
     Entry Point:  unavailable
     Hash algo:    crc32
     Hash value:   070fe5cf
     Hash algo:    sha1
     Hash value:   1bd2e3af4f0803daf92fcd7e4aed62be6e5945fd
   Verifying Hash Integrity ... crc32+ sha1+ OK
   Loading ramdisk from 0x30e1daf8 to 0x20000000
## Flattened Device Tree blob at 08000000
   Booting using the fdt blob at 0x8000000
   Loading Kernel Image ... OK
   Loading Ramdisk to 15a69000, end 18bff5f8 ... OK
   reserving fdt memory region: addr=8000000 size=9000
   Loading Device Tree to 0000000015a5d000, end 0000000015a68fff ... OK

Starting kernel ...

[    0.000000] Booting Linux on physical CPU 0x0
[    0.000000] Linux version 4.12.29-nokia-r91 (oe-user@oe-host) (gcc version 7.3.0 (GCC) ) #1 SMP PREEMPT Wed Dec 23 10:29:41 UTC 2020
[    0.000000] Boot CPU: AArch64 Processor [410fd034]
[    0.000000] Machine model: SoCFPGA Stratix 10 AEQB
[    0.000000] earlycon: uart0 at MMIO32 0x00000000ffc02000 (options '115200n8')
[    0.000000] bootconsole [uart0] enabled
[    0.000000] efi: Getting EFI parameters from FDT:
[    0.000000] efi: UEFI not found.
[    0.000000] Reserved memory: created DMA memory pool at 0x0000000000000000, size 16 MiB
[    0.000000] OF: reserved mem: initialized node svcbuffer@0, compatible id shared-dma-pool
[    0.000000] cma: Reserved 16 MiB at 0x0000000078800000
[    0.000000] psci: probing for conduit method from DT.
[    0.000000] psci: PSCIv65535.65535 detected in firmware.
[    0.000000] psci: Using standard PSCI v0.2 function IDs
[    0.000000] psci: MIGRATE_INFO_TYPE not supported.
[    0.000000] psci: SMC Calling Convention v1.0
[    0.000000] percpu: Embedded 22 pages/cpu @(____ptrval____) s52888 r8192 d29032 u90112
[    0.000000] Detected VIPT I-cache on CPU0
[    0.000000] CPU features: enabling workaround for ARM erratum 845719
[    0.000000] Built 1 zonelists in Zone order, mobility grouping on.  Total pages: 486612
[    0.000000] Kernel command line: earlyprintk earlycon syscon_enable=1 console=ttyS0,115200n8 rdinit=/sbin/init rw initrd=0x20000000,0x8000000 runningVolName=slot1_sw
[    0.000000] PID hash table entries: 4096 (order: 3, 32768 bytes)
[    0.000000] Dentry cache hash table entries: 262144 (order: 9, 2097152 bytes)
[    0.000000] Inode-cache hash table entries: 131072 (order: 8, 1048576 bytes)
[    0.000000] Memory: 1727456K/1977344K available (9724K kernel code, 1188K rwdata, 2528K rodata, 960K init, 741K bss, 233504K reserved, 16384K cma-reserved)
[    0.000000] Virtual kernel memory layout:
[    0.000000]     modules : 0xffff000000000000 - 0xffff000008000000   (   128 MB)
[    0.000000]     vmalloc : 0xffff000008000000 - 0xffff7dffbfff0000   (129022 GB)
[    0.000000]       .text : 0x(____ptrval____) - 0x(____ptrval____)   (  9728 KB)
[    0.000000]     .rodata : 0x(____ptrval____) - 0x(____ptrval____)   (  2560 KB)
[    0.000000]       .init : 0x(____ptrval____) - 0x(____ptrval____)   (   960 KB)
[    0.000000]       .data : 0x(____ptrval____) - 0x(____ptrval____)   (  1189 KB)
[    0.000000]        .bss : 0x(____ptrval____) - 0x(____ptrval____)   (   742 KB)
[    0.000000]     fixed   : 0xffff7dfffe7fb000 - 0xffff7dfffec00000   (  4116 KB)
[    0.000000]     PCI I/O : 0xffff7dfffee00000 - 0xffff7dffffe00000   (    16 MB)
[    0.000000]     vmemmap : 0xffff7e0000000000 - 0xffff800000000000   (  2048 GB maximum)
[    0.000000]               0xffff7e0000040000 - 0xffff7e0001e6c000   (    30 MB actual)
[    0.000000]     memory  : 0xffff800001000000 - 0xffff800079b00000   (  1931 MB)
[    0.000000] SLUB: HWalign=64, Order=0-3, MinObjects=0, CPUs=4, Nodes=1
[    0.000000] ftrace: allocating 32768 entries in 129 pages
[    0.000000] Preemptible hierarchical RCU implementation.
[    0.000000] NR_IRQS:64 nr_irqs:64 0
[    0.000000] GIC: Using split EOI/Deactivate mode
[    0.000000] arch_timer: cp15 timer(s) running at 400.00MHz (phys).
[    0.000000] clocksource: arch_sys_counter: mask: 0xffffffffffffff max_cycles: 0x5c4093a7d1, max_idle_ns: 440795210635 ns
[    0.000003] sched_clock: 56 bits at 400MHz, resolution 2ns, wraps every 4398046511103ns
[    0.008165] Console: colour dummy device 80x25
[    0.012617] Calibrating delay loop (skipped), value calculated using timer frequency.. 800.00 BogoMIPS (lpj=1600000)
[    0.023099] pid_max: default: 32768 minimum: 301
[    0.027771] Security Framework initialized
[    0.031989] Mount-cache hash table entries: 4096 (order: 3, 32768 bytes)
[    0.038666] Mountpoint-cache hash table entries: 4096 (order: 3, 32768 bytes)
[    0.061849] ASID allocator initialised with 32768 entries
[    0.076803] EFI services will not be available.
[    0.089345] smp: Bringing up secondary CPUs ...
[    0.121996] Detected VIPT I-cache on CPU1
[    0.122051] CPU1: Booted secondary processor [410fd034]
[    0.150024] Detected VIPT I-cache on CPU2
[    0.150046] CPU2: Booted secondary processor [410fd034]
[    0.178089] Detected VIPT I-cache on CPU3
[    0.178110] CPU3: Booted secondary processor [410fd034]
[    0.178162] smp: Brought up 1 node, 4 CPUs
[    0.209815] SMP: Total of 4 processors activated.
[    0.214505] CPU features: detected feature: 32-bit EL0 Support
[    0.220318] CPU features: detected feature: Kernel page table isolation (KPTI)
[    0.229846] CPU: All CPU(s) started at EL2
[    0.233945] alternatives: patching kernel code
[    0.239593] devtmpfs: initialized
[    0.246112] DMI not present or invalid.
[    0.250077] clocksource: jiffies: mask: 0xffffffff max_cycles: 0xffffffff, max_idle_ns: 7645041785100000 ns
[    0.259792] futex hash table entries: 1024 (order: 5, 131072 bytes)
[    0.266964] xor: measuring software checksum speed
[    0.311794]    8regs     :  2292.000 MB/sec
[    0.356014]    8regs_prefetch:  2041.000 MB/sec
[    0.400580]    32regs    :  2811.000 MB/sec
[    0.444799]    32regs_prefetch:  2370.000 MB/sec
[    0.449401] xor: using function: 32regs (2811.000 MB/sec)
[    0.455496] NET: Registered protocol family 16
[    0.460718] cpuidle: using governor ladder
[    0.464821] cpuidle: using governor menu
[    0.468863] vdso: 2 pages (1 code @ (____ptrval____), 1 data @ (____ptrval____))
[    0.476241] hw-breakpoint: found 6 breakpoint and 4 watchpoint registers.
[    0.484110] DMA: preallocated 256 KiB pool for atomic allocations
[    0.490229] dw_wdt: Synopsys DesignWare Watchdog Driver is registered at arch_initcall level
[    0.502511] dw_wdt: +++ skip updating timeout to wdd.
[    0.513799] HugeTLB registered 2 MB page size, pre-allocated 0 pages
[    0.588266] raid6: int64x1  gen()   407 MB/s
[    0.660628] raid6: int64x1  xor()   450 MB/s
[    0.732989] raid6: int64x2  gen()   704 MB/s
[    0.805365] raid6: int64x2  xor()   606 MB/s
[    0.877775] raid6: int64x4  gen()  1065 MB/s
[    0.950166] raid6: int64x4  xor()   747 MB/s
[    1.022255] raid6: int64x8  gen()   989 MB/s
[    1.094321] raid6: int64x8  xor()   750 MB/s
[    1.166386] raid6: neonx1   gen()   736 MB/s
[    1.238486] raid6: neonx1   xor()   766 MB/s
[    1.310559] raid6: neonx2   gen()  1192 MB/s
[    1.382636] raid6: neonx2   xor()  1041 MB/s
[    1.454726] raid6: neonx4   gen()  1552 MB/s
[    1.526801] raid6: neonx4   xor()  1194 MB/s
[    1.598911] raid6: neonx8   gen()  1568 MB/s
[    1.670965] raid6: neonx8   xor()  1205 MB/s
[    1.675221] raid6: using algorithm neonx8 gen() 1568 MB/s
[    1.680599] raid6: .... xor() 1205 MB/s, rmw enabled
[    1.685545] raid6: using intx1 recovery algorithm
[    1.690854] vgaarb: loaded
[    1.694048] Intel Service Layer Driver Initialized
[    1.699130] SCSI subsystem initialized
[    1.703071] usbcore: registered new interface driver usbfs
[    1.708573] usbcore: registered new interface driver hub
[    1.713917] usbcore: registered new device driver usb
[    1.719356] pps_core: LinuxPPS API ver. 1 registered
[    1.724308] pps_core: Software ver. 5.3.6 - Copyright 2005-2007 Rodolfo Giometti <giometti@linux.it>
[    1.733415] PTP clock support registered
[    1.737462] EDAC MC: Ver: 3.0.0
[    1.740809] dmi: Firmware registration failed.
[    1.745305] FPGA manager framework
[    1.748806] fpga-region soc:base_fpga_region: FPGA Region probed
[    1.755904] clocksource: Switched to clocksource arch_sys_counter
[    1.845779] NET: Registered protocol family 2
[    1.850777] TCP established hash table entries: 16384 (order: 5, 131072 bytes)
[    1.858090] TCP bind hash table entries: 16384 (order: 6, 262144 bytes)
[    1.865344] TCP: Hash tables configured (established 16384 bind 16384)
[    1.872004] UDP hash table entries: 1024 (order: 3, 32768 bytes)
[    1.878032] UDP-Lite hash table entries: 1024 (order: 3, 32768 bytes)
[    1.884675] NET: Registered protocol family 1
[    1.889625] RPC: Registered named UNIX socket transport module.
[    1.895531] RPC: Registered udp transport module.
[    1.900220] RPC: Registered tcp transport module.
[    1.904908] RPC: Registered tcp NFSv4.1 backchannel transport module.
[    1.911542] Trying to unpack rootfs image as initramfs...

2021-01-20 11:00:02,469:INFO:
Access and use of this device  console  is for authorized users only. If you
are not authorized by  Nokia Corporation  you have to close this  connection
immediately. Any unauthorized use or access attempts may be investigated and
prosecuted  in  accordance  with applicable local laws.  Continuing with the
log-in process  implies that you  understand and acknowledge the above.  For
questions contact Nokia Corporation.

--=---+---=--
       \___         NOKIA RFSW LINUX
 ---=---+-I-=---         TD-CPRI
        |\
  ---=----+----=---
        |
        ^
Wind River Linux LTS 10.17.41.17
TRM60.11.R09Q jenkins-PROD_mMIMO_TRM6_FB2011_Q_release-239 2021-01-02_09-43-47 rev df5154f2
stratix10-aeqb login: 
2021-01-20 11:00:35,497:INFO:[   60.910651] fpga_manager fpga0: writing aeqb-td-bitstream.core.rbf to Stratix10 SOC FPGA Manager
[   61.056483] Stratix10 SoC FPGA manager soc:fpga-mgr@0: Requesting full reconfiguration.
[   62.379087] ccr_driver f9040000.ccr: CCR driver: Device 'ccr0' probed. ret:0!
[   62.395030] altera-i2c f9001800.i2c: Altera SoftIP I2C Probe Complete
[   62.407878] altera-i2c f90018c0.i2c: Altera SoftIP I2C Probe Complete
[   62.428046] Deasserting reset
[   62.430512] cco_driver 80300000.SM0_cpricore001_CPRICORE001: CPRICORE driver: Device 'conn_cgb0' probed and ready!
[   62.471028] Deasserting reset
[   62.475310] socfpga-dwmac ff802000.ethernet: PTP uses main clock
[   62.475601] cco_driver 80310000.SM1_cpricore001_CPRICORE001: CPRICORE driver: Device 'conn_cgb1' probed and ready!
[   62.480356] Deasserting reset
[   62.480750] cco_driver 80320000.RF0_cpricore001_CPRICORE001: CPRICORE driver: Device 'conn_cgb2' probed and ready!
[   62.482064] Deasserting reset
[   62.482368] cco_driver 80330000.RF1_cpricore001_CPRICORE001: CPRICORE driver: Device 'conn_cgb3' probed and ready!
[   62.483611] Deasserting reset
[   62.484168] cco_driver 80340000.RF2_cpricore001_CPRICORE001: CPRICORE driver: Device 'conn_cgb4' probed and ready!
[   62.485529] Deasserting reset
[   62.485822] cco_driver 80350000.RF2B_cpricore001_CPRICORE001: CPRICORE driver: Device 'conn_cgb5' probed and ready!
[   62.486998] Deasserting reset
[   62.487282] cco_driver 80380000.RF3_cpricore001_CPRICORE001: CPRICORE driver: Device 'conn_cgb6' probed and ready!
[   62.488724] Deasserting reset
[   62.489031] cco_driver 80390000.RF3B_cpricore001_CPRICORE001: CPRICORE driver: Device 'conn_cgb7' probed and ready!
[   62.490269] Deasserting reset
[   62.490562] cco_driver 80400000.RF4_cpricore001_CPRICORE001: CPRICORE driver: Device 'conn_cgb8' probed and ready!
[   62.491745] Deasserting reset
[   62.492190] cco_driver 80410000.RF4B_cpricore001_CPRICORE001: CPRICORE driver: Device 'conn_cgb9' probed and ready!
[   62.493365] Deasserting reset
[   62.493675] cco_driver 80420000.RF5_cpricore001_CPRICORE001: CPRICORE driver: Device 'conn_cgb10' probed and ready!
[   62.494979] Deasserting reset
[   62.495313] cco_driver 80430000.RF5B_cpricore001_CPRICORE001: CPRICORE driver: Device 'conn_cgb11' probed and ready!
[   62.496543] Deasserting reset
[   62.496844] cco_driver 80440000.RF6_cpricore001_CPRICORE001: CPRICORE driver: Device 'conn_cgb12' probed and ready!
[   62.497990] Deasserting reset
[   62.498310] cco_driver 80450000.RF6B_cpricore001_CPRICORE001: CPRICORE driver: Device 'conn_cgb13' probed and ready!
[   62.499713] Deasserting reset
[   62.500075] cco_driver 80460000.RF7_cpricore001_CPRICORE001: CPRICORE driver: Device 'conn_cgb14' probed and ready!
[   62.501257] Deasserting reset
[   62.501553] cco_driver 80470000.RF7B_cpricore001_CPRICORE001: CPRICORE driver: Device 'conn_cgb15' probed and ready!
[   62.502747] Deasserting reset
[   62.503032] cco_driver 80480000.RF8_cpricore001_CPRICORE001: CPRICORE driver: Device 'conn_cgb16' probed and ready!
[   62.504418] Deasserting reset
[   62.504736] cco_driver 80490000.RF8B_cpricore001_CPRICORE001: CPRICORE driver: Device 'conn_cgb17' probed and ready!
[   62.719503] stmmac - user ID: 0x11, Synopsys ID: 0x37
[   62.724579] socfpga-dwmac ff802000.ethernet: Ring mode enabled
[   62.730405] socfpga-dwmac ff802000.ethernet: DMA HW capability register supported
[   62.737873] socfpga-dwmac ff802000.ethernet: Enhanced/Alternate descriptors
[   62.744819] socfpga-dwmac ff802000.ethernet: Enabled extended descriptors
[   62.751593] socfpga-dwmac ff802000.ethernet: RX Checksum Offload Engine supported
[   62.759065] socfpga-dwmac ff802000.ethernet: COE Type 2
[   62.764285] socfpga-dwmac ff802000.ethernet: TX Checksum insertion supported
[   62.771323] socfpga-dwmac ff802000.ethernet: Enable RX Mitigation via HW Watchdog Timer
[   62.789341] socfpga-dwmac ff804000.ethernet: PTP uses main clock
[   62.795731] stmmac - user ID: 0x11, Synopsys ID: 0x37
[   62.802351] socfpga-dwmac ff804000.ethernet: Ring mode enabled
[   62.810900] socfpga-dwmac ff804000.ethernet: DMA HW capability register supported
[   62.819062] socfpga-dwmac ff804000.ethernet: Enhanced/Alternate descriptors
[   62.826706] socfpga-dwmac ff804000.ethernet: Enabled extended descriptors
[   62.834465] socfpga-dwmac ff804000.ethernet: RX Checksum Offload Engine supported
[   62.842031] socfpga-dwmac ff804000.ethernet: COE Type 2
[   62.847560] socfpga-dwmac ff804000.ethernet: TX Checksum insertion supported
[   62.854635] socfpga-dwmac ff804000.ethernet: Enable RX Mitigation via HW Watchdog Timer
[   62.875635] f9030000.serial2: ttyS2 at MMIO 0xf9030000 (irq = 119, base_baud = 3276800) is a Altera 16550 FIFO128
[   62.889768] f9030200.serial3: ttyS3 at MMIO 0xf9030200 (irq = 119, base_baud = 3276800) is a Altera 16550 FIFO128
[   62.906134] f9030400.serial4: ttyS4 at MMIO 0xf9030400 (irq = 119, base_baud = 3276800) is a Altera 16550 FIFO128
[   62.919569] f9030600.serial5: ttyS5 at MMIO 0xf9030600 (irq = 119, base_baud = 3276800) is a Altera 16550 FIFO128
[   62.932845] f9030800.serial6: ttyS6 at MMIO 0xf9030800 (irq = 119, base_baud = 3276800) is a Altera 16550 FIFO128
[   62.945966] f9030a00.serial7: ttyS7 at MMIO 0xf9030a00 (irq = 119, base_baud = 3276800) is a Altera 16550 FIFO128
[   62.957738] f9030c00.serial8: ttyS8 at MMIO 0xf9030c00 (irq = 119, base_baud = 3276800) is a Altera 16550 FIFO128
[   62.971027] f9030e00.serial9: ttyS9 at MMIO 0xf9030e00 (irq = 119, base_baud = 3276800) is a Altera 16550 FIFO128
[   63.324577] Not support switch PN:0xcd32!
[   63.328835] Marvell 88E1510 stmmac-0:01: attached PHY driver [Marvell 88E1510] (mii_bus:phy_addr=stmmac-0:01, irq=-1)
[   63.343183] socfpga-dwmac ff800000.ethernet eth0: IEEE 1588-2008 Advanced Timestamp supported
[   63.352138] socfpga-dwmac ff800000.ethernet eth0: registered PTP clock
[   63.359345] IPv6: ADDRCONF(NETDEV_UP): eth0: link is not ready
[   63.365625] IPv6: ADDRCONF(NETDEV_UP): eth0.257: link is not ready
[   63.372119] IPv6: ADDRCONF(NETDEV_UP): eth0.258: link is not ready
[   63.429849] Generic PHY fixed-0:00: attached PHY driver [Generic PHY] (mii_bus:phy_addr=fixed-0:00, irq=-1)
[   63.442739] socfpga-dwmac ff802000.ethernet eth1: IEEE 1588-2008 Advanced Timestamp supported
[   63.451696] socfpga-dwmac ff802000.ethernet eth1: registered PTP clock
[   63.458968] IPv6: ADDRCONF(NETDEV_UP): eth1: link is not ready
[   63.487787] Generic PHY fixed-0:01: attached PHY driver [Generic PHY] (mii_bus:phy_addr=fixed-0:01, irq=-1)
[   63.503108] socfpga-dwmac ff804000.ethernet eth2: IEEE 1588-2008 Advanced Timestamp supported
[   63.512193] socfpga-dwmac ff804000.ethernet eth2: registered PTP clock
[   63.519109] IPv6: ADDRCONF(NETDEV_UP): eth2: link is not ready
[   63.557514] br0: port 1(eth1) entered blocking state
[   63.565049] br0: port 1(eth1) entered disabled state
[   63.570421] device eth1 entered promiscuous mode
[   63.584785] br0: port 2(eth2) entered blocking state
[   63.589797] br0: port 2(eth2) entered disabled state
[   63.595097] device eth2 entered promiscuous mode
[   63.609972] br0: port 2(eth2) entered blocking state
[   63.614947] br0: port 2(eth2) entered forwarding state
[   63.620212] br0: port 1(eth1) entered blocking state
[   63.625176] br0: port 1(eth1) entered forwarding state
[   64.275996] br0: port 1(eth1) entered disabled state
[   64.281427] br0: port 2(eth2) entered disabled state
[   64.404716] socfpga-dwmac ff800000.ethernet eth0: Link is Up - 1Gbps/Full - flow control off
[   64.413235] IPv6: ADDRCONF(NETDEV_CHANGE): eth0: link becomes ready
[   64.420109] IPv6: ADDRCONF(NETDEV_CHANGE): eth0.257: link becomes ready
[   64.427075] IPv6: ADDRCONF(NETDEV_CHANGE): eth0.258: link becomes ready
[   64.467958] socfpga-dwmac ff802000.ethernet eth1: Link is Up - 1Gbps/Full - flow control off
[   64.476466] IPv6: ADDRCONF(NETDEV_CHANGE): eth1: link becomes ready
[   64.483124] br0: port 1(eth1) entered blocking state
[   64.488088] br0: port 1(eth1) entered forwarding state
[   64.531966] socfpga-dwmac ff804000.ethernet eth2: Link is Up - 1Gbps/Full - flow control off
[   64.540554] IPv6: ADDRCONF(NETDEV_CHANGE): eth2: link becomes ready
[   64.547055] br0: port 2(eth2) entered blocking state
[   64.552020] br0: port 2(eth2) entered forwarding state

2021-01-20 11:00:38,503:INFO:[   68.205242] ttyS1 - failed to request DMA

2021-01-20 11:02:01,511:INFO:[[0;32m  OK  [0m] Stopped target System Time Synchronized.
[[0;32m  OK  [0m] Stopped target Multi-User System.
                 Stopping rfsw service starter...
         Stopping Kernel Logging Service...
[[0;32m  OK  [0m] Reached target Libreset sync point for additional scripts.
[[0;32m  OK  [0m] Stopped target Timers.
[[0;32m  OK  [0m] Closed Load/Save RF Kill Switch Status /dev/rfkill Watch.
[[0;32m  OK  [0m] Removed slice system-sshd.slice.
[[0;32m  OK  [0m] Stopped target Host and Network Name Lookups.
         Stopping Network Name Resolution...
[[0;32m  OK  [0m] Stopped target Containers.
         Stopping Login Service...
         Stopping Network Time Service...
[[0;32m  OK  [0m] Stopped OpenSSH Key Generation.
[[0;32m  OK  [0m] Stopped Daily Cleanup of Temporary Directories.
         Stopping System Logging Service...
         Stopping TPM2 Access Broker and Resource Management Daemon...
[[0;32m  OK  [0m] Stopped Login Service.
[[0;32m  OK  [0m] Stopped Hardware RNG Entropy Gatherer Daemon.
[[0;32m  OK  [0m] Stopped Kernel Logging Service.
[[0;32m  OK  [0m] Stopped System Logging Service.
[[0;32m  OK  [0m] Stopped D-Bus System Message Bus.
[[0;32m  OK  [0m] Stopped TPM2 Access Broker and Resource Management Daemon.
[[0;32m  OK  [0m] Stopped Network Time Service.
[[0;32m  OK  [0m] Stopped Network Name Resolution.
[[0;32m  OK  [0m] Stopped Getty on tty1.
[[0;32m  OK  [0m] Stopped Serial Getty on ttyS0.
[[0;32m  OK  [0m] Removed slice system-serial\x2dgetty.slice.
[[0;32m  OK  [0m] Removed slice system-getty.slice.
[[0;32m  OK  [0m] Stopped /etc/rc.local Compatibility.
         Stopping Permit User Sessions...
[[0;32m  OK  [0m] Stopped Permit User Sessions.
[[0;32m  OK  [0m] Stopped target Remote File Systems.

2021-01-20 11:02:04,513:INFO:[  154.005983] watchdog: watchdog0: watchdog did not stop!

2021-01-20 11:02:07,514:INFO:[[0;1;31m*[0m[0;31m*    [0m] (1 of 2) A stop job is running for rfsw service starter (5s / 10s)[K[[0;32m  OK  [0m] Stopped rfsw service starter.
         Stopping made serial log capturer service...
[[0;32m  OK  [0m] Stopped coma.
         Stopping CCSDaemon...
[[0;32m  OK  [0m] Stopped made serial log capturer service.

2021-01-20 11:02:11,515:INFO:[[0;32m  OK  [0m] Stopped CCSDaemon.
[[0;32m  OK  [0m] Stopped BBTA service.
[[0;32m  OK  [0m] Stopped RFSW aeqb boot service.
         Stopping INETD daemon...
[[0;32m  OK  [0m] Stopped INETD daemon.
[[0;32m  OK  [0m] Stopped target Basic System.
[[0;32m  OK  [0m] Stopped target Slices.
[[0;32m  OK  [0m] Removed slice User and Session Slice.
[[0;32m  OK  [0m] Stopped target Paths.
[[0;32m  OK  [0m] Stopped Dispatch Password Requests to Console Directory Watch.
[[0;32m  OK  [0m] Stopped Forward Password Requests to Wall Directory Watch.
[[0;32m  OK  [0m] Stopped target Sockets.
[[0;32m  OK  [0m] Closed Syslog Socket.
[[0;32m  OK  [0m] Closed D-Bus System Message Bus Socket.
[[0;32m  OK  [0m] Closed sshd.socket.
[[0;32m  OK  [0m] Stopped target System Initialization.
[[0;32m  OK  [0m] Stopped Update is Completed.
[[0;32m  OK  [0m] Stopped Rebuild Dynamic Linker Cache.
         Stopping Update UTMP about System Boot/Shutdown...
         Stopping Load/Save Random Seed...
[[0;32m  OK  [0m] Stopped Rebuild Journal Catalog.
         Stopping Network Time Synchronization...
[[0;32m  OK  [0m] Stopped Rebuild Hardware Database.
[[0;32m  OK  [0m] Stopped target Network.
         Stopping Network Service...
[[0;32m  OK  [0m] Stopped Network Time Synchronization.
[[0;32m  OK  [0m] Stopped Load/Save Random Seed.
[[0;32m  OK  [0m] Stopped Update UTMP about System Boot/Shutdown.
[[0;32m  OK  [0m] Stopped Create Volatile Files and Directories.
[[0;32m  OK  [0m] Stopped target Local File Systems.
         Unmounting /var/tmp...
         Unmounting /mnt/factory...
         Unmounting /mnt/runtime...
[  159.011481] UBIFS (ubi2:0): un-mount UBI device 2
[  159.016402] UBIFS (ubi2:0): background thread "ubifs_bgt2_0" stops
         Unmounting /var/volatile...
[  159.027572] UBIFS (ubi3:0): un-mount UBI device 3
[  159.032305] UBIFS (ubi3:0): background thread "ubifs_bgt3_0" stops
         Unmounting /mnt/slot1_slave...
         Unmounting Temporary Directory (/tmp)...
         Unmounting /var/log...
[[0;32m  OK  [0m] Stopped Network Service.
[[0;32m  OK  [0m] Unmounted /var/tmp.
[[0;32m  OK  [0m] Unmounted /mnt/factory.
[[0;32m  OK  [0m] Unmounted /var/volatile.
[  159.149250] UBIFS (ubi1:1): un-mount UBI device 1
[[0;32m  OK  [0m] Unmounted Temporary Directory (/tmp).
[[0;1;31mFAILED[0m] Failed unmounting /var/log.
[[0;32m  OK  [0m] Unmounted /mnt/runtime.
[[0;32m  OK  [0m] Unmounted /mnt/slot1_slave.
[[0;32m  OK  [0m] Stopped target Swap.
[[0;32m  OK  [0m] Reached target Unmount All Filesystems.
[[0;32m  OK  [0m] Stopped target Local File Systems (Pre).
[[0;32m  OK  [0m] Stopped Create Static Device Nodes in /dev.
[[0;32m  OK  [0m] Stopped Apply Kernel Variables.
[[0;32m  OK  [0m] Stopped Load Kernel Modules.
[[0;32m  OK  [0m] Stopped Create System Users.
[[0;32m  OK  [0m] Stopped Remount Root and Kernel File Systems.
[[0;32m  OK  [0m] Reached target Shutdown.
[[0;32m  OK  [0m] Reached target Final Step.
         Starting Reboot...
[  159.400535] dw_wdt: +++ skip updating timeout to wdd.
[  159.405706] watchdog: watchdog0: watchdog did not stop!
[  159.414683] systemd-shutdow: 26 output lines suppressed due to ratelimiting
[  159.432563] systemd-shutdown[1]: Sending SIGTERM to remaining processes...
[  159.453282] systemd-journald[150]: Received SIGTERM from PID 1 (systemd-shutdow).
[  159.484630] systemd-shutdown[1]: Sending SIGKILL to remaining processes...
[  159.501570] systemd-shutdown[1]: Hardware watchdog 'Synopsys DesignWare Watchdog', version 0
[  159.512150] systemd-shutdown[1]: Unmounting file systems.
[  159.518201] systemd-shutdown[1]: Remounting '/var/log' read-only with options 'sync,block_validity,barrier,user_xattr,acl'.
[  159.529801] EXT4-fs (mtdblock19): Unrecognized mount option "sync" or missing value
[  159.537483] systemd-shutdown[1]: Unmounting /var/log.
[  159.602754] systemd-shutdown[1]: Remounting '/' read-only with options 'size=863728k,nr_inodes=215932'.
[  159.612452] systemd-shutdown[1]: Remounting '/' read-only with options 'size=863728k,nr_inodes=215932'.
[  159.621941] systemd-shutdown[1]: Remounting '/' read-only with options 'size=863728k,nr_inodes=215932'.
[  159.631503] systemd-shutdown[1]: All filesystems unmounted.
[  159.677966] reboot: Restarting system

U-Boot SPL 2017.09+gitAUTOINC+c0cfd0b4df-nokia-r153 (Dec 31 2020 - 06:53:42)
MPU         1200000 kHz
L3 main     400000 kHz
Main VCO    1200000 kHz
Per VCO     2000000 kHz
EOSC1       125000 kHz
HPS MMC     100 kHz
UART        100000 kHz
DDR: 2048 MiB
QSPI: Reference clock at 400000000 Hz
Stratix10 boot info:
	Last power-on reset triggered by SDM: false
	Last reset type: MPU0 triggered warm reset
	Debug reset triggered: false
	CS DAP reset triggered: false
Trying to boot from SPI
RSU current image:  0x03400000
RSU state:          0x00000000
RSU error location: 0x00000000
RSU error details:  0x00000000
RSU SSBL partition SSBL.PROD000001 at address 0x02200000.


U-Boot 2017.09+gitAUTOINC+c0cfd0b4df-nokia-r153 (Dec 31 2020 - 06:53:42 +0000)socfpga_stratix10_aeqb

CPU:   Intel FPGA SoCFPGA Platform
FPGA:  Intel FPGA Stratix 10
Model: Nokia AEQB
       Watchdog enabled
MTest: Memory test flags not setted
DRAM:  2 GiB
De-Assert EMAC0, EMAC1, EMAC2...OK
Stratix10 boot info:
	Last power-on reset triggered by SDM: false
	Last reset type: MPU0 triggered warm reset
	Debug reset triggered: false
	CS DAP reset triggered: false
	Clear reset status:0x0
MMC:   
Using default environment

In:    serial
Out:   serial
Err:   serial
Model: Nokia AEQB
Net:   
Warning: ethernet@ff800000 (eth0) using random MAC address - c2:57:45:4c:00:d8
eth0: ethernet@ff800000
Warm Reset, Not Reset the made
Configuring Marvell 88E1512 PHY ... OK
Configuring Ethernet Switch ... OK
SF: Detected mt25qu02g with page size 256 Bytes, erase size 64 KiB, total 256 MiB
Slot: selecting slot1
SPTs are GOOD!!!
CPBs are GOOD!!!
Autoboot in 3 seconds

2021-01-20 11:02:14,521:INFO:gpio: pin 0 (gpio 0) value is 1
SF: Detected mt25qu02g with page size 256 Bytes, erase size 64 KiB, total 256 MiB
ubi0: attaching mtd2
ubi0: scanning is finished
ubi0: attached mtd2 (name "mtd=0", size 256 MiB)
ubi0: PEB size: 65536 bytes (64 KiB), LEB size: 65408 bytes
ubi0: min./max. I/O unit sizes: 1/256, sub-page size 1
ubi0: VID header offset: 64 (aligned 64), data offset: 128
ubi0: good PEBs: 4096, bad PEBs: 0, corrupted PEBs: 0
ubi0: user volume: 2, internal volumes: 1, max. volumes count: 128
ubi0: max/mean erase counter: 7/5, WL threshold: 4096, image sequence number: 2575912687
ubi0: available PEBs: 504, total reserved PEBs: 3592, PEBs reserved for bad PEB handling: 0
Read 0 bytes from volume slot1_sw to 30000000
No size specified -> Using max size (66799200)

